// Jest Snapshot v1, https://goo.gl/fbAQLP

exports[`AssetOverview should render correctly 1`] = `
<ContextProvider
  value={
    {
      "store": {
        "clearActions": [Function],
        "dispatch": [Function],
        "getActions": [Function],
        "getState": [Function],
        "replaceReducer": [Function],
        "subscribe": [Function],
      },
      "subscription": Subscription {
        "handleChangeWrapper": [Function],
        "listeners": {
          "notify": [Function],
        },
        "onStateChange": [Function],
        "parentSub": undefined,
        "store": {
          "clearActions": [Function],
          "dispatch": [Function],
          "getActions": [Function],
          "getState": [Function],
          "replaceReducer": [Function],
          "subscribe": [Function],
        },
        "unsubscribe": null,
      },
    }
  }
>
  <AssetOverview
    asset={
      {
        "address": "0x0000000000000000000000000000000000000000",
        "balance": 4,
        "balanceError": false,
        "balanceFiat": 1500,
        "decimals": 18,
        "isETH": true,
        "logo": "https://upload.wikimedia.org/wikipedia/commons/0/05/Ethereum_logo_2014.svg",
        "name": "Ethereum",
        "symbol": "ETH",
      }
    }
    navigation={
      {
        "navigate": [MockFunction],
      }
    }
  />
</ContextProvider>
`;
