04-24 10:36:53.315 23305 23560 D Sentry  :                                              {
04-24 10:36:53.315 23305 23560 D Sentry  :                                                      "value": "withBadge",
04-24 10:36:53.315 23305 23560 D Sentry  :                                                      "key": "cardCARD338AbtestAttentionBadge"
04-24 10:36:53.315 23305 23560 D Sentry  :                                              }
04-24 10:36:53.315 23305 23560 D Sentry  :                                      ]
04-24 10:36:53.315 23305 23560 D Sentry  :                              }
04-24 10:36:53.315 23305 23560 D Sentry  :                      }
04-24 10:36:53.315 23305 23560 D Sentry  :              ]
04-24 10:36:53.315 23305 23560 D Sentry  :      },
04-24 10:36:53.315 23305 23560 D Sentry  :      "category": "console",
04-24 10:36:53.315 23305 23560 D Sentry  :      "origin": "react-native",
04-24 10:36:53.315 23305 23560 D Sentry  :      "level": "info"
04-24 10:36:53.315 23305 23560 D Sentry  : }
04-24 10:36:53.318 23305 23560 D Sentry  : Serializing object: {
04-24 10:36:53.318 23305 23560 D Sentry  :      "timestamp": "2026-04-24T08:36:53.315Z",
04-24 10:36:53.318 23305 23560 D Sentry  :      "message": "TRACK event saved [object Object]",
04-24 10:36:53.318 23305 23560 D Sentry  :      "data": {
04-24 10:36:53.318 23305 23560 D Sentry  :              "logger": "console",
04-24 10:36:53.318 23305 23560 D Sentry  :              "arguments": [
04-24 10:36:53.318 23305 23560 D Sentry  :                      "TRACK event saved",
04-24 10:36:53.318 23305 23560 D Sentry  :                      {
04-24 10:36:53.318 23305 23560 D Sentry  :                              "type": "track",
04-24 10:36:53.318 23305 23560 D Sentry  :                              "event": "Network Connection Banner Shown",
04-24 10:36:53.318 23305 23560 D Sentry  :                              "properties": {
04-24 10:36:53.318 23305 23560 D Sentry  :                                      "chain_id_caip": "eip155:59144",
04-24 10:36:53.318 23305 23560 D Sentry  :                                      "rpc_domain": "linea-mainnet.infura.io",
04-24 10:36:53.318 23305 23560 D Sentry  :                                      "banner_type": "unavailable",
04-24 10:36:53.318 23305 23560 D Sentry  :                                      "rpc_endpoint_url": "linea-mainnet.infura.io"
04-24 10:36:53.318 23305 23560 D Sentry  :                              }
04-24 10:36:53.318 23305 23560 D Sentry  :                      }
04-24 10:36:53.318 23305 23560 D Sentry  :              ]
04-24 10:36:53.318 23305 23560 D Sentry  :      },
04-24 10:36:53.318 23305 23560 D Sentry  :      "category": "console",
04-24 10:36:53.318 23305 23560 D Sentry  :      "origin": "react-native",
04-24 10:36:53.318 23305 23560 D Sentry  :      "level": "info"
04-24 10:36:53.318 23305 23560 D Sentry  : }
04-24 10:36:53.321 23305 23560 D Sentry  : Serializing object: {
04-24 10:36:53.321 23305 23560 D Sentry  :      "timestamp": "2026-04-24T08:36:53.317Z",
04-24 10:36:53.321 23305 23560 D Sentry  :      "message": "IDENTIFY event saved [object Object]",
04-24 10:36:53.321 23305 23560 D Sentry  :      "data": {
04-24 10:36:53.321 23305 23560 D Sentry  :              "logger": "console",
04-24 10:36:53.321 23305 23560 D Sentry  :              "arguments": [
04-24 10:36:53.321 23305 23560 D Sentry  :                      "IDENTIFY event saved",
04-24 10:36:53.321 23305 23560 D Sentry  :                      {
04-24 10:36:53.321 23305 23560 D Sentry  :                              "type": "identify",
04-24 10:36:53.321 23305 23560 D Sentry  :                              "userId": "631c583c-8766-4c7c-b1e8-db89274ad9c8",
04-24 10:36:53.321 23305 23560 D Sentry  :                              "traits": {
04-24 10:36:53.321 23305 23560 D Sentry  :                                      "number_of_hd_entropies": 1.0
04-24 10:36:53.321 23305 23560 D Sentry  :                              }
04-24 10:36:53.321 23305 23560 D Sentry  :                      }
04-24 10:36:53.321 23305 23560 D Sentry  :              ]
04-24 10:36:53.321 23305 23560 D Sentry  :      },
04-24 10:36:53.321 23305 23560 D Sentry  :      "category": "console",
04-24 10:36:53.321 23305 23560 D Sentry  :      "origin": "react-native",
04-24 10:36:53.321 23305 23560 D Sentry  :      "level": "info"
04-24 10:36:53.321 23305 23560 D Sentry  : }
04-24 10:36:53.323 23305 23560 D Sentry  : Serializing object: {
04-24 10:36:53.323 23305 23560 D Sentry  :      "timestamp": "2026-04-24T08:36:53.319Z",
04-24 10:36:53.323 23305 23560 D Sentry  :      "type": "http",
04-24 10:36:53.323 23305 23560 D Sentry  :      "data": {
04-24 10:36:53.323 23305 23560 D Sentry  :              "status_code": 200.0,
04-24 10:36:53.323 23305 23560 D Sentry  :              "method": "GET",
04-24 10:36:53.323 23305 23560 D Sentry  :              "url": "https:"
04-24 10:36:53.323 23305 23560 D Sentry  :      },
04-24 10:36:53.323 23305 23560 D Sentry  :      "category": "xhr",
04-24 10:36:53.323 23305 23560 D Sentry  :      "origin": "react-native",
04-24 10:36:53.323 23305 23560 D Sentry  :      "level": "info"
04-24 10:36:53.323 23305 23560 D Sentry  : }
04-24 10:36:53.325 23305 23560 D Sentry  : Serializing object: {
04-24 10:36:53.325 23305 23560 D Sentry  :      "timestamp": "2026-04-24T08:36:53.322Z",
04-24 10:36:53.325 23305 23560 D Sentry  :      "type": "http",
04-24 10:36:53.325 23305 23560 D Sentry  :      "data": {
04-24 10:36:53.325 23305 23560 D Sentry  :              "status_code": 200.0,
04-24 10:36:53.325 23305 23560 D Sentry  :              "method": "GET",
04-24 10:36:53.325 23305 23560 D Sentry  :              "url": "https:"
04-24 10:36:53.325 23305 23560 D Sentry  :      },
04-24 10:36:53.325 23305 23560 D Sentry  :      "category": "xhr",
04-24 10:36:53.325 23305 23560 D Sentry  :      "origin": "react-native",
04-24 10:36:53.325 23305 23560 D Sentry  :      "level": "info"
04-24 10:36:53.325 23305 23560 D Sentry  : }
04-24 10:36:53.326 23305 23511 W ReactNativeJS: You passed a server string as an argument to one of the react-native-keychain functions.
04-24 10:36:53.326 23305 23511 W ReactNativeJS:             This way of passing service is deprecated and will be removed in a future major.
04-24 10:36:53.326 23305 23511 W ReactNativeJS:             Please update your code to use { service: "VAULT_BACKUP_TEMP" }
04-24 10:36:53.327 23305 23560 D Sentry  : Serializing object: {
04-24 10:36:53.327 23305 23560 D Sentry  :      "timestamp": "2026-04-24T08:36:53.325Z",
04-24 10:36:53.327 23305 23560 D Sentry  :      "message": "You passed a server string as an argument to one of the react-native-keychain functions.\n            This way of passing service is deprecated and will be removed in a future major.\n            Please update your code to use { service: \"VAULT_BACKUP_TEMP\" }",
04-24 10:36:53.327 23305 23560 D Sentry  :      "data": {
04-24 10:36:53.327 23305 23560 D Sentry  :              "logger": "console",
04-24 10:36:53.327 23305 23560 D Sentry  :              "arguments": [
04-24 10:36:53.327 23305 23560 D Sentry  :                      "You passed a server string as an argument to one of the react-native-keychain functions.\n            This way of passing service is deprecated and will be removed in a future major.\n            Please update your code to use { service: \"VAULT_BACKUP_TEMP\" }"
04-24 10:36:53.327 23305 23560 D Sentry  :              ]
04-24 10:36:53.327 23305 23560 D Sentry  :      },
04-24 10:36:53.327 23305 23560 D Sentry  :      "category": "console",
04-24 10:36:53.327 23305 23560 D Sentry  :      "origin": "react-native",
04-24 10:36:53.327 23305 23560 D Sentry  :      "level": "warning"
04-24 10:36:53.327 23305 23560 D Sentry  : }
04-24 10:36:53.338 23305 23560 D Sentry  : Serializing object: {
04-24 10:36:53.338 23305 23560 D Sentry  :      "timestamp": "2026-04-24T08:36:53.337Z",
04-24 10:36:53.338 23305 23560 D Sentry  :      "type": "http",
04-24 10:36:53.338 23305 23560 D Sentry  :      "data": {
04-24 10:36:53.338 23305 23560 D Sentry  :              "status_code": 201.0,
04-24 10:36:53.338 23305 23560 D Sentry  :              "method": "POST",
04-24 10:36:53.338 23305 23560 D Sentry  :              "url": "https:"
04-24 10:36:53.338 23305 23560 D Sentry  :      },
04-24 10:36:53.338 23305 23560 D Sentry  :      "category": "xhr",
04-24 10:36:53.338 23305 23560 D Sentry  :      "origin": "react-native",
04-24 10:36:53.338 23305 23560 D Sentry  :      "level": "info"
04-24 10:36:53.338 23305 23560 D Sentry  : }
04-24 10:36:53.341 23305 23560 D Sentry  : Serializing object: {
04-24 10:36:53.341 23305 23560 D Sentry  :      "timestamp": "2026-04-24T08:36:53.339Z",
04-24 10:36:53.341 23305 23560 D Sentry  :      "type": "http",
04-24 10:36:53.341 23305 23560 D Sentry  :      "data": {
04-24 10:36:53.341 23305 23560 D Sentry  :              "status_code": 201.0,
04-24 10:36:53.341 23305 23560 D Sentry  :              "method": "POST",
04-24 10:36:53.341 23305 23560 D Sentry  :              "url": "https:"
04-24 10:36:53.341 23305 23560 D Sentry  :      },
04-24 10:36:53.341 23305 23560 D Sentry  :      "category": "xhr",
04-24 10:36:53.341 23305 23560 D Sentry  :      "origin": "react-native",
04-24 10:36:53.341 23305 23560 D Sentry  :      "level": "info"
04-24 10:36:53.341 23305 23560 D Sentry  : }
04-24 10:36:53.365 23305 23560 D Sentry  : Serializing object: {
04-24 10:36:53.365 23305 23560 D Sentry  :      "timestamp": "2026-04-24T08:36:53.364Z",
04-24 10:36:53.365 23305 23560 D Sentry  :      "type": "http",
04-24 10:36:53.365 23305 23560 D Sentry  :      "data": {
04-24 10:36:53.365 23305 23560 D Sentry  :              "status_code": 200.0,
04-24 10:36:53.365 23305 23560 D Sentry  :              "method": "GET",
04-24 10:36:53.365 23305 23560 D Sentry  :              "url": "https:"
04-24 10:36:53.365 23305 23560 D Sentry  :      },
04-24 10:36:53.365 23305 23560 D Sentry  :      "category": "xhr",
04-24 10:36:53.365 23305 23560 D Sentry  :      "origin": "react-native",
04-24 10:36:53.365 23305 23560 D Sentry  :      "level": "info"
04-24 10:36:53.365 23305 23560 D Sentry  : }
04-24 10:36:53.369 23305 23511 I ReactNativeJS: '[MetaMask DEBUG]:', 'ProfileMetricsController state persisted successfully'
04-24 10:36:53.370 23305 23511 I ReactNativeJS: '[MetaMask DEBUG]:', 'KeyringController state persisted successfully'
04-24 10:36:53.370 23305 23560 D Sentry  : Serializing object: {
04-24 10:36:53.370 23305 23560 D Sentry  :      "timestamp": "2026-04-24T08:36:53.369Z",
04-24 10:36:53.370 23305 23560 D Sentry  :      "message": "[MetaMask DEBUG]: ProfileMetricsController state persisted successfully",
04-24 10:36:53.370 23305 23560 D Sentry  :      "data": {
04-24 10:36:53.370 23305 23560 D Sentry  :              "logger": "console",
04-24 10:36:53.370 23305 23560 D Sentry  :              "arguments": [
04-24 10:36:53.370 23305 23560 D Sentry  :                      "[MetaMask DEBUG]:",
04-24 10:36:53.370 23305 23560 D Sentry  :                      "ProfileMetricsController state persisted successfully"
04-24 10:36:53.370 23305 23560 D Sentry  :              ]
04-24 10:36:53.370 23305 23560 D Sentry  :      },
04-24 10:36:53.370 23305 23560 D Sentry  :      "category": "console",
04-24 10:36:53.370 23305 23560 D Sentry  :      "origin": "react-native",
04-24 10:36:53.370 23305 23560 D Sentry  :      "level": "debug"
04-24 10:36:53.370 23305 23560 D Sentry  : }
04-24 10:36:53.370 23305 23511 I ReactNativeJS: '[MetaMask DEBUG]:', 'NotificationServicesController state persisted successfully'
04-24 10:36:53.373 23305 23560 D Sentry  : Serializing object: {
04-24 10:36:53.373 23305 23560 D Sentry  :      "timestamp": "2026-04-24T08:36:53.370Z",
04-24 10:36:53.373 23305 23560 D Sentry  :      "message": "[MetaMask DEBUG]: KeyringController state persisted successfully",
04-24 10:36:53.373 23305 23560 D Sentry  :      "data": {
04-24 10:36:53.373 23305 23560 D Sentry  :              "logger": "console",
04-24 10:36:53.373 23305 23560 D Sentry  :              "arguments": [
04-24 10:36:53.373 23305 23560 D Sentry  :                      "[MetaMask DEBUG]:",
04-24 10:36:53.373 23305 23560 D Sentry  :                      "KeyringController state persisted successfully"
04-24 10:36:53.373 23305 23560 D Sentry  :              ]
04-24 10:36:53.373 23305 23560 D Sentry  :      },
04-24 10:36:53.373 23305 23560 D Sentry  :      "category": "console",
04-24 10:36:53.373 23305 23560 D Sentry  :      "origin": "react-native",
04-24 10:36:53.373 23305 23560 D Sentry  :      "level": "debug"
04-24 10:36:53.373 23305 23560 D Sentry  : }
04-24 10:36:53.376 23305 23560 D Sentry  : Serializing object: {
04-24 10:36:53.376 23305 23560 D Sentry  :      "timestamp": "2026-04-24T08:36:53.371Z",
04-24 10:36:53.376 23305 23560 D Sentry  :      "message": "[MetaMask DEBUG]: NotificationServicesController state persisted successfully",
04-24 10:36:53.376 23305 23560 D Sentry  :      "data": {
04-24 10:36:53.376 23305 23560 D Sentry  :              "logger": "console",
04-24 10:36:53.376 23305 23560 D Sentry  :              "arguments": [
04-24 10:36:53.376 23305 23560 D Sentry  :                      "[MetaMask DEBUG]:",
04-24 10:36:53.376 23305 23560 D Sentry  :                      "NotificationServicesController state persisted successfully"
04-24 10:36:53.376 23305 23560 D Sentry  :              ]
04-24 10:36:53.376 23305 23560 D Sentry  :      },
04-24 10:36:53.376 23305 23560 D Sentry  :      "category": "console",
04-24 10:36:53.376 23305 23560 D Sentry  :      "origin": "react-native",
04-24 10:36:53.376 23305 23560 D Sentry  :      "level": "debug"
04-24 10:36:53.376 23305 23560 D Sentry  : }
04-24 10:36:53.377 23305 23511 I ReactNativeJS: 'TRACK event saved', { type: 'track',
04-24 10:36:53.377 23305 23511 I ReactNativeJS:   event: 'DeFi Stats',
04-24 10:36:53.377 23305 23511 I ReactNativeJS:   properties: { totalMarketValueUSD: 0, totalPositions: 0, breakdown: [] } }
04-24 10:36:53.380 23305 23560 D Sentry  : Serializing object: {
04-24 10:36:53.380 23305 23560 D Sentry  :      "timestamp": "2026-04-24T08:36:53.376Z",
04-24 10:36:53.380 23305 23560 D Sentry  :      "message": "TRACK event saved [object Object]",
04-24 10:36:53.380 23305 23560 D Sentry  :      "data": {
04-24 10:36:53.380 23305 23560 D Sentry  :              "logger": "console",
04-24 10:36:53.380 23305 23560 D Sentry  :              "arguments": [
04-24 10:36:53.380 23305 23560 D Sentry  :                      "TRACK event saved",
04-24 10:36:53.380 23305 23560 D Sentry  :                      {
04-24 10:36:53.380 23305 23560 D Sentry  :                              "type": "track",
04-24 10:36:53.380 23305 23560 D Sentry  :                              "event": "DeFi Stats",
04-24 10:36:53.380 23305 23560 D Sentry  :                              "properties": {
04-24 10:36:53.380 23305 23560 D Sentry  :                                      "totalPositions": 0.0,
04-24 10:36:53.380 23305 23560 D Sentry  :                                      "breakdown": [],
04-24 10:36:53.380 23305 23560 D Sentry  :                                      "totalMarketValueUSD": 0.0
04-24 10:36:53.380 23305 23560 D Sentry  :                              }
04-24 10:36:53.380 23305 23560 D Sentry  :                      }
04-24 10:36:53.380 23305 23560 D Sentry  :              ]
04-24 10:36:53.380 23305 23560 D Sentry  :      },
04-24 10:36:53.380 23305 23560 D Sentry  :      "category": "console",
04-24 10:36:53.380 23305 23560 D Sentry  :      "origin": "react-native",
04-24 10:36:53.380 23305 23560 D Sentry  :      "level": "info"
04-24 10:36:53.380 23305 23560 D Sentry  : }
04-24 10:36:53.385 23305 23560 D Sentry  : Serializing object: {
04-24 10:36:53.385 23305 23560 D Sentry  :      "timestamp": "2026-04-24T08:36:53.384Z",
04-24 10:36:53.385 23305 23560 D Sentry  :      "type": "http",
04-24 10:36:53.385 23305 23560 D Sentry  :      "data": {
04-24 10:36:53.385 23305 23560 D Sentry  :              "status_code": 200.0,
04-24 10:36:53.385 23305 23560 D Sentry  :              "method": "GET",
04-24 10:36:53.385 23305 23560 D Sentry  :              "url": "https:"
04-24 10:36:53.385 23305 23560 D Sentry  :      },
04-24 10:36:53.385 23305 23560 D Sentry  :      "category": "xhr",
04-24 10:36:53.385 23305 23560 D Sentry  :      "origin": "react-native",
04-24 10:36:53.385 23305 23560 D Sentry  :      "level": "info"
04-24 10:36:53.385 23305 23560 D Sentry  : }
04-24 10:36:53.391 23305 23511 W ReactNativeJS: You passed a server string as an argument to one of the react-native-keychain functions.
04-24 10:36:53.391 23305 23511 W ReactNativeJS:             This way of passing service is deprecated and will be removed in a future major.
04-24 10:36:53.391 23305 23511 W ReactNativeJS:             Please update your code to use { service: "VAULT_BACKUP_TEMP" }
04-24 10:36:53.393 23305 23560 D Sentry  : Serializing object: {
04-24 10:36:53.393 23305 23560 D Sentry  :      "timestamp": "2026-04-24T08:36:53.391Z",
04-24 10:36:53.393 23305 23560 D Sentry  :      "message": "You passed a server string as an argument to one of the react-native-keychain functions.\n            This way of passing service is deprecated and will be removed in a future major.\n            Please update your code to use { service: \"VAULT_BACKUP_TEMP\" }",
04-24 10:36:53.393 23305 23560 D Sentry  :      "data": {
04-24 10:36:53.393 23305 23560 D Sentry  :              "logger": "console",
04-24 10:36:53.393 23305 23560 D Sentry  :              "arguments": [
04-24 10:36:53.393 23305 23560 D Sentry  :                      "You passed a server string as an argument to one of the react-native-keychain functions.\n            This way of passing service is deprecated and will be removed in a future major.\n            Please update your code to use { service: \"VAULT_BACKUP_TEMP\" }"
04-24 10:36:53.393 23305 23560 D Sentry  :              ]
04-24 10:36:53.393 23305 23560 D Sentry  :      },
04-24 10:36:53.393 23305 23560 D Sentry  :      "category": "console",
04-24 10:36:53.393 23305 23560 D Sentry  :      "origin": "react-native",
04-24 10:36:53.393 23305 23560 D Sentry  :      "level": "warning"
04-24 10:36:53.393 23305 23560 D Sentry  : }
04-24 10:36:53.397 23305 23511 D ReactNativeJS: wait:: waitForKeyChainUnlocked[WalletConnectV2::init] unlocked: true
04-24 10:36:53.398 23305 23511 D ReactNativeJS: WalletConnectV2::init() chainId=1 currentRouteName=PredictModals
04-24 10:36:53.404 23305 23423 E RNKeychainManager: No entry found for service: com.metamask.CARD_BAANX_TOKENS
04-24 10:36:53.404 23305 23560 D Sentry  : Serializing object: {
04-24 10:36:53.404 23305 23560 D Sentry  :      "timestamp": "2026-04-24T08:36:53.401Z",
04-24 10:36:53.404 23305 23560 D Sentry  :      "message": "wait:: waitForKeyChainUnlocked[WalletConnectV2::init] unlocked: true",
04-24 10:36:53.404 23305 23560 D Sentry  :      "data": {
04-24 10:36:53.404 23305 23560 D Sentry  :              "logger": "console",
04-24 10:36:53.404 23305 23560 D Sentry  :              "arguments": [
04-24 10:36:53.404 23305 23560 D Sentry  :                      "wait:: waitForKeyChainUnlocked[WalletConnectV2::init] unlocked: true"
04-24 10:36:53.404 23305 23560 D Sentry  :              ]
04-24 10:36:53.404 23305 23560 D Sentry  :      },
04-24 10:36:53.404 23305 23560 D Sentry  :      "category": "console",
04-24 10:36:53.404 23305 23560 D Sentry  :      "origin": "react-native",
04-24 10:36:53.404 23305 23560 D Sentry  :      "level": "debug"
04-24 10:36:53.404 23305 23560 D Sentry  : }
04-24 10:36:53.408 23305 23560 D Sentry  : Serializing object: {
04-24 10:36:53.408 23305 23560 D Sentry  :      "timestamp": "2026-04-24T08:36:53.402Z",
04-24 10:36:53.408 23305 23560 D Sentry  :      "message": "WalletConnectV2::init() chainId=1 currentRouteName=PredictModals",
04-24 10:36:53.408 23305 23560 D Sentry  :      "data": {
04-24 10:36:53.408 23305 23560 D Sentry  :              "logger": "console",
04-24 10:36:53.408 23305 23560 D Sentry  :              "arguments": [
04-24 10:36:53.408 23305 23560 D Sentry  :                      "WalletConnectV2::init() chainId=1 currentRouteName=PredictModals"
04-24 10:36:53.408 23305 23560 D Sentry  :              ]
04-24 10:36:53.408 23305 23560 D Sentry  :      },
04-24 10:36:53.408 23305 23560 D Sentry  :      "category": "console",
04-24 10:36:53.408 23305 23560 D Sentry  :      "origin": "react-native",
04-24 10:36:53.408 23305 23560 D Sentry  :      "level": "debug"
04-24 10:36:53.408 23305 23560 D Sentry  : }
04-24 10:36:53.410 23305 23560 D Sentry  : Serializing object: {
04-24 10:36:53.410 23305 23560 D Sentry  :      "timestamp": "2026-04-24T08:36:53.404Z",
04-24 10:36:53.410 23305 23560 D Sentry  :      "message": "No entry found for service: com.metamask.CARD_BAANX_TOKENS",
04-24 10:36:53.410 23305 23560 D Sentry  :      "data": {
04-24 10:36:53.410 23305 23560 D Sentry  :              "tag": "RNKeychainManager"
04-24 10:36:53.410 23305 23560 D Sentry  :      },
04-24 10:36:53.410 23305 23560 D Sentry  :      "category": "Logcat",
04-24 10:36:53.410 23305 23560 D Sentry  :      "level": "error"
04-24 10:36:53.410 23305 23560 D Sentry  : }
04-24 10:36:53.727 23305 23511 I scudo   : Can't populate more pages for size class 4624.
04-24 10:36:53.817 23305 23511 D ReactNativeJS: SDKConnect::init() - waited 1000ms - keep initializing
04-24 10:36:53.817 23305 23511 D ReactNativeJS: SDKConnect::init() - connections length=0 approvedHosts length=0
04-24 10:36:53.818 23305 23511 D ReactNativeJS: 'SDKConnect::init() - valid connections length=0', {}
04-24 10:36:53.819 23305 23560 D Sentry  : Serializing object: {
04-24 10:36:53.819 23305 23560 D Sentry  :      "timestamp": "2026-04-24T08:36:53.817Z",
04-24 10:36:53.819 23305 23560 D Sentry  :      "message": "SDKConnect::init() - waited 1000ms - keep initializing",
04-24 10:36:53.819 23305 23560 D Sentry  :      "data": {
04-24 10:36:53.819 23305 23560 D Sentry  :              "logger": "console",
04-24 10:36:53.819 23305 23560 D Sentry  :              "arguments": [
04-24 10:36:53.819 23305 23560 D Sentry  :                      "SDKConnect::init() - waited 1000ms - keep initializing"
04-24 10:36:53.819 23305 23560 D Sentry  :              ]
04-24 10:36:53.819 23305 23560 D Sentry  :      },
04-24 10:36:53.819 23305 23560 D Sentry  :      "category": "console",
04-24 10:36:53.819 23305 23560 D Sentry  :      "origin": "react-native",
04-24 10:36:53.819 23305 23560 D Sentry  :      "level": "debug"
04-24 10:36:53.819 23305 23560 D Sentry  : }
04-24 10:36:53.823 23305 23560 D Sentry  : Serializing object: {
04-24 10:36:53.823 23305 23560 D Sentry  :      "timestamp": "2026-04-24T08:36:53.817Z",
04-24 10:36:53.823 23305 23560 D Sentry  :      "message": "SDKConnect::init() - connections length=0 approvedHosts length=0",
04-24 10:36:53.823 23305 23560 D Sentry  :      "data": {
04-24 10:36:53.823 23305 23560 D Sentry  :              "logger": "console",
04-24 10:36:53.823 23305 23560 D Sentry  :              "arguments": [
04-24 10:36:53.823 23305 23560 D Sentry  :                      "SDKConnect::init() - connections length=0 approvedHosts length=0"
04-24 10:36:53.823 23305 23560 D Sentry  :              ]
04-24 10:36:53.823 23305 23560 D Sentry  :      },
04-24 10:36:53.823 23305 23560 D Sentry  :      "category": "console",
04-24 10:36:53.823 23305 23560 D Sentry  :      "origin": "react-native",
04-24 10:36:53.823 23305 23560 D Sentry  :      "level": "debug"
04-24 10:36:53.823 23305 23560 D Sentry  : }
04-24 10:36:53.826 23305 23560 D Sentry  : Serializing object: {
04-24 10:36:53.826 23305 23560 D Sentry  :      "timestamp": "2026-04-24T08:36:53.818Z",
04-24 10:36:53.826 23305 23560 D Sentry  :      "message": "SDKConnect::init() - valid connections length=0 [object Object]",
04-24 10:36:53.826 23305 23560 D Sentry  :      "data": {
04-24 10:36:53.826 23305 23560 D Sentry  :              "logger": "console",
04-24 10:36:53.826 23305 23560 D Sentry  :              "arguments": [
04-24 10:36:53.826 23305 23560 D Sentry  :                      "SDKConnect::init() - valid connections length=0",
04-24 10:36:53.826 23305 23560 D Sentry  :                      {}
04-24 10:36:53.826 23305 23560 D Sentry  :              ]
04-24 10:36:53.826 23305 23560 D Sentry  :      },
04-24 10:36:53.826 23305 23560 D Sentry  :      "category": "console",
04-24 10:36:53.826 23305 23560 D Sentry  :      "origin": "react-native",
04-24 10:36:53.826 23305 23560 D Sentry  :      "level": "debug"
04-24 10:36:53.826 23305 23560 D Sentry  : }
04-24 10:36:53.859 23305 23511 D ReactNativeJS: SDKConnect::init() - done
04-24 10:36:53.860 23305 23560 D Sentry  : Serializing object: {
04-24 10:36:53.860 23305 23560 D Sentry  :      "timestamp": "2026-04-24T08:36:53.858Z",
04-24 10:36:53.860 23305 23560 D Sentry  :      "message": "SDKConnect::init() - done",
04-24 10:36:53.860 23305 23560 D Sentry  :      "data": {
04-24 10:36:53.860 23305 23560 D Sentry  :              "logger": "console",
04-24 10:36:53.860 23305 23560 D Sentry  :              "arguments": [
04-24 10:36:53.860 23305 23560 D Sentry  :                      "SDKConnect::init() - done"
04-24 10:36:53.860 23305 23560 D Sentry  :              ]
04-24 10:36:53.860 23305 23560 D Sentry  :      },
04-24 10:36:53.860 23305 23560 D Sentry  :      "category": "console",
04-24 10:36:53.860 23305 23560 D Sentry  :      "origin": "react-native",
04-24 10:36:53.860 23305 23560 D Sentry  :      "level": "debug"
04-24 10:36:53.860 23305 23560 D Sentry  : }
04-24 10:36:53.916 23305 23305 W unknown:WrappingUtils: Don't know how to round that drawable: com.facebook.react.views.image.ReactImageDownloadListener$EmptyDrawable@1afc9a6
04-24 10:36:54.093 23305 23511 D ReactNativeJS: 'PerpsStreamProvider: Using stream manager:', { isTestManager: false,
04-24 10:36:54.093 23305 23511 D ReactNativeJS: isE2EMockManager: false,
04-24 10:36:54.093 23305 23511 D ReactNativeJS: isRealManager: true }
04-24 10:36:54.094 23305 23560 D Sentry : Serializing object: {
04-24 10:36:54.094 23305 23560 D Sentry : "timestamp": "2026-04-24T08:36:54.093Z",
04-24 10:36:54.094 23305 23560 D Sentry : "message": "PerpsStreamProvider: Using stream manager: [object Object]",
04-24 10:36:54.094 23305 23560 D Sentry : "data": {
04-24 10:36:54.094 23305 23560 D Sentry : "logger": "console",
04-24 10:36:54.094 23305 23560 D Sentry : "arguments": [
04-24 10:36:54.094 23305 23560 D Sentry : "PerpsStreamProvider: Using stream manager:",
04-24 10:36:54.094 23305 23560 D Sentry : {
04-24 10:36:54.094 23305 23560 D Sentry : "isE2EMockManager": false,
04-24 10:36:54.094 23305 23560 D Sentry : "isRealManager": true,
04-24 10:36:54.094 23305 23560 D Sentry : "isTestManager": false
04-24 10:36:54.094 23305 23560 D Sentry : }
04-24 10:36:54.094 23305 23560 D Sentry : ]
04-24 10:36:54.094 23305 23560 D Sentry : },
04-24 10:36:54.094 23305 23560 D Sentry : "category": "console",
04-24 10:36:54.094 23305 23560 D Sentry : "origin": "react-native",
04-24 10:36:54.094 23305 23560 D Sentry : "level": "debug"
04-24 10:36:54.094 23305 23560 D Sentry : }
04-24 10:36:54.196 23305 23511 D ReactNativeJS: SDKConnect::postInit() - check keychain unlocked=true
04-24 10:36:54.196 23305 23511 D ReactNativeJS: wait:: waitForKeyChainUnlocked[init] unlocked: true
04-24 10:36:54.198 23305 23511 D ReactNativeJS: SDKConnect::postInit() - currentRouteName=PredictGTMModal
04-24 10:36:54.199 23305 23560 D Sentry : Serializing object: {
04-24 10:36:54.199 23305 23560 D Sentry : "timestamp": "2026-04-24T08:36:54.196Z",
04-24 10:36:54.199 23305 23560 D Sentry : "message": "SDKConnect::postInit() - check keychain unlocked=true",
04-24 10:36:54.199 23305 23560 D Sentry : "data": {
04-24 10:36:54.199 23305 23560 D Sentry : "logger": "console",
04-24 10:36:54.199 23305 23560 D Sentry : "arguments": [
04-24 10:36:54.199 23305 23560 D Sentry : "SDKConnect::postInit() - check keychain unlocked=true"
04-24 10:36:54.199 23305 23560 D Sentry : ]
04-24 10:36:54.199 23305 23560 D Sentry : },
04-24 10:36:54.199 23305 23560 D Sentry : "category": "console",
04-24 10:36:54.199 23305 23560 D Sentry : "origin": "react-native",
04-24 10:36:54.199 23305 23560 D Sentry : "level": "debug"
04-24 10:36:54.199 23305 23560 D Sentry : }
04-24 10:36:54.199 23305 23511 D ReactNativeJS: SDKConnect::postInit() - currentRouteName=PredictGTMModal - start reconnectAll
04-24 10:36:54.199 23305 23511 D ReactNativeJS: SDKConnect::postInit() - keychain unlocked -- wait for reconnectAll
04-24 10:36:54.203 23305 23511 D ReactNativeJS: SDKConnect::reconnectAll paused=false reconnected=false
04-24 10:36:54.203 23305 23511 D ReactNativeJS: SDKConnect::reconnectAll - channelIds=0 - done
04-24 10:36:54.203 23305 23511 D ReactNativeJS: SDKConnect::postInit() - done
04-24 10:36:54.203 23305 23560 D Sentry : Serializing object: {
04-24 10:36:54.203 23305 23560 D Sentry : "timestamp": "2026-04-24T08:36:54.198Z",
04-24 10:36:54.203 23305 23560 D Sentry : "message": "wait:: waitForKeyChainUnlocked[init] unlocked: true",
04-24 10:36:54.203 23305 23560 D Sentry : "data": {
04-24 10:36:54.203 23305 23560 D Sentry : "logger": "console",
04-24 10:36:54.203 23305 23560 D Sentry : "arguments": [
04-24 10:36:54.203 23305 23560 D Sentry : "wait:: waitForKeyChainUnlocked[init] unlocked: true"
04-24 10:36:54.203 23305 23560 D Sentry : ]
04-24 10:36:54.203 23305 23560 D Sentry : },
04-24 10:36:54.203 23305 23560 D Sentry : "category": "console",
04-24 10:36:54.203 23305 23560 D Sentry : "origin": "react-native",
04-24 10:36:54.203 23305 23560 D Sentry : "level": "debug"
04-24 10:36:54.203 23305 23560 D Sentry : }
04-24 10:36:54.205 23305 23511 I ReactNativeJS: 'TRACK event saved', { type: 'track',
04-24 10:36:54.205 23305 23511 I ReactNativeJS: event: 'Home Viewed',
04-24 10:36:54.205 23305 23511 I ReactNativeJS: properties:
04-24 10:36:54.205 23305 23511 I ReactNativeJS: { interaction_type: 'session_summary',
04-24 10:36:54.205 23305 23511 I ReactNativeJS: location: 'home',
04-24 10:36:54.205 23305 23511 I ReactNativeJS: total_sections_viewed: 0,
04-24 10:36:54.205 23305 23511 I ReactNativeJS: total_sections_loaded: 7,
04-24 10:36:54.205 23305 23511 I ReactNativeJS: entry_point: 'app_opened',
04-24 10:36:54.205 23305 23511 I ReactNativeJS: session_time: 1,
04-24 10:36:54.205 23305 23511 I ReactNativeJS: app_session_id: 'c5c3ebf5-9e67-45ef-995d-b4ee69698421',
04-24 10:36:54.205 23305 23511 I ReactNativeJS: visit_number: 1,
04-24 10:36:54.205 23305 23511 I ReactNativeJS: max_scroll_depth_visit: -1,
04-24 10:36:54.205 23305 23511 I ReactNativeJS: active_ab_tests:
04-24 10:36:54.205 23305 23511 I ReactNativeJS: [ { key: 'coreMCU589AbtestHubPageDiscoveryTabs',
04-24 10:36:54.205 23305 23511 I ReactNativeJS: value: 'treatment' } ] } }
04-24 10:36:54.207 23305 23560 D Sentry : Serializing object: {
04-24 10:36:54.207 23305 23560 D Sentry : "timestamp": "2026-04-24T08:36:54.200Z",
04-24 10:36:54.207 23305 23560 D Sentry : "message": "SDKConnect::postInit() - currentRouteName=PredictGTMModal",
04-24 10:36:54.207 23305 23560 D Sentry : "data": {
04-24 10:36:54.207 23305 23560 D Sentry : "logger": "console",
04-24 10:36:54.207 23305 23560 D Sentry : "arguments": [
04-24 10:36:54.207 23305 23560 D Sentry : "SDKConnect::postInit() - currentRouteName=PredictGTMModal"
04-24 10:36:54.207 23305 23560 D Sentry : ]
04-24 10:36:54.207 23305 23560 D Sentry : },
04-24 10:36:54.207 23305 23560 D Sentry : "category": "console",
04-24 10:36:54.207 23305 23560 D Sentry : "origin": "react-native",
04-24 10:36:54.207 23305 23560 D Sentry : "level": "debug"
04-24 10:36:54.207 23305 23560 D Sentry : }
04-24 10:36:54.210 23305 23560 D Sentry : Serializing object: {
04-24 10:36:54.210 23305 23560 D Sentry : "timestamp": "2026-04-24T08:36:54.202Z",
04-24 10:36:54.210 23305 23560 D Sentry : "message": "SDKConnect::postInit() - currentRouteName=PredictGTMModal - start reconnectAll",
04-24 10:36:54.210 23305 23560 D Sentry : "data": {
04-24 10:36:54.210 23305 23560 D Sentry : "logger": "console",
04-24 10:36:54.210 23305 23560 D Sentry : "arguments": [
04-24 10:36:54.210 23305 23560 D Sentry : "SDKConnect::postInit() - currentRouteName=PredictGTMModal - start reconnectAll"
04-24 10:36:54.210 23305 23560 D Sentry : ]
04-24 10:36:54.210 23305 23560 D Sentry : },
04-24 10:36:54.210 23305 23560 D Sentry : "category": "console",
04-24 10:36:54.210 23305 23560 D Sentry : "origin": "react-native",
04-24 10:36:54.210 23305 23560 D Sentry : "level": "debug"
04-24 10:36:54.210 23305 23560 D Sentry : }
04-24 10:36:54.212 23305 23560 D Sentry : Serializing object: {
04-24 10:36:54.212 23305 23560 D Sentry : "timestamp": "2026-04-24T08:36:54.204Z",
04-24 10:36:54.212 23305 23560 D Sentry : "message": "SDKConnect::postInit() - keychain unlocked -- wait for reconnectAll",
04-24 10:36:54.212 23305 23560 D Sentry : "data": {
04-24 10:36:54.212 23305 23560 D Sentry : "logger": "console",
04-24 10:36:54.212 23305 23560 D Sentry : "arguments": [
04-24 10:36:54.212 23305 23560 D Sentry : "SDKConnect::postInit() - keychain unlocked -- wait for reconnectAll"
04-24 10:36:54.212 23305 23560 D Sentry : ]
04-24 10:36:54.212 23305 23560 D Sentry : },
04-24 10:36:54.212 23305 23560 D Sentry : "category": "console",
04-24 10:36:54.212 23305 23560 D Sentry : "origin": "react-native",
04-24 10:36:54.212 23305 23560 D Sentry : "level": "debug"
04-24 10:36:54.212 23305 23560 D Sentry : }
04-24 10:36:54.215 23305 23560 D Sentry : Serializing object: {
04-24 10:36:54.215 23305 23560 D Sentry : "timestamp": "2026-04-24T08:36:54.206Z",
04-24 10:36:54.215 23305 23560 D Sentry : "message": "SDKConnect::reconnectAll paused=false reconnected=false",
04-24 10:36:54.215 23305 23560 D Sentry : "data": {
04-24 10:36:54.215 23305 23560 D Sentry : "logger": "console",
04-24 10:36:54.215 23305 23560 D Sentry : "arguments": [
04-24 10:36:54.215 23305 23560 D Sentry : "SDKConnect::reconnectAll paused=false reconnected=false"
04-24 10:36:54.215 23305 23560 D Sentry : ]
04-24 10:36:54.215 23305 23560 D Sentry : },
04-24 10:36:54.215 23305 23560 D Sentry : "category": "console",
04-24 10:36:54.215 23305 23560 D Sentry : "origin": "react-native",
04-24 10:36:54.215 23305 23560 D Sentry : "level": "debug"
04-24 10:36:54.215 23305 23560 D Sentry : }
04-24 10:36:54.217 23305 23560 D Sentry : Serializing object: {
04-24 10:36:54.217 23305 23560 D Sentry : "timestamp": "2026-04-24T08:36:54.208Z",
04-24 10:36:54.217 23305 23560 D Sentry : "message": "SDKConnect::reconnectAll - channelIds=0 - done",
04-24 10:36:54.217 23305 23560 D Sentry : "data": {
04-24 10:36:54.217 23305 23560 D Sentry : "logger": "console",
04-24 10:36:54.217 23305 23560 D Sentry : "arguments": [
04-24 10:36:54.217 23305 23560 D Sentry : "SDKConnect::reconnectAll - channelIds=0 - done"
04-24 10:36:54.217 23305 23560 D Sentry : ]
04-24 10:36:54.217 23305 23560 D Sentry : },
04-24 10:36:54.217 23305 23560 D Sentry : "category": "console",
04-24 10:36:54.217 23305 23560 D Sentry : "origin": "react-native",
04-24 10:36:54.217 23305 23560 D Sentry : "level": "debug"
04-24 10:36:54.217 23305 23560 D Sentry : }
04-24 10:36:54.219 23305 23560 D Sentry : Serializing object: {
04-24 10:36:54.219 23305 23560 D Sentry : "timestamp": "2026-04-24T08:36:54.210Z",
04-24 10:36:54.219 23305 23560 D Sentry : "message": "SDKConnect::postInit() - done",
04-24 10:36:54.219 23305 23560 D Sentry : "data": {
04-24 10:36:54.219 23305 23560 D Sentry : "logger": "console",
04-24 10:36:54.219 23305 23560 D Sentry : "arguments": [
04-24 10:36:54.219 23305 23560 D Sentry : "SDKConnect::postInit() - done"
04-24 10:36:54.219 23305 23560 D Sentry : ]
04-24 10:36:54.219 23305 23560 D Sentry : },
04-24 10:36:54.219 23305 23560 D Sentry : "category": "console",
04-24 10:36:54.219 23305 23560 D Sentry : "origin": "react-native",
04-24 10:36:54.219 23305 23560 D Sentry : "level": "debug"
04-24 10:36:54.219 23305 23560 D Sentry : }
04-24 10:36:54.221 23305 23560 D Sentry : Serializing object: {
04-24 10:36:54.221 23305 23560 D Sentry : "timestamp": "2026-04-24T08:36:54.212Z",
04-24 10:36:54.221 23305 23560 D Sentry : "message": "TRACK event saved [object Object]",
04-24 10:36:54.221 23305 23560 D Sentry : "data": {
04-24 10:36:54.221 23305 23560 D Sentry : "logger": "console",
04-24 10:36:54.221 23305 23560 D Sentry : "arguments": [
04-24 10:36:54.221 23305 23560 D Sentry : "TRACK event saved",
04-24 10:36:54.221 23305 23560 D Sentry : {
04-24 10:36:54.221 23305 23560 D Sentry : "type": "track",
04-24 10:36:54.221 23305 23560 D Sentry : "event": "Home Viewed",
04-24 10:36:54.221 23305 23560 D Sentry : "properties": {
04-24 10:36:54.221 23305 23560 D Sentry : "app_session_id": "c5c3ebf5-9e67-45ef-995d-b4ee69698421",
04-24 10:36:54.221 23305 23560 D Sentry : "max_scroll_depth_visit": -1.0,
04-24 10:36:54.221 23305 23560 D Sentry : "interaction_type": "session_summary",
04-24 10:36:54.221 23305 23560 D Sentry : "location": "home",
04-24 10:36:54.221 23305 23560 D Sentry : "active_ab_tests": [
04-24 10:36:54.221 23305 23560 D Sentry : {
04-24 10:36:54.221 23305 23560 D Sentry : "value": "treatment",
04-24 10:36:54.221 23305 23560 D Sentry : "key": "coreMCU589AbtestHubPageDiscoveryTabs"
04-24 10:36:54.221 23305 23560 D Sentry : }
04-24 10:36:54.221 23305 23560 D Sentry : ],
04-24 10:36:54.221 23305 23560 D Sentry : "visit_number": 1.0,
04-24 10:36:54.221 23305 23560 D Sentry : "total_sections_loaded": 7.0,
04-24 10:36:54.221 23305 23560 D Sentry : "entry_point": "app_opened",
04-24 10:36:54.221 23305 23560 D Sentry : "session_time": 1.0,
04-24 10:36:54.221 23305 23560 D Sentry : "total_sections_viewed": 0.0
04-24 10:36:54.221 23305 23560 D Sentry : }
04-24 10:36:54.221 23305 23560 D Sentry : }
04-24 10:36:54.221 23305 23560 D Sentry : ]
04-24 10:36:54.221 23305 23560 D Sentry : },
04-24 10:36:54.221 23305 23560 D Sentry : "category": "console",
04-24 10:36:54.221 23305 23560 D Sentry : "origin": "react-native",
04-24 10:36:54.221 23305 23560 D Sentry : "level": "info"
04-24 10:36:54.221 23305 23560 D Sentry : }
04-24 10:36:54.233 23305 23305 I ReactNative: [GESTURE HANDLER] Gesture handler is already enabled for a parent view
04-24 10:36:54.469 23305 23511 D ReactNativeJS: 'PerpsStreamProvider: Using stream manager:', { isTestManager: false,
04-24 10:36:54.469 23305 23511 D ReactNativeJS: isE2EMockManager: false,
04-24 10:36:54.469 23305 23511 D ReactNativeJS: isRealManager: true }
04-24 10:36:54.470 23305 23560 D Sentry : Serializing object: {
04-24 10:36:54.470 23305 23560 D Sentry : "timestamp": "2026-04-24T08:36:54.469Z",
04-24 10:36:54.470 23305 23560 D Sentry : "message": "PerpsStreamProvider: Using stream manager: [object Object]",
04-24 10:36:54.470 23305 23560 D Sentry : "data": {
04-24 10:36:54.470 23305 23560 D Sentry : "logger": "console",
04-24 10:36:54.470 23305 23560 D Sentry : "arguments": [
04-24 10:36:54.470 23305 23560 D Sentry : "PerpsStreamProvider: Using stream manager:",
04-24 10:36:54.470 23305 23560 D Sentry : {
04-24 10:36:54.470 23305 23560 D Sentry : "isE2EMockManager": false,
04-24 10:36:54.470 23305 23560 D Sentry : "isRealManager": true,
04-24 10:36:54.470 23305 23560 D Sentry : "isTestManager": false
04-24 10:36:54.470 23305 23560 D Sentry : }
04-24 10:36:54.470 23305 23560 D Sentry : ]
04-24 10:36:54.470 23305 23560 D Sentry : },
04-24 10:36:54.470 23305 23560 D Sentry : "category": "console",
04-24 10:36:54.470 23305 23560 D Sentry : "origin": "react-native",
04-24 10:36:54.470 23305 23560 D Sentry : "level": "debug"
04-24 10:36:54.470 23305 23560 D Sentry : }
04-24 10:36:54.669 23305 23511 I ReactNativeJS: 'TRACK event saved', { type: 'track',
04-24 10:36:54.669 23305 23511 I ReactNativeJS: event: 'Home Viewed',
04-24 10:36:54.669 23305 23511 I ReactNativeJS: properties:
04-24 10:36:54.669 23305 23511 I ReactNativeJS: { interaction_type: 'section_viewed',
04-24 10:36:54.669 23305 23511 I ReactNativeJS: location: 'home',
04-24 10:36:54.669 23305 23511 I ReactNativeJS: section_name: 'cash',
04-24 10:36:54.669 23305 23511 I ReactNativeJS: section_index: 0,
04-24 10:36:54.669 23305 23511 I ReactNativeJS: total_sections_loaded: 7,
04-24 10:36:54.669 23305 23511 I ReactNativeJS: is_empty: true,
04-24 10:36:54.669 23305 23511 I ReactNativeJS: item_count: 0,
04-24 10:36:54.669 23305 23511 I ReactNativeJS: entry_point: 'app_opened',
04-24 10:36:54.669 23305 23511 I ReactNativeJS: app_session_id: 'c5c3ebf5-9e67-45ef-995d-b4ee69698421',
04-24 10:36:54.669 23305 23511 I ReactNativeJS: visit_number: 1,
04-24 10:36:54.669 23305 23511 I ReactNativeJS: active_ab_tests:
04-24 10:36:54.669 23305 23511 I ReactNativeJS: [ { key: 'coreMCU589AbtestHubPageDiscoveryTabs',
04-24 10:36:54.669 23305 23511 I ReactNativeJS: value: 'treatment' } ] } }
04-24 10:36:54.670 23305 23511 I ReactNativeJS: 'TRACK event saved', { type: 'track',
04-24 10:36:54.670 23305 23511 I ReactNativeJS: event: 'Home Viewed',
04-24 10:36:54.670 23305 23511 I ReactNativeJS: properties:
04-24 10:36:54.670 23305 23511 I ReactNativeJS: { interaction_type: 'section_viewed',
04-24 10:36:54.670 23305 23511 I ReactNativeJS: location: 'home',
04-24 10:36:54.670 23305 23511 I ReactNativeJS: section_name: 'tokens',
04-24 10:36:54.670 23305 23511 I ReactNativeJS: section_index: 1,
04-24 10:36:54.670 23305 23511 I ReactNativeJS: total_sections_loaded: 7,
04-24 10:36:54.670 23305 23511 I ReactNativeJS: is_empty: true,
04-24 10:36:54.670 23305 23511 I ReactNativeJS: item_count: 0,
04-24 10:36:54.670 23305 23511 I ReactNativeJS: entry_point: 'app_opened',
04-24 10:36:54.670 23305 23511 I ReactNativeJS: app_session_id: 'c5c3ebf5-9e67-45ef-995d-b4ee69698421',
04-24 10:36:54.670 23305 23511 I ReactNativeJS: visit_number: 1,
04-24 10:36:54.670 23305 23511 I ReactNativeJS: active_ab_tests:
04-24 10:36:54.670 23305 23511 I ReactNativeJS: [ { key: 'coreMCU589AbtestHubPageDiscoveryTabs',
04-24 10:36:54.670 23305 23511 I ReactNativeJS: value: 'treatment' } ] } }
04-24 10:36:54.674 23305 23560 D Sentry : Serializing object: {
04-24 10:36:54.674 23305 23560 D Sentry : "timestamp": "2026-04-24T08:36:54.669Z",
04-24 10:36:54.674 23305 23560 D Sentry : "message": "TRACK event saved [object Object]",
04-24 10:36:54.674 23305 23560 D Sentry : "data": {
04-24 10:36:54.674 23305 23560 D Sentry : "logger": "console",
04-24 10:36:54.674 23305 23560 D Sentry : "arguments": [
04-24 10:36:54.674 23305 23560 D Sentry : "TRACK event saved",
04-24 10:36:54.674 23305 23560 D Sentry : {
04-24 10:36:54.674 23305 23560 D Sentry : "type": "track",
04-24 10:36:54.674 23305 23560 D Sentry : "event": "Home Viewed",
04-24 10:36:54.674 23305 23560 D Sentry : "properties": {
04-24 10:36:54.674 23305 23560 D Sentry : "item_count": 0.0,
04-24 10:36:54.674 23305 23560 D Sentry : "app_session_id": "c5c3ebf5-9e67-45ef-995d-b4ee69698421",
04-24 10:36:54.674 23305 23560 D Sentry : "section_name": "cash",
04-24 10:36:54.674 23305 23560 D Sentry : "interaction_type": "section_viewed",
04-24 10:36:54.674 23305 23560 D Sentry : "location": "home",
04-24 10:36:54.674 23305 23560 D Sentry : "section_index": 0.0,
04-24 10:36:54.674 23305 23560 D Sentry : "active_ab_tests": [
04-24 10:36:54.674 23305 23560 D Sentry : {
04-24 10:36:54.674 23305 23560 D Sentry : "value": "treatment",
04-24 10:36:54.674 23305 23560 D Sentry : "key": "coreMCU589AbtestHubPageDiscoveryTabs"
04-24 10:36:54.674 23305 23560 D Sentry : }
04-24 10:36:54.674 23305 23560 D Sentry : ],
04-24 10:36:54.674 23305 23560 D Sentry : "visit_number": 1.0,
04-24 10:36:54.674 23305 23560 D Sentry : "entry_point": "app_opened",
04-24 10:36:54.674 23305 23560 D Sentry : "total_sections_loaded": 7.0,
04-24 10:36:54.674 23305 23560 D Sentry : "is_empty": true
04-24 10:36:54.674 23305 23560 D Sentry : }
04-24 10:36:54.674 23305 23560 D Sentry : }
04-24 10:36:54.674 23305 23560 D Sentry : ]
04-24 10:36:54.674 23305 23560 D Sentry : },
04-24 10:36:54.674 23305 23560 D Sentry : "category": "console",
04-24 10:36:54.674 23305 23560 D Sentry : "origin": "react-native",
04-24 10:36:54.674 23305 23560 D Sentry : "level": "info"
04-24 10:36:54.674 23305 23560 D Sentry : }
04-24 10:36:54.680 23305 23560 D Sentry : Serializing object: {
04-24 10:36:54.680 23305 23560 D Sentry : "timestamp": "2026-04-24T08:36:54.673Z",
04-24 10:36:54.680 23305 23560 D Sentry : "message": "TRACK event saved [object Object]",
04-24 10:36:54.680 23305 23560 D Sentry : "data": {
04-24 10:36:54.680 23305 23560 D Sentry : "logger": "console",
04-24 10:36:54.680 23305 23560 D Sentry : "arguments": [
04-24 10:36:54.680 23305 23560 D Sentry : "TRACK event saved",
04-24 10:36:54.680 23305 23560 D Sentry : {
04-24 10:36:54.680 23305 23560 D Sentry : "type": "track",
04-24 10:36:54.680 23305 23560 D Sentry : "event": "Home Viewed",
04-24 10:36:54.680 23305 23560 D Sentry : "properties": {
04-24 10:36:54.680 23305 23560 D Sentry : "item_count": 0.0,
04-24 10:36:54.680 23305 23560 D Sentry : "app_session_id": "c5c3ebf5-9e67-45ef-995d-b4ee69698421",
04-24 10:36:54.680 23305 23560 D Sentry : "section_name": "tokens",
04-24 10:36:54.680 23305 23560 D Sentry : "interaction_type": "section_viewed",
04-24 10:36:54.680 23305 23560 D Sentry : "location": "home",
04-24 10:36:54.680 23305 23560 D Sentry : "section_index": 1.0,
04-24 10:36:54.680 23305 23560 D Sentry : "active_ab_tests": [
04-24 10:36:54.680 23305 23560 D Sentry : {
04-24 10:36:54.680 23305 23560 D Sentry : "value": "treatment",
04-24 10:36:54.680 23305 23560 D Sentry : "key": "coreMCU589AbtestHubPageDiscoveryTabs"
04-24 10:36:54.680 23305 23560 D Sentry : }
04-24 10:36:54.680 23305 23560 D Sentry : ],
04-24 10:36:54.680 23305 23560 D Sentry : "visit_number": 1.0,
04-24 10:36:54.680 23305 23560 D Sentry : "entry_point": "app_opened",
04-24 10:36:54.680 23305 23560 D Sentry : "total_sections_loaded": 7.0,
04-24 10:36:54.680 23305 23560 D Sentry : "is_empty": true
04-24 10:36:54.680 23305 23560 D Sentry : }
04-24 10:36:54.680 23305 23560 D Sentry : }
04-24 10:36:54.680 23305 23560 D Sentry : ]
04-24 10:36:54.680 23305 23560 D Sentry : },
04-24 10:36:54.680 23305 23560 D Sentry : "category": "console",
04-24 10:36:54.680 23305 23560 D Sentry : "origin": "react-native",
04-24 10:36:54.680 23305 23560 D Sentry : "level": "info"
04-24 10:36:54.680 23305 23560 D Sentry : }
04-24 10:36:54.684 23305 23560 D Sentry : Serializing object: {
04-24 10:36:54.684 23305 23560 D Sentry : "timestamp": "2026-04-24T08:36:54.676Z",
04-24 10:36:54.684 23305 23560 D Sentry : "type": "http",
04-24 10:36:54.684 23305 23560 D Sentry : "data": {
04-24 10:36:54.684 23305 23560 D Sentry : "status_code": 200.0,
04-24 10:36:54.684 23305 23560 D Sentry : "method": "GET",
04-24 10:36:54.684 23305 23560 D Sentry : "url": "https:"
04-24 10:36:54.684 23305 23560 D Sentry : },
04-24 10:36:54.684 23305 23560 D Sentry : "category": "xhr",
04-24 10:36:54.684 23305 23560 D Sentry : "origin": "react-native",
04-24 10:36:54.684 23305 23560 D Sentry : "level": "info"
04-24 10:36:54.684 23305 23560 D Sentry : }
04-24 10:36:54.687 23305 23560 D Sentry : Serializing object: {
04-24 10:36:54.687 23305 23560 D Sentry : "timestamp": "2026-04-24T08:36:54.685Z",
04-24 10:36:54.687 23305 23560 D Sentry : "type": "http",
04-24 10:36:54.687 23305 23560 D Sentry : "data": {
04-24 10:36:54.687 23305 23560 D Sentry : "status_code": 200.0,
04-24 10:36:54.687 23305 23560 D Sentry : "method": "GET",
04-24 10:36:54.687 23305 23560 D Sentry : "url": "https:"
04-24 10:36:54.687 23305 23560 D Sentry : },
04-24 10:36:54.687 23305 23560 D Sentry : "category": "xhr",
04-24 10:36:54.687 23305 23560 D Sentry : "origin": "react-native",
04-24 10:36:54.687 23305 23560 D Sentry : "level": "info"
04-24 10:36:54.687 23305 23560 D Sentry : }
04-24 10:36:54.691 23305 23560 D Sentry : Serializing object: {
04-24 10:36:54.691 23305 23560 D Sentry : "timestamp": "2026-04-24T08:36:54.689Z",
04-24 10:36:54.691 23305 23560 D Sentry : "type": "http",
04-24 10:36:54.691 23305 23560 D Sentry : "data": {
04-24 10:36:54.691 23305 23560 D Sentry : "status_code": 200.0,
04-24 10:36:54.691 23305 23560 D Sentry : "method": "GET",
04-24 10:36:54.691 23305 23560 D Sentry : "url": "https:"
04-24 10:36:54.691 23305 23560 D Sentry : },
04-24 10:36:54.691 23305 23560 D Sentry : "category": "xhr",
04-24 10:36:54.691 23305 23560 D Sentry : "origin": "react-native",
04-24 10:36:54.691 23305 23560 D Sentry : "level": "info"
04-24 10:36:54.691 23305 23560 D Sentry : }
04-24 10:36:54.694 23305 23560 D Sentry : Serializing object: {
04-24 10:36:54.694 23305 23560 D Sentry : "timestamp": "2026-04-24T08:36:54.693Z",
04-24 10:36:54.694 23305 23560 D Sentry : "type": "http",
04-24 10:36:54.694 23305 23560 D Sentry : "data": {
04-24 10:36:54.694 23305 23560 D Sentry : "status_code": 200.0,
04-24 10:36:54.694 23305 23560 D Sentry : "method": "GET",
04-24 10:36:54.694 23305 23560 D Sentry : "url": "https:"
04-24 10:36:54.694 23305 23560 D Sentry : },
04-24 10:36:54.694 23305 23560 D Sentry : "category": "xhr",
04-24 10:36:54.694 23305 23560 D Sentry : "origin": "react-native",
04-24 10:36:54.694 23305 23560 D Sentry : "level": "info"
04-24 10:36:54.694 23305 23560 D Sentry : }
04-24 10:36:54.695 23305 23511 D ReactNativeJS: PositionStreamChannel: ensureReady: awaiting active connection
04-24 10:36:54.696 23305 23511 D ReactNativeJS: AccountStreamChannel: ensureReady: awaiting active connection
04-24 10:36:54.696 23305 23511 D ReactNativeJS: OrderStreamChannel: ensureReady: awaiting active connection
04-24 10:36:54.697 23305 23511 D ReactNativeJS: MarketDataChannel: ensureReady: awaiting active connection
04-24 10:36:54.697 23305 23560 D Sentry : Serializing object: {
04-24 10:36:54.697 23305 23560 D Sentry : "timestamp": "2026-04-24T08:36:54.695Z",
04-24 10:36:54.697 23305 23560 D Sentry : "message": "PositionStreamChannel: ensureReady: awaiting active connection",
04-24 10:36:54.697 23305 23560 D Sentry : "data": {
