04-24 10:36:52.033 23305 23560 D Sentry : "message": "Warning: %s: Support for defaultProps will be removed from function components in a future major release. Use JavaScript default parameters instead.%s ActionModal \n in ActionModal (created by ProtectYourWalletModal)\n in ProtectYourWalletModal (created by Connect(ProtectYourWalletModal))\n in Connect(ProtectYourWalletModal) (created by Main)\n in RCTView (created by View)\n in View (created by Main)\n in Main (created by Connect(Main))\n in Connect(Main) (created by SceneView)\n in StaticContainer\n in EnsureSingleNavigator (created by SceneView)\n in SceneView (created by CardContainer)\n in RCTView (created by View)\n in View (created by CardContainer)\n in RCTView (created by View)\n in View (created by CardContainer)\n in RCTView (created by View)\n in View\n in CardSheet (created by Card)\n in RCTView (created by View)\n in View (created by Animated(View))\n in Animated(View) (created by PanGestureHandler)\n in PanGestureHandler (created by PanGestureHandler)\n in PanGestureHandler (created by Card)\n in RCTView (created by View)\n in View (created by Animated(View))\n in Animated(View) (created by Card)\n in RCTView (created by View)\n in View (created by Card)\n in Card (created by CardContainer)\n in CardContainer (created by CardStack)\n in RNSScreen (created by Animated(Anonymous))\n in Animated(Anonymous)\n in Suspender (created by Freeze)\n in Suspense (created by Freeze)\n in Freeze (created by DelayedFreeze)\n in DelayedFreeze\n in InnerScreen (created by Screen)\n in Screen (created by MaybeScreen)\n in MaybeScreen (created by CardStack)\n in RNSScreenContainer (created by ScreenContainer)\n in ScreenContainer (created by MaybeScreenContainer)\n in MaybeScreenContainer (created by CardStack)\n in RCTView (created by View)\n in View (created by Background)\n in Background (created by CardStack)\n in CardStack (created by HeaderShownContext)\n in RCTView (created by View)\n in View (created by SafeAreaProviderCompat)\n in SafeAreaProviderCompat (created by StackView)\n in RNGestureHandlerRootView (created by GestureHandlerRootView)\n in GestureHandlerRootView (created by StackView)\n in StackView (created by StackNavigator)\n in PreventRemoveProvider (created by NavigationContent)\n in NavigationContent\n in Unknown (created by StackNavigator)\n in StackNavigator (created by MainFlow)\n in MainFlow (created by SceneView)\n in StaticContainer\n in EnsureSingleNavigator (created by SceneView)\n in SceneView (created by CardContainer)\n in RCTView (created by View)\n in View (created by CardContainer)\n in RCTView (created by View)\n in View (created by CardContainer)\n in RCTView (created by View)\n in View\n in CardSheet (created by Card)\n in RCTView (created by View)\n in View (created by Animated(View))\n in Animated(View) (created by PanGestureHandler)\n in PanGestureHandler (created by PanGestureHandler)\n in PanGestureHandler (created by Card)\n in RCTView (created by View)\n in View (created by Animated(View))\n in Animated(View) (created by Card)\n in RCTView (created by View)\n in View (created by Card)\n in Card (created by CardContainer)\n in CardContainer (created by CardStack)\n in RNSScreen (created by Animated(Anonymous))\n in Animated(Anonymous)\n in Suspender (created by Freeze)\n in Suspense (created by Freeze)\n in Freeze (created by DelayedFreeze)\n in DelayedFreeze\n in InnerScreen (created by Screen)\n in Screen (created by MaybeScreen)\n in MaybeScreen (created by CardStack)\n in RNSScreenContainer (created by ScreenContainer)\n in ScreenContainer (created by MaybeScreenContainer)\n in MaybeScreenContainer (created by CardStack)\n in RCTView (created by View)\n in View (created by Background)\n in Background (created by CardStack)\
04-24 10:36:52.033 23305 23560 D Sentry : "data": {
04-24 10:36:52.033 23305 23560 D Sentry : "logger": "console",
04-24 10:36:52.033 23305 23560 D Sentry : "arguments": [
04-24 10:36:52.033 23305 23560 D Sentry : "Warning: %s: Support for defaultProps will be removed from function components in a future major release. Use JavaScript default parameters instead.%s",
04-24 10:36:52.033 23305 23560 D Sentry : "ActionModal",
04-24 10:36:52.033 23305 23560 D Sentry : "\n in ActionModal (created by ProtectYourWalletModal)\n in ProtectYourWalletModal (created by Connect(ProtectYourWalletModal))\n in Connect(ProtectYourWalletModal) (created by Main)\n in RCTView (created by View)\n in View (created by Main)\n in Main (created by Connect(Main))\n in Connect(Main) (created by SceneView)\n in StaticContainer\n in EnsureSingleNavigator (created by SceneView)\n in SceneView (created by CardContainer)\n in RCTView (created by View)\n in View (created by CardContainer)\n in RCTView (created by View)\n in View (created by CardContainer)\n in RCTView (created by View)\n in View\n in CardSheet (created by Card)\n in RCTView (created by View)\n in View (created by Animated(View))\n in Animated(View) (created by PanGestureHandler)\n in PanGestureHandler (created by PanGestureHandler)\n in PanGestureHandler (created by Card)\n in RCTView (created by View)\n in View (created by Animated(View))\n in Animated(View) (created by Card)\n in RCTView (created by View)\n in View (created by Card)\n in Card (created by CardContainer)\n in CardContainer (created by CardStack)\n in RNSScreen (created by Animated(Anonymous))\n in Animated(Anonymous)\n in Suspender (created by Freeze)\n in Suspense (created by Freeze)\n in Freeze (created by DelayedFreeze)\n in DelayedFreeze\n in InnerScreen (created by Screen)\n in Screen (created by MaybeScreen)\n in MaybeScreen (created by CardStack)\n in RNSScreenContainer (created by ScreenContainer)\n in ScreenContainer (created by MaybeScreenContainer)\n in MaybeScreenContainer (created by CardStack)\n in RCTView (created by View)\n in View (created by Background)\n in Background (created by CardStack)\n in CardStack (created by HeaderShownContext)\n in RCTView (created by View)\n in View (created by SafeAreaProviderCompat)\n in SafeAreaProviderCompat (created by StackView)\n in RNGestureHandlerRootView (created by GestureHandlerRootView)\n in GestureHandlerRootView (created by StackView)\n in StackView (created by StackNavigator)\n in PreventRemoveProvider (created by NavigationContent)\n in NavigationContent\n in Unknown (created by StackNavigator)\n in StackNavigator (created by MainFlow)\n in MainFlow (created by SceneView)\n in StaticContainer\n in EnsureSingleNavigator (created by SceneView)\n in SceneView (created by CardContainer)\n in RCTView (created by View)\n in View (created by CardContainer)\n in RCTView (created by View)\n in View (created by CardContainer)\n in RCTView (created by View)\n in View\n in CardSheet (created by Card)\n in RCTView (created by View)\n in View (created by Animated(View))\n in Animated(View) (created by PanGestureHandler)\n in PanGestureHandler (created by PanGestureHandler)\n in PanGestureHandler (created by Card)\n in RCTView (created by View)\n in View (created by Animated(View))\n in Animated(View) (created by Card)\n in RCTView (created by View)\n in View (created by Card)\n in Card (created by CardContainer)\n in CardContainer (created by CardStack)\n in RNSScreen (created by Animated(Anonymous))\n in Animated(Anonymous)\n in Suspender (created by Freeze)\n in Suspense (created by Freeze)\n in Freeze (created by DelayedFreeze)\n in DelayedFreeze\n in InnerScreen (created by Screen)\n in Screen (created by MaybeScreen)\n in MaybeScreen (created by CardStack)\n in RNSScreenContainer (created by ScreenContainer)\n in ScreenContainer (created by MaybeScreenContainer)\n in MaybeScreenContainer (created by CardStack)\n in RCTView (created by View)\n in View (created by Background)\n in Background (created by CardStack)\n in CardStack (created by HeaderShownContext)\n in RCTView (created by View)\n in View (created by SafeAreaProviderCompat)\n in SafeAreaProviderCompat (created
04-24 10:36:52.033 23305 23560 D Sentry : ]
04-24 10:36:52.033 23305 23560 D Sentry : },
04-24 10:36:52.033 23305 23560 D Sentry : "category": "console",
04-24 10:36:52.033 23305 23560 D Sentry : "origin": "react-native",
04-24 10:36:52.033 23305 23560 D Sentry : "level": "error"
04-24 10:36:52.033 23305 23560 D Sentry : }
04-24 10:36:52.288 23305 23305 W unknown:WrappingUtils: Don't know how to round that drawable: com.facebook.react.views.image.ReactImageDownloadListener$EmptyDrawable@c85518b
04-24 10:36:52.308 23305 23305 I io.metamask: hiddenapi: Accessing hidden field Landroid/widget/HorizontalScrollView;->mScroller:Landroid/widget/OverScroller; (runtime_flags=0, domain=platform, api=unsupported) from Lcom/facebook/react/views/scroll/ReactHorizontalScrollView; (domain=app, TargetSdkVersion=35) using reflection: allowed
04-24 10:36:52.464 23305 23560 D Sentry  : Serializing object: {
04-24 10:36:52.464 23305 23560 D Sentry  :      "timestamp": "2026-04-24T08:36:52.463Z",
04-24 10:36:52.464 23305 23560 D Sentry  :      "message": "usePerpsLivePositions: Received first WebSocket update [object Object]",
04-24 10:36:52.464 23305 23560 D Sentry  :      "data": {
04-24 10:36:52.464 23305 23560 D Sentry  :              "logger": "console",
04-24 10:36:52.464 23305 23560 D Sentry  :              "arguments": [
04-24 10:36:52.464 23305 23560 D Sentry  :                      "usePerpsLivePositions: Received first WebSocket update",
04-24 10:36:52.464 23305 23560 D Sentry  :                      {
04-24 10:36:52.464 23305 23560 D Sentry  :                              "positionsCount": 0.0
04-24 10:36:52.464 23305 23560 D Sentry  :                      }
04-24 10:36:52.464 23305 23560 D Sentry  :              ]
04-24 10:36:52.464 23305 23560 D Sentry  :      },
04-24 10:36:52.464 23305 23560 D Sentry  :      "category": "console",
04-24 10:36:52.464 23305 23560 D Sentry  :      "origin": "react-native",
04-24 10:36:52.464 23305 23560 D Sentry  :      "level": "debug"
04-24 10:36:52.464 23305 23560 D Sentry  : }
04-24 10:36:52.466 23305 23511 D ReactNativeJS: 'usePerpsLivePositions: Received first WebSocket update', { positionsCount: 0 }
04-24 10:36:52.529 23305 23560 D Sentry  : Serializing object: {
04-24 10:36:52.529 23305 23560 D Sentry  :      "timestamp": "2026-04-24T08:36:52.526Z",
04-24 10:36:52.529 23305 23560 D Sentry  :      "message": "Fetching market data for category: trending search: undefined offset: 0 limit: 5",
04-24 10:36:52.529 23305 23560 D Sentry  :      "data": {
04-24 10:36:52.529 23305 23560 D Sentry  :              "logger": "console",
04-24 10:36:52.529 23305 23560 D Sentry  :              "arguments": [
04-24 10:36:52.529 23305 23560 D Sentry  :                      "Fetching market data for category:",
04-24 10:36:52.529 23305 23560 D Sentry  :                      "trending",
04-24 10:36:52.529 23305 23560 D Sentry  :                      "search:",
04-24 10:36:52.529 23305 23560 D Sentry  :                      null,
04-24 10:36:52.529 23305 23560 D Sentry  :                      "offset:",
04-24 10:36:52.529 23305 23560 D Sentry  :                      0.0,
04-24 10:36:52.529 23305 23560 D Sentry  :                      "limit:",
04-24 10:36:52.529 23305 23560 D Sentry  :                      5.0
04-24 10:36:52.529 23305 23560 D Sentry  :              ]
04-24 10:36:52.529 23305 23560 D Sentry  :      },
04-24 10:36:52.529 23305 23560 D Sentry  :      "category": "console",
04-24 10:36:52.529 23305 23560 D Sentry  :      "origin": "react-native",
04-24 10:36:52.529 23305 23560 D Sentry  :      "level": "debug"
04-24 10:36:52.529 23305 23560 D Sentry  : }
04-24 10:36:52.529 23305 23511 D ReactNativeJS: 'Fetching market data for category:', 'trending', 'search:', undefined, 'offset:', 0, 'limit:', 5
04-24 10:36:52.541 23305 23560 D Sentry  : Serializing object: {
04-24 10:36:52.541 23305 23560 D Sentry  :      "timestamp": "2026-04-24T08:36:52.538Z",
04-24 10:36:52.541 23305 23560 D Sentry  :      "message": "Getting markets via Polymarket API for category: trending search: undefined limit: 5 offset: 0",
04-24 10:36:52.541 23305 23560 D Sentry  :      "data": {
04-24 10:36:52.541 23305 23560 D Sentry  :              "logger": "console",
04-24 10:36:52.541 23305 23560 D Sentry  :              "arguments": [
04-24 10:36:52.541 23305 23560 D Sentry  :                      "Getting markets via Polymarket API for category:",
04-24 10:36:52.541 23305 23560 D Sentry  :                      "trending",
04-24 10:36:52.541 23305 23560 D Sentry  :                      "search:",
04-24 10:36:52.541 23305 23560 D Sentry  :                      null,
04-24 10:36:52.541 23305 23560 D Sentry  :                      "limit:",
04-24 10:36:52.541 23305 23560 D Sentry  :                      5.0,
04-24 10:36:52.541 23305 23560 D Sentry  :                      "offset:",
04-24 10:36:52.541 23305 23560 D Sentry  :                      0.0
04-24 10:36:52.541 23305 23560 D Sentry  :              ]
04-24 10:36:52.541 23305 23560 D Sentry  :      },
04-24 10:36:52.541 23305 23560 D Sentry  :      "category": "console",
04-24 10:36:52.541 23305 23560 D Sentry  :      "origin": "react-native",
04-24 10:36:52.541 23305 23560 D Sentry  :      "level": "debug"
04-24 10:36:52.541 23305 23560 D Sentry  : }
04-24 10:36:52.542 23305 23511 D ReactNativeJS: 'Getting markets via Polymarket API for category:', 'trending', 'search:', undefined, 'limit:', 5, 'offset:', 0
04-24 10:36:52.554 23305 23305 I ReactNative: [GESTURE HANDLER] Gesture handler is already enabled for a parent view
04-24 10:36:52.554 23305 23305 I ReactNative: [GESTURE HANDLER] Gesture handler is already enabled for a parent view
04-24 10:36:52.556 23305 23305 I ReactNative: [GESTURE HANDLER] Gesture handler is already enabled for a parent view
04-24 10:36:52.557 23305 23305 I ReactNative: [GESTURE HANDLER] Gesture handler is already enabled for a parent view
04-24 10:36:52.558 23305 23305 I ReactNative: [GESTURE HANDLER] Gesture handler is already enabled for a parent view
04-24 10:36:52.571 23305 23727 D nativeloader: Load /data/app/~~EqU0XSlr2zcpcMDD0vqwEw==/io.metamask-ZYBun7Ue_OlXZWCIuVZXKw==/base.apk!/lib/arm64-v8a/libavif_android.so using class loader ns clns-10 (caller=/data/app/~~EqU0XSlr2zcpcMDD0vqwEw==/io.metamask-ZYBun7Ue_OlXZWCIuVZXKw==/base.apk!classes12.dex): ok
04-24 10:36:52.575 23305 23727 D HWUI    : --- Failed to create image decoder with message 'unimplemented'
04-24 10:36:52.593 23305 23727 D HWUI    : --- Failed to create image decoder with message 'unimplemented'
04-24 10:36:52.599 23305 23727 D HWUI    : --- Failed to create image decoder with message 'unimplemented'
04-24 10:36:52.599 23305 23727 D HWUI    : --- Failed to create image decoder with message 'unimplemented'
04-24 10:36:52.602 23305 23727 D HWUI    : --- Failed to create image decoder with message 'unimplemented'
04-24 10:36:52.602 23305 23727 D HWUI    : --- Failed to create image decoder with message 'unimplemented'
04-24 10:36:52.610 23305 23727 D HWUI    : --- Failed to create image decoder with message 'unimplemented'
04-24 10:36:52.610 23305 23727 D HWUI    : --- Failed to create image decoder with message 'unimplemented'
04-24 10:36:52.611 23305 23727 D HWUI    : --- Failed to create image decoder with message 'unimplemented'
04-24 10:36:52.613 23305 23727 D HWUI    : --- Failed to create image decoder with message 'unimplemented'
04-24 10:36:52.613 23305 23727 D HWUI    : --- Failed to create image decoder with message 'unimplemented'
04-24 10:36:52.614 23305 23727 D HWUI    : --- Failed to create image decoder with message 'unimplemented'
04-24 10:36:52.641 23305 23560 D Sentry  : Serializing object: {
04-24 10:36:52.641 23305 23560 D Sentry  :      "timestamp": "2026-04-24T08:36:52.639Z",
04-24 10:36:52.641 23305 23560 D Sentry  :      "message": "PerpsController: Starting market data preload",
04-24 10:36:52.641 23305 23560 D Sentry  :      "data": {
04-24 10:36:52.641 23305 23560 D Sentry  :              "logger": "console",
04-24 10:36:52.641 23305 23560 D Sentry  :              "arguments": [
04-24 10:36:52.641 23305 23560 D Sentry  :                      "PerpsController: Starting market data preload"
04-24 10:36:52.641 23305 23560 D Sentry  :              ]
04-24 10:36:52.641 23305 23560 D Sentry  :      },
04-24 10:36:52.641 23305 23560 D Sentry  :      "category": "console",
04-24 10:36:52.641 23305 23560 D Sentry  :      "origin": "react-native",
04-24 10:36:52.641 23305 23560 D Sentry  :      "level": "debug"
04-24 10:36:52.641 23305 23560 D Sentry  : }
04-24 10:36:52.642 23305 23511 D ReactNativeJS: PerpsController: Starting market data preload
04-24 10:36:52.647 23305 23560 D Sentry  : Serializing object: {
04-24 10:36:52.647 23305 23560 D Sentry  :      "timestamp": "2026-04-24T08:36:52.645Z",
04-24 10:36:52.647 23305 23560 D Sentry  :      "message": "PerpsController: Fetching market data in background",
04-24 10:36:52.647 23305 23560 D Sentry  :      "data": {
04-24 10:36:52.647 23305 23560 D Sentry  :              "logger": "console",
04-24 10:36:52.647 23305 23560 D Sentry  :              "arguments": [
04-24 10:36:52.647 23305 23560 D Sentry  :                      "PerpsController: Fetching market data in background"
04-24 10:36:52.647 23305 23560 D Sentry  :              ]
04-24 10:36:52.647 23305 23560 D Sentry  :      },
04-24 10:36:52.647 23305 23560 D Sentry  :      "category": "console",
04-24 10:36:52.647 23305 23560 D Sentry  :      "origin": "react-native",
04-24 10:36:52.647 23305 23560 D Sentry  :      "level": "debug"
04-24 10:36:52.647 23305 23560 D Sentry  : }
04-24 10:36:52.648 23305 23511 D ReactNativeJS: PerpsController: Fetching market data in background
04-24 10:36:52.651 23305 23560 D Sentry  : Serializing object: {
04-24 10:36:52.651 23305 23560 D Sentry  :      "timestamp": "2026-04-24T08:36:52.649Z",
04-24 10:36:52.651 23305 23560 D Sentry  :      "message": "PerpsController: rest_preload_start",
04-24 10:36:52.651 23305 23560 D Sentry  :      "data": {
04-24 10:36:52.651 23305 23560 D Sentry  :              "logger": "console",
04-24 10:36:52.651 23305 23560 D Sentry  :              "arguments": [
04-24 10:36:52.651 23305 23560 D Sentry  :                      "PerpsController: rest_preload_start"
04-24 10:36:52.651 23305 23560 D Sentry  :              ]
04-24 10:36:52.651 23305 23560 D Sentry  :      },
04-24 10:36:52.651 23305 23560 D Sentry  :      "category": "console",
04-24 10:36:52.651 23305 23560 D Sentry  :      "origin": "react-native",
04-24 10:36:52.651 23305 23560 D Sentry  :      "level": "debug"
04-24 10:36:52.651 23305 23560 D Sentry  : }
04-24 10:36:52.654 23305 23511 D ReactNativeJS: PerpsController: rest_preload_start
04-24 10:36:52.691 23305 23560 D Sentry  : Serializing object: {
04-24 10:36:52.691 23305 23560 D Sentry  :      "timestamp": "2026-04-24T08:36:52.689Z",
04-24 10:36:52.691 23305 23560 D Sentry  :      "message": "[HyperLiquidProvider] Constructor complete [object Object]",
04-24 10:36:52.691 23305 23560 D Sentry  :      "data": {
04-24 10:36:52.691 23305 23560 D Sentry  :              "logger": "console",
04-24 10:36:52.691 23305 23560 D Sentry  :              "arguments": [
04-24 10:36:52.691 23305 23560 D Sentry  :                      "[HyperLiquidProvider] Constructor complete",
04-24 10:36:52.691 23305 23560 D Sentry  :                      {
04-24 10:36:52.691 23305 23560 D Sentry  :                              "blocklistMarkets": [
04-24 10:36:52.691 23305 23560 D Sentry  :                                      "demo"
04-24 10:36:52.691 23305 23560 D Sentry  :                              ],
04-24 10:36:52.691 23305 23560 D Sentry  :                              "hip3Enabled": true,
04-24 10:36:52.691 23305 23560 D Sentry  :                              "protocolId": "hyperliquid",
04-24 10:36:52.691 23305 23560 D Sentry  :                              "hasBatchClose": true,
04-24 10:36:52.691 23305 23560 D Sentry  :                              "isTestnet": false,
04-24 10:36:52.691 23305 23560 D Sentry  :                              "allowlistMarkets": [
04-24 10:36:52.691 23305 23560 D Sentry  :                                      "xyz:*"
04-24 10:36:52.691 23305 23560 D Sentry  :                              ],
04-24 10:36:52.691 23305 23560 D Sentry  :                              "hasBatchCancel": true
04-24 10:36:52.691 23305 23560 D Sentry  :                      }
04-24 10:36:52.691 23305 23560 D Sentry  :              ]
04-24 10:36:52.691 23305 23560 D Sentry  :      },
04-24 10:36:52.691 23305 23560 D Sentry  :      "category": "console",
04-24 10:36:52.691 23305 23560 D Sentry  :      "origin": "react-native",
04-24 10:36:52.691 23305 23560 D Sentry  :      "level": "debug"
04-24 10:36:52.691 23305 23560 D Sentry  : }
04-24 10:36:52.693 23305 23511 D ReactNativeJS: '[HyperLiquidProvider] Constructor complete', { hasBatchCancel: true,
04-24 10:36:52.693 23305 23511 D ReactNativeJS:   hasBatchClose: true,
04-24 10:36:52.693 23305 23511 D ReactNativeJS:   protocolId: 'hyperliquid',
04-24 10:36:52.693 23305 23511 D ReactNativeJS:   hip3Enabled: true,
04-24 10:36:52.693 23305 23511 D ReactNativeJS:   allowlistMarkets: [ 'xyz:*' ],
04-24 10:36:52.693 23305 23511 D ReactNativeJS:   blocklistMarkets: [ 'demo' ],
04-24 10:36:52.693 23305 23511 D ReactNativeJS:   isTestnet: false }
04-24 10:36:52.697 23305 23560 D Sentry  : Serializing object: {
04-24 10:36:52.697 23305 23560 D Sentry  :      "timestamp": "2026-04-24T08:36:52.696Z",
04-24 10:36:52.697 23305 23560 D Sentry  :      "message": "Getting market data with prices via HyperLiquid SDK",
04-24 10:36:52.697 23305 23560 D Sentry  :      "data": {
04-24 10:36:52.697 23305 23560 D Sentry  :              "logger": "console",
04-24 10:36:52.697 23305 23560 D Sentry  :              "arguments": [
04-24 10:36:52.697 23305 23560 D Sentry  :                      "Getting market data with prices via HyperLiquid SDK"
04-24 10:36:52.697 23305 23560 D Sentry  :              ]
04-24 10:36:52.697 23305 23560 D Sentry  :      },
04-24 10:36:52.697 23305 23560 D Sentry  :      "category": "console",
04-24 10:36:52.697 23305 23560 D Sentry  :      "origin": "react-native",
04-24 10:36:52.697 23305 23560 D Sentry  :      "level": "debug"
04-24 10:36:52.697 23305 23560 D Sentry  : }
04-24 10:36:52.699 23305 23511 D ReactNativeJS: Getting market data with prices via HyperLiquid SDK
04-24 10:36:52.701 23305 23560 D Sentry  : Serializing object: {
04-24 10:36:52.701 23305 23560 D Sentry  :      "timestamp": "2026-04-24T08:36:52.700Z",
04-24 10:36:52.701 23305 23560 D Sentry  :      "message": "[ensureReady] Starting new initialization",
04-24 10:36:52.701 23305 23560 D Sentry  :      "data": {
04-24 10:36:52.701 23305 23560 D Sentry  :              "logger": "console",
04-24 10:36:52.701 23305 23560 D Sentry  :              "arguments": [
04-24 10:36:52.701 23305 23560 D Sentry  :                      "[ensureReady] Starting new initialization"
04-24 10:36:52.701 23305 23560 D Sentry  :              ]
04-24 10:36:52.701 23305 23560 D Sentry  :      },
04-24 10:36:52.701 23305 23560 D Sentry  :      "category": "console",
04-24 10:36:52.701 23305 23560 D Sentry  :      "origin": "react-native",
04-24 10:36:52.701 23305 23560 D Sentry  :      "level": "debug"
04-24 10:36:52.701 23305 23560 D Sentry  : }
04-24 10:36:52.703 23305 23511 D ReactNativeJS: [ensureReady] Starting new initialization
04-24 10:36:52.710 23305 23560 D Sentry  : Serializing object: {
04-24 10:36:52.710 23305 23560 D Sentry  :      "timestamp": "2026-04-24T08:36:52.709Z",
04-24 10:36:52.710 23305 23560 D Sentry  :      "message": "HyperLiquid: Creating transports [object Object]",
04-24 10:36:52.710 23305 23560 D Sentry  :      "data": {
04-24 10:36:52.710 23305 23560 D Sentry  :              "logger": "console",
04-24 10:36:52.710 23305 23560 D Sentry  :              "arguments": [
04-24 10:36:52.710 23305 23560 D Sentry  :                      "HyperLiquid: Creating transports",
04-24 10:36:52.710 23305 23560 D Sentry  :                      {
04-24 10:36:52.710 23305 23560 D Sentry  :                              "isTestnet": false,
04-24 10:36:52.710 23305 23560 D Sentry  :                              "note": "SDK will auto-select endpoints based on isTestnet flag",
04-24 10:36:52.710 23305 23560 D Sentry  :                              "timestamp": "2026-04-24T08:36:52.708Z"
04-24 10:36:52.710 23305 23560 D Sentry  :                      }
04-24 10:36:52.710 23305 23560 D Sentry  :              ]
04-24 10:36:52.710 23305 23560 D Sentry  :      },
04-24 10:36:52.710 23305 23560 D Sentry  :      "category": "console",
04-24 10:36:52.710 23305 23560 D Sentry  :      "origin": "react-native",
04-24 10:36:52.710 23305 23560 D Sentry  :      "level": "debug"
04-24 10:36:52.710 23305 23560 D Sentry  : }
04-24 10:36:52.712 23305 23511 D ReactNativeJS: 'HyperLiquid: Creating transports', { isTestnet: false,
04-24 10:36:52.712 23305 23511 D ReactNativeJS:   timestamp: '2026-04-24T08:36:52.708Z',
04-24 10:36:52.712 23305 23511 D ReactNativeJS:   note: 'SDK will auto-select endpoints based on isTestnet flag' }
04-24 10:36:52.753 23305 23560 D Sentry  : Serializing object: {
04-24 10:36:52.753 23305 23560 D Sentry  :      "timestamp": "2026-04-24T08:36:52.751Z",
04-24 10:36:52.753 23305 23560 D Sentry  :      "message": "PerpsConnectionManager: State monitoring set up",
04-24 10:36:52.753 23305 23560 D Sentry  :      "data": {
04-24 10:36:52.753 23305 23560 D Sentry  :              "logger": "console",
04-24 10:36:52.753 23305 23560 D Sentry  :              "arguments": [
04-24 10:36:52.753 23305 23560 D Sentry  :                      "PerpsConnectionManager: State monitoring set up"
04-24 10:36:52.753 23305 23560 D Sentry  :              ]
04-24 10:36:52.753 23305 23560 D Sentry  :      },
04-24 10:36:52.753 23305 23560 D Sentry  :      "category": "console",
04-24 10:36:52.753 23305 23560 D Sentry  :      "origin": "react-native",
04-24 10:36:52.753 23305 23560 D Sentry  :      "level": "debug"
04-24 10:36:52.753 23305 23560 D Sentry  : }
04-24 10:36:52.754 23305 23511 D ReactNativeJS: PerpsConnectionManager: State monitoring set up
04-24 10:36:52.756 23305 23560 D Sentry  : Serializing object: {
04-24 10:36:52.756 23305 23560 D Sentry  :      "timestamp": "2026-04-24T08:36:52.754Z",
04-24 10:36:52.756 23305 23560 D Sentry  :      "message": "PerpsConnectionManager: Connection requested (refCount: 1, isConnected: false, isInitialized: false)",
04-24 10:36:52.756 23305 23560 D Sentry  :      "data": {
04-24 10:36:52.756 23305 23560 D Sentry  :              "logger": "console",
04-24 10:36:52.756 23305 23560 D Sentry  :              "arguments": [
04-24 10:36:52.756 23305 23560 D Sentry  :                      "PerpsConnectionManager: Connection requested (refCount: 1, isConnected: false, isInitialized: false)"
04-24 10:36:52.756 23305 23560 D Sentry  :              ]
04-24 10:36:52.756 23305 23560 D Sentry  :      },
04-24 10:36:52.756 23305 23560 D Sentry  :      "category": "console",
04-24 10:36:52.756 23305 23560 D Sentry  :      "origin": "react-native",
04-24 10:36:52.756 23305 23560 D Sentry  :      "level": "debug"
04-24 10:36:52.756 23305 23560 D Sentry  : }
04-24 10:36:52.757 23305 23511 D ReactNativeJS: PerpsConnectionManager: Connection requested (refCount: 1, isConnected: false, isInitialized: false)
04-24 10:36:52.760 23305 23560 D Sentry  : Serializing object: {
04-24 10:36:52.760 23305 23560 D Sentry  :      "timestamp": "2026-04-24T08:36:52.758Z",
04-24 10:36:52.760 23305 23560 D Sentry  :      "message": "PerpsConnectionManager: Starting 30000ms connection timeout",
04-24 10:36:52.760 23305 23560 D Sentry  :      "data": {
04-24 10:36:52.760 23305 23560 D Sentry  :              "logger": "console",
04-24 10:36:52.760 23305 23560 D Sentry  :              "arguments": [
04-24 10:36:52.760 23305 23560 D Sentry  :                      "PerpsConnectionManager: Starting 30000ms connection timeout"
04-24 10:36:52.760 23305 23560 D Sentry  :              ]
04-24 10:36:52.760 23305 23560 D Sentry  :      },
04-24 10:36:52.760 23305 23560 D Sentry  :      "category": "console",
04-24 10:36:52.760 23305 23560 D Sentry  :      "origin": "react-native",
04-24 10:36:52.760 23305 23560 D Sentry  :      "level": "debug"
04-24 10:36:52.760 23305 23560 D Sentry  : }
04-24 10:36:52.762 23305 23511 D ReactNativeJS: PerpsConnectionManager: Starting 30000ms connection timeout
04-24 10:36:52.766 23305 23560 D Sentry  : Serializing object: {
04-24 10:36:52.766 23305 23560 D Sentry  :      "timestamp": "2026-04-24T08:36:52.764Z",
04-24 10:36:52.766 23305 23560 D Sentry  :      "message": "PerpsConnectionManager: Initializing connection",
04-24 10:36:52.766 23305 23560 D Sentry  :      "data": {
04-24 10:36:52.766 23305 23560 D Sentry  :              "logger": "console",
04-24 10:36:52.766 23305 23560 D Sentry  :              "arguments": [
04-24 10:36:52.766 23305 23560 D Sentry  :                      "PerpsConnectionManager: Initializing connection"
04-24 10:36:52.766 23305 23560 D Sentry  :              ]
04-24 10:36:52.766 23305 23560 D Sentry  :      },
04-24 10:36:52.766 23305 23560 D Sentry  :      "category": "console",
04-24 10:36:52.766 23305 23560 D Sentry  :      "origin": "react-native",
04-24 10:36:52.766 23305 23560 D Sentry  :      "level": "debug"
04-24 10:36:52.766 23305 23560 D Sentry  : }
04-24 10:36:52.768 23305 23511 D ReactNativeJS: PerpsConnectionManager: Initializing connection
04-24 10:36:52.776 23305 23560 D Sentry  : Serializing object: {
04-24 10:36:52.776 23305 23560 D Sentry  :      "timestamp": "2026-04-24T08:36:52.774Z",
04-24 10:36:52.776 23305 23560 D Sentry  :      "message": "PerpsController: Initializing providers [object Object]",
04-24 10:36:52.776 23305 23560 D Sentry  :      "data": {
04-24 10:36:52.776 23305 23560 D Sentry  :              "logger": "console",
04-24 10:36:52.776 23305 23560 D Sentry  :              "arguments": [
04-24 10:36:52.776 23305 23560 D Sentry  :                      "PerpsController: Initializing providers",
04-24 10:36:52.776 23305 23560 D Sentry  :                      {
04-24 10:36:52.776 23305 23560 D Sentry  :                              "currentNetwork": "mainnet",
04-24 10:36:52.776 23305 23560 D Sentry  :                              "existingProviders": [],
04-24 10:36:52.776 23305 23560 D Sentry  :                              "timestamp": "2026-04-24T08:36:52.773Z"
04-24 10:36:52.776 23305 23560 D Sentry  :                      }
04-24 10:36:52.776 23305 23560 D Sentry  :              ]
04-24 10:36:52.776 23305 23560 D Sentry  :      },
04-24 10:36:52.776 23305 23560 D Sentry  :      "category": "console",
04-24 10:36:52.776 23305 23560 D Sentry  :      "origin": "react-native",
04-24 10:36:52.776 23305 23560 D Sentry  :      "level": "debug"
04-24 10:36:52.776 23305 23560 D Sentry  : }
04-24 10:36:52.777 23305 23511 D ReactNativeJS: 'PerpsController: Initializing providers', { currentNetwork: 'mainnet',
04-24 10:36:52.777 23305 23511 D ReactNativeJS:   existingProviders: [],
04-24 10:36:52.777 23305 23511 D ReactNativeJS:   timestamp: '2026-04-24T08:36:52.773Z' }
04-24 10:36:52.782 23305 23560 D Sentry  : Serializing object: {
04-24 10:36:52.782 23305 23560 D Sentry  :      "timestamp": "2026-04-24T08:36:52.781Z",
04-24 10:36:52.782 23305 23560 D Sentry  :      "message": "HyperLiquid: Disconnecting provider [object Object]",
04-24 10:36:52.782 23305 23560 D Sentry  :      "data": {
04-24 10:36:52.782 23305 23560 D Sentry  :              "logger": "console",
04-24 10:36:52.782 23305 23560 D Sentry  :              "arguments": [
04-24 10:36:52.782 23305 23560 D Sentry  :                      "HyperLiquid: Disconnecting provider",
04-24 10:36:52.782 23305 23560 D Sentry  :                      {
04-24 10:36:52.782 23305 23560 D Sentry  :                              "isTestnet": false,
04-24 10:36:52.782 23305 23560 D Sentry  :                              "timestamp": "2026-04-24T08:36:52.780Z"
04-24 10:36:52.782 23305 23560 D Sentry  :                      }
04-24 10:36:52.782 23305 23560 D Sentry  :              ]
04-24 10:36:52.782 23305 23560 D Sentry  :      },
04-24 10:36:52.782 23305 23560 D Sentry  :      "category": "console",
04-24 10:36:52.782 23305 23560 D Sentry  :      "origin": "react-native",
04-24 10:36:52.782 23305 23560 D Sentry  :      "level": "debug"
04-24 10:36:52.782 23305 23560 D Sentry  : }
04-24 10:36:52.784 23305 23511 D ReactNativeJS: 'HyperLiquid: Disconnecting provider', { isTestnet: false, timestamp: '2026-04-24T08:36:52.780Z' }
04-24 10:36:52.789 23305 23560 D Sentry  : Serializing object: {
04-24 10:36:52.789 23305 23560 D Sentry  :      "timestamp": "2026-04-24T08:36:52.787Z",
04-24 10:36:52.789 23305 23560 D Sentry  :      "message": "HyperLiquidSubscriptionService: Clearing per-DEX caches [object Object]",
04-24 10:36:52.789 23305 23560 D Sentry  :      "data": {
04-24 10:36:52.789 23305 23560 D Sentry  :              "logger": "console",
04-24 10:36:52.789 23305 23560 D Sentry  :              "arguments": [
04-24 10:36:52.789 23305 23560 D Sentry  :                      "HyperLiquidSubscriptionService: Clearing per-DEX caches",
04-24 10:36:52.789 23305 23560 D Sentry  :                      {
04-24 10:36:52.789 23305 23560 D Sentry  :                              "dexOrdersCacheSize": 0.0,
04-24 10:36:52.789 23305 23560 D Sentry  :                              "dexAssetCtxsCacheKeys": [],
04-24 10:36:52.789 23305 23560 D Sentry  :                              "dexPositionsCacheSize": 0.0,
04-24 10:36:52.789 23305 23560 D Sentry  :                              "dexAssetCtxsCacheSize": 0.0,
04-24 10:36:52.789 23305 23560 D Sentry  :                              "dexPositionsCacheKeys": [],
04-24 10:36:52.789 23305 23560 D Sentry  :                              "dexAccountCacheSize": 0.0
04-24 10:36:52.789 23305 23560 D Sentry  :                      }
04-24 10:36:52.789 23305 23560 D Sentry  :              ]
04-24 10:36:52.789 23305 23560 D Sentry  :      },
04-24 10:36:52.789 23305 23560 D Sentry  :      "category": "console",
04-24 10:36:52.789 23305 23560 D Sentry  :      "origin": "react-native",
04-24 10:36:52.789 23305 23560 D Sentry  :      "level": "debug"
04-24 10:36:52.789 23305 23560 D Sentry  : }
04-24 10:36:52.790 23305 23511 D ReactNativeJS: 'HyperLiquidSubscriptionService: Clearing per-DEX caches', { dexPositionsCacheSize: 0,
04-24 10:36:52.790 23305 23511 D ReactNativeJS:   dexOrdersCacheSize: 0,
04-24 10:36:52.790 23305 23511 D ReactNativeJS:   dexAccountCacheSize: 0,
04-24 10:36:52.790 23305 23511 D ReactNativeJS:   dexAssetCtxsCacheSize: 0,
04-24 10:36:52.790 23305 23511 D ReactNativeJS:   dexPositionsCacheKeys: [],
04-24 10:36:52.790 23305 23511 D ReactNativeJS:   dexAssetCtxsCacheKeys: [] }
04-24 10:36:52.792 23305 23560 D Sentry  : Serializing object: {
04-24 10:36:52.792 23305 23560 D Sentry  :      "timestamp": "2026-04-24T08:36:52.791Z",
04-24 10:36:52.792 23305 23560 D Sentry  :      "message": "HyperLiquid: Subscription service cleared (multi-DEX with individual subscriptions) [object Object]",
04-24 10:36:52.792 23305 23560 D Sentry  :      "data": {
04-24 10:36:52.792 23305 23560 D Sentry  :              "logger": "console",
04-24 10:36:52.792 23305 23560 D Sentry  :              "arguments": [
04-24 10:36:52.792 23305 23560 D Sentry  :                      "HyperLiquid: Subscription service cleared (multi-DEX with individual subscriptions)",
04-24 10:36:52.792 23305 23560 D Sentry  :                      {
04-24 10:36:52.792 23305 23560 D Sentry  :                              "timestamp": "2026-04-24T08:36:52.790Z"
04-24 10:36:52.792 23305 23560 D Sentry  :                      }
04-24 10:36:52.792 23305 23560 D Sentry  :              ]
04-24 10:36:52.792 23305 23560 D Sentry  :      },
04-24 10:36:52.792 23305 23560 D Sentry  :      "category": "console",
04-24 10:36:52.792 23305 23560 D Sentry  :      "origin": "react-native",
04-24 10:36:52.792 23305 23560 D Sentry  :      "level": "debug"
04-24 10:36:52.792 23305 23560 D Sentry  : }
04-24 10:36:52.794 23305 23511 D ReactNativeJS: 'HyperLiquid: Subscription service cleared (multi-DEX with individual subscriptions)', { timestamp: '2026-04-24T08:36:52.790Z' }
04-24 10:36:52.797 23305 23560 D Sentry  : Serializing object: {
04-24 10:36:52.797 23305 23560 D Sentry  :      "timestamp": "2026-04-24T08:36:52.795Z",
04-24 10:36:52.797 23305 23560 D Sentry  :      "message": "Cleared all fee cache",
04-24 10:36:52.797 23305 23560 D Sentry  :      "data": {
04-24 10:36:52.797 23305 23560 D Sentry  :              "logger": "console",
04-24 10:36:52.797 23305 23560 D Sentry  :              "arguments": [
04-24 10:36:52.797 23305 23560 D Sentry  :                      "Cleared all fee cache"
04-24 10:36:52.797 23305 23560 D Sentry  :              ]
04-24 10:36:52.797 23305 23560 D Sentry  :      },
04-24 10:36:52.797 23305 23560 D Sentry  :      "category": "console",
04-24 10:36:52.797 23305 23560 D Sentry  :      "origin": "react-native",
04-24 10:36:52.797 23305 23560 D Sentry  :      "level": "debug"
04-24 10:36:52.797 23305 23560 D Sentry  : }
04-24 10:36:52.798 23305 23511 D ReactNativeJS: Cleared all fee cache
04-24 10:36:52.910 23305 23305 E ExpoImage: Failed to load resource
04-24 10:36:52.910 23305 23305 E ExpoImage: There was 1 root cause:
04-24 10:36:52.910 23305 23305 E ExpoImage: com.bumptech.glide.load.HttpException(, status code: 404)
04-24 10:36:52.910 23305 23305 I ExpoImage: Root cause (1 of 1)
04-24 10:36:52.910 23305 23305 I ExpoImage: com.bumptech.glide.load.HttpException: , status code: 404
04-24 10:36:52.910 23305 23305 I ExpoImage:     at com.bumptech.glide.integration.okhttp3.OkHttpStreamFetcher.onResponse(OkHttpStreamFetcher.java:71)
04-24 10:36:52.910 23305 23305 I ExpoImage:     at okhttp3.internal.connection.RealCall$AsyncCall.run(RealCall.kt:519)
04-24 10:36:52.910 23305 23305 I ExpoImage: at java.util.concurrent.ThreadPoolExecutor.runWorker(ThreadPoolExecutor.java:1154)
04-24 10:36:52.910 23305 23305 I ExpoImage: at java.util.concurrent.ThreadPoolExecutor$Worker.run(ThreadPoolExecutor.java:652)
04-24 10:36:52.910 23305 23305 I ExpoImage:     at java.lang.Thread.run(Thread.java:1564)
04-24 10:36:52.910 23305 23560 D Sentry  : Serializing object: {
04-24 10:36:52.910 23305 23560 D Sentry  :      "timestamp": "2026-04-24T08:36:52.909Z",
04-24 10:36:52.910 23305 23560 D Sentry  :      "message": "Failed to load resource\nThere was 1 root cause:\ncom.bumptech.glide.load.HttpException(, status code: 404)",
04-24 10:36:52.910 23305 23560 D Sentry  :      "data": {
04-24 10:36:52.910 23305 23560 D Sentry  :              "tag": "ExpoImage"
04-24 10:36:52.910 23305 23560 D Sentry  :      },
04-24 10:36:52.910 23305 23560 D Sentry  :      "category": "Logcat",
04-24 10:36:52.910 23305 23560 D Sentry  :      "level": "error"
04-24 10:36:52.910 23305 23560 D Sentry  : }
04-24 10:36:52.911 23305 23305 E ExpoImage: Failed to load resource
04-24 10:36:52.911 23305 23305 E ExpoImage: There was 1 root cause:
04-24 10:36:52.911 23305 23305 E ExpoImage: com.bumptech.glide.load.HttpException(, status code: 404)
04-24 10:36:52.911 23305 23305 I ExpoImage: Root cause (1 of 1)
04-24 10:36:52.911 23305 23305 I ExpoImage: com.bumptech.glide.load.HttpException: , status code: 404
04-24 10:36:52.911 23305 23305 I ExpoImage:     at com.bumptech.glide.integration.okhttp3.OkHttpStreamFetcher.onResponse(OkHttpStreamFetcher.java:71)
04-24 10:36:52.911 23305 23305 I ExpoImage:     at okhttp3.internal.connection.RealCall$AsyncCall.run(RealCall.kt:519)
04-24 10:36:52.911 23305 23305 I ExpoImage: at java.util.concurrent.ThreadPoolExecutor.runWorker(ThreadPoolExecutor.java:1154)
04-24 10:36:52.911 23305 23305 I ExpoImage: at java.util.concurrent.ThreadPoolExecutor$Worker.run(ThreadPoolExecutor.java:652)
04-24 10:36:52.911 23305 23305 I ExpoImage:     at java.lang.Thread.run(Thread.java:1564)
04-24 10:36:52.912 23305 23305 E ExpoImage: Failed to load resource
04-24 10:36:52.912 23305 23305 E ExpoImage: There was 1 root cause:
04-24 10:36:52.912 23305 23305 E ExpoImage: com.bumptech.glide.load.HttpException(, status code: 404)
04-24 10:36:52.912 23305 23305 I ExpoImage: Root cause (1 of 1)
04-24 10:36:52.912 23305 23305 I ExpoImage: com.bumptech.glide.load.HttpException: , status code: 404
04-24 10:36:52.912 23305 23305 I ExpoImage:     at com.bumptech.glide.integration.okhttp3.OkHttpStreamFetcher.onResponse(OkHttpStreamFetcher.java:71)
04-24 10:36:52.912 23305 23305 I ExpoImage:     at okhttp3.internal.connection.RealCall$AsyncCall.run(RealCall.kt:519)
04-24 10:36:52.912 23305 23305 I ExpoImage: at java.util.concurrent.ThreadPoolExecutor.runWorker(ThreadPoolExecutor.java:1154)
04-24 10:36:52.912 23305 23305 I ExpoImage: at java.util.concurrent.ThreadPoolExecutor$Worker.run(ThreadPoolExecutor.java:652)
04-24 10:36:52.912 23305 23305 I ExpoImage:     at java.lang.Thread.run(Thread.java:1564)
04-24 10:36:52.912 23305 23305 E ExpoImage: Failed to load resource
04-24 10:36:52.912 23305 23305 E ExpoImage: There was 1 root cause:
04-24 10:36:52.912 23305 23305 E ExpoImage: com.bumptech.glide.load.HttpException(, status code: 404)
04-24 10:36:52.912 23305 23305 I ExpoImage: Root cause (1 of 1)
04-24 10:36:52.912 23305 23305 I ExpoImage: com.bumptech.glide.load.HttpException: , status code: 404
04-24 10:36:52.912 23305 23305 I ExpoImage:     at com.bumptech.glide.integration.okhttp3.OkHttpStreamFetcher.onResponse(OkHttpStreamFetcher.java:71)
04-24 10:36:52.912 23305 23305 I ExpoImage:     at okhttp3.internal.connection.RealCall$AsyncCall.run(RealCall.kt:519)
04-24 10:36:52.912 23305 23305 I ExpoImage: at java.util.concurrent.ThreadPoolExecutor.runWorker(ThreadPoolExecutor.java:1154)
04-24 10:36:52.912 23305 23305 I ExpoImage: at java.util.concurrent.ThreadPoolExecutor$Worker.run(ThreadPoolExecutor.java:652)
04-24 10:36:52.912 23305 23305 I ExpoImage:     at java.lang.Thread.run(Thread.java:1564)
04-24 10:36:52.914 23305 23560 D Sentry  : Serializing object: {
04-24 10:36:52.914 23305 23560 D Sentry  :      "timestamp": "2026-04-24T08:36:52.911Z",
04-24 10:36:52.914 23305 23560 D Sentry  :      "message": "Failed to load resource\nThere was 1 root cause:\ncom.bumptech.glide.load.HttpException(, status code: 404)",
04-24 10:36:52.914 23305 23560 D Sentry  :      "data": {
04-24 10:36:52.914 23305 23560 D Sentry  :              "tag": "ExpoImage"
04-24 10:36:52.914 23305 23560 D Sentry  :      },
04-24 10:36:52.914 23305 23560 D Sentry  :      "category": "Logcat",
04-24 10:36:52.914 23305 23560 D Sentry  :      "level": "error"
04-24 10:36:52.914 23305 23560 D Sentry  : }
04-24 10:36:52.917 23305 23560 D Sentry  : Serializing object: {
04-24 10:36:52.917 23305 23560 D Sentry  :      "timestamp": "2026-04-24T08:36:52.912Z",
04-24 10:36:52.917 23305 23560 D Sentry  :      "message": "Failed to load resource\nThere was 1 root cause:\ncom.bumptech.glide.load.HttpException(, status code: 404)",
04-24 10:36:52.917 23305 23560 D Sentry  :      "data": {
04-24 10:36:52.917 23305 23560 D Sentry  :              "tag": "ExpoImage"
04-24 10:36:52.917 23305 23560 D Sentry  :      },
04-24 10:36:52.917 23305 23560 D Sentry  :      "category": "Logcat",
04-24 10:36:52.917 23305 23560 D Sentry  :      "level": "error"
04-24 10:36:52.917 23305 23560 D Sentry  : }
04-24 10:36:52.922 23305 23560 D Sentry  : Serializing object: {
04-24 10:36:52.922 23305 23560 D Sentry  :      "timestamp": "2026-04-24T08:36:52.912Z",
04-24 10:36:52.922 23305 23560 D Sentry  :      "message": "Failed to load resource\nThere was 1 root cause:\ncom.bumptech.glide.load.HttpException(, status code: 404)",
04-24 10:36:52.922 23305 23560 D Sentry  :      "data": {
04-24 10:36:52.922 23305 23560 D Sentry  :              "tag": "ExpoImage"
04-24 10:36:52.922 23305 23560 D Sentry  :      },
04-24 10:36:52.922 23305 23560 D Sentry  :      "category": "Logcat",
04-24 10:36:52.922 23305 23560 D Sentry  :      "level": "error"
04-24 10:36:52.922 23305 23560 D Sentry  : }
04-24 10:36:53.132 23305 23511 D ReactNativeJS: 'PerpsStreamProvider: Using stream manager:', { isTestManager: false,
04-24 10:36:53.132 23305 23511 D ReactNativeJS:   isE2EMockManager: false,
04-24 10:36:53.132 23305 23511 D ReactNativeJS:   isRealManager: true }
04-24 10:36:53.135 23305 23560 D Sentry  : Serializing object: {
04-24 10:36:53.135 23305 23560 D Sentry  :      "timestamp": "2026-04-24T08:36:53.132Z",
04-24 10:36:53.135 23305 23560 D Sentry  :      "message": "PerpsStreamProvider: Using stream manager: [object Object]",
04-24 10:36:53.135 23305 23560 D Sentry  :      "data": {
04-24 10:36:53.135 23305 23560 D Sentry  :              "logger": "console",
04-24 10:36:53.135 23305 23560 D Sentry  :              "arguments": [
04-24 10:36:53.135 23305 23560 D Sentry  :                      "PerpsStreamProvider: Using stream manager:",
04-24 10:36:53.135 23305 23560 D Sentry  :                      {
04-24 10:36:53.135 23305 23560 D Sentry  :                              "isE2EMockManager": false,
04-24 10:36:53.135 23305 23560 D Sentry  :                              "isRealManager": true,
04-24 10:36:53.135 23305 23560 D Sentry  :                              "isTestManager": false
04-24 10:36:53.135 23305 23560 D Sentry  :                      }
04-24 10:36:53.135 23305 23560 D Sentry  :              ]
04-24 10:36:53.135 23305 23560 D Sentry  :      },
04-24 10:36:53.135 23305 23560 D Sentry  :      "category": "console",
04-24 10:36:53.135 23305 23560 D Sentry  :      "origin": "react-native",
04-24 10:36:53.135 23305 23560 D Sentry  :      "level": "debug"
04-24 10:36:53.135 23305 23560 D Sentry  : }
04-24 10:36:53.309 23305 23511 I ReactNativeJS: 'TRACK event saved', { type: 'track',
04-24 10:36:53.309 23305 23511 I ReactNativeJS:   event: 'Experiment Viewed',
04-24 10:36:53.309 23305 23511 I ReactNativeJS:   properties: 
04-24 10:36:53.309 23305 23511 I ReactNativeJS:    { experiment_id: 'cardCARD338AbtestAttentionBadge',
04-24 10:36:53.309 23305 23511 I ReactNativeJS:      variation_id: 'withBadge' } }
04-24 10:36:53.309 23305 23511 I ReactNativeJS: 'TRACK event saved', { type: 'track',
04-24 10:36:53.309 23305 23511 I ReactNativeJS:   event: 'Card Button Viewed',
04-24 10:36:53.309 23305 23511 I ReactNativeJS:   properties: { active_ab_tests: [ { key: 'cardCARD338AbtestAttentionBadge', value: 'withBadge' } ] } }
04-24 10:36:53.310 23305 23511 I ReactNativeJS: 'TRACK event saved', { type: 'track',
04-24 10:36:53.310 23305 23511 I ReactNativeJS:   event: 'Network Connection Banner Shown',
04-24 10:36:53.310 23305 23511 I ReactNativeJS:   properties: 
04-24 10:36:53.310 23305 23511 I ReactNativeJS:    { banner_type: 'unavailable',
04-24 10:36:53.310 23305 23511 I ReactNativeJS:      chain_id_caip: 'eip155:59144',
04-24 10:36:53.310 23305 23511 I ReactNativeJS:      rpc_endpoint_url: 'linea-mainnet.infura.io',
04-24 10:36:53.310 23305 23511 I ReactNativeJS:      rpc_domain: 'linea-mainnet.infura.io' } }
04-24 10:36:53.311 23305 23511 I ReactNativeJS: 'IDENTIFY event saved', { type: 'identify',
04-24 10:36:53.311 23305 23511 I ReactNativeJS:   userId: '631c583c-8766-4c7c-b1e8-db89274ad9c8',
04-24 10:36:53.311 23305 23511 I ReactNativeJS:   traits: { number_of_hd_entropies: 1 } }
04-24 10:36:53.312 23305 23560 D Sentry  : Serializing object: {
04-24 10:36:53.312 23305 23560 D Sentry  :      "timestamp": "2026-04-24T08:36:53.309Z",
04-24 10:36:53.312 23305 23560 D Sentry  :      "message": "TRACK event saved [object Object]",
04-24 10:36:53.312 23305 23560 D Sentry  :      "data": {
04-24 10:36:53.312 23305 23560 D Sentry  :              "logger": "console",
04-24 10:36:53.312 23305 23560 D Sentry  :              "arguments": [
04-24 10:36:53.312 23305 23560 D Sentry  :                      "TRACK event saved",
04-24 10:36:53.312 23305 23560 D Sentry  :                      {
04-24 10:36:53.312 23305 23560 D Sentry  :                              "type": "track",
04-24 10:36:53.312 23305 23560 D Sentry  :                              "event": "Experiment Viewed",
04-24 10:36:53.312 23305 23560 D Sentry  :                              "properties": {
04-24 10:36:53.312 23305 23560 D Sentry  :                                      "experiment_id": "cardCARD338AbtestAttentionBadge",
04-24 10:36:53.312 23305 23560 D Sentry  :                                      "variation_id": "withBadge"
04-24 10:36:53.312 23305 23560 D Sentry  :                              }
04-24 10:36:53.312 23305 23560 D Sentry  :                      }
04-24 10:36:53.312 23305 23560 D Sentry  :              ]
04-24 10:36:53.312 23305 23560 D Sentry  :      },
04-24 10:36:53.312 23305 23560 D Sentry  :      "category": "console",
04-24 10:36:53.312 23305 23560 D Sentry  :      "origin": "react-native",
04-24 10:36:53.312 23305 23560 D Sentry  :      "level": "info"
04-24 10:36:53.312 23305 23560 D Sentry  : }
04-24 10:36:53.315 23305 23560 D Sentry  : Serializing object: {
04-24 10:36:53.315 23305 23560 D Sentry  :      "timestamp": "2026-04-24T08:36:53.312Z",
04-24 10:36:53.315 23305 23560 D Sentry  :      "message": "TRACK event saved [object Object]",
04-24 10:36:53.315 23305 23560 D Sentry  :      "data": {
04-24 10:36:53.315 23305 23560 D Sentry  :              "logger": "console",
04-24 10:36:53.315 23305 23560 D Sentry  :              "arguments": [
04-24 10:36:53.315 23305 23560 D Sentry  :                      "TRACK event saved",
04-24 10:36:53.315 23305 23560 D Sentry  :                      {
04-24 10:36:53.315 23305 23560 D Sentry  :                              "type": "track",
04-24 10:36:53.315 23305 23560 D Sentry  :                              "event": "Card Button Viewed",
04-24 10:36:53.315 23305 23560 D Sentry  :                              "properties": {
04-24 10:36:53.315 23305 23560 D Sentry  :                                      "active_ab_tests": [
