04-24 10:36:55.517 23305 23511 D ReactNativeJS: blocklistMarkets: [ 'demo' ],
04-24 10:36:55.517 23305 23511 D ReactNativeJS: timestamp: '2026-04-24T08:36:55.516Z' }
04-24 10:36:55.519 23305 23560 D Sentry : Serializing object: {
04-24 10:36:55.519 23305 23560 D Sentry : "timestamp": "2026-04-24T08:36:55.506Z",
04-24 10:36:55.519 23305 23560 D Sentry : "type": "http",
04-24 10:36:55.519 23305 23560 D Sentry : "data": {
04-24 10:36:55.519 23305 23560 D Sentry : "status_code": 200.0,
04-24 10:36:55.519 23305 23560 D Sentry : "method": "POST",
04-24 10:36:55.519 23305 23560 D Sentry : "url": "http:"
04-24 10:36:55.519 23305 23560 D Sentry : },
04-24 10:36:55.519 23305 23560 D Sentry : "category": "xhr",
04-24 10:36:55.519 23305 23560 D Sentry : "origin": "react-native",
04-24 10:36:55.519 23305 23560 D Sentry : "level": "info"
04-24 10:36:55.519 23305 23560 D Sentry : }
04-24 10:36:55.519 23305 23511 D ReactNativeJS: 'Feature flags updated:', { previousHip3Enabled: true,
04-24 10:36:55.519 23305 23511 D ReactNativeJS: hip3Enabled: true,
04-24 10:36:55.519 23305 23511 D ReactNativeJS: previousEnabledDexs: [],
04-24 10:36:55.519 23305 23511 D ReactNativeJS: enabledDexs: [ 'xyz' ],
04-24 10:36:55.519 23305 23511 D ReactNativeJS: previousAllowlistMarkets: [ 'xyz:*' ],
04-24 10:36:55.519 23305 23511 D ReactNativeJS: allowlistMarkets: [ 'xyz:*' ],
04-24 10:36:55.519 23305 23511 D ReactNativeJS: previousBlocklistMarkets: [ 'demo' ],
04-24 10:36:55.519 23305 23511 D ReactNativeJS: blocklistMarkets: [ 'demo' ] }
04-24 10:36:55.520 23305 23560 D Sentry : Serializing object: {
04-24 10:36:55.520 23305 23560 D Sentry : "timestamp": "2026-04-24T08:36:55.507Z",
04-24 10:36:55.520 23305 23560 D Sentry : "type": "http",
04-24 10:36:55.520 23305 23560 D Sentry : "data": {
04-24 10:36:55.520 23305 23560 D Sentry : "status_code": 401.0,
04-24 10:36:55.520 23305 23560 D Sentry : "method": "GET",
04-24 10:36:55.520 23305 23560 D Sentry : "url": "https:"
04-24 10:36:55.520 23305 23560 D Sentry : },
04-24 10:36:55.520 23305 23560 D Sentry : "category": "fetch",
04-24 10:36:55.520 23305 23560 D Sentry : "origin": "react-native",
04-24 10:36:55.520 23305 23560 D Sentry : "level": "warning"
04-24 10:36:55.520 23305 23560 D Sentry : }
04-24 10:36:55.522 23305 23560 D Sentry : Serializing object: {
04-24 10:36:55.522 23305 23560 D Sentry : "timestamp": "2026-04-24T08:36:55.507Z",
04-24 10:36:55.522 23305 23560 D Sentry : "message": "[MetaMask DEBUG]: NotificationServicesController state persisted successfully",
04-24 10:36:55.522 23305 23560 D Sentry : "data": {
04-24 10:36:55.522 23305 23560 D Sentry : "logger": "console",
04-24 10:36:55.522 23305 23560 D Sentry : "arguments": [
04-24 10:36:55.522 23305 23560 D Sentry : "[MetaMask DEBUG]:",
04-24 10:36:55.522 23305 23560 D Sentry : "NotificationServicesController state persisted successfully"
04-24 10:36:55.522 23305 23560 D Sentry : ]
04-24 10:36:55.522 23305 23560 D Sentry : },
04-24 10:36:55.522 23305 23560 D Sentry : "category": "console",
04-24 10:36:55.522 23305 23560 D Sentry : "origin": "react-native",
04-24 10:36:55.522 23305 23560 D Sentry : "level": "debug"
04-24 10:36:55.522 23305 23560 D Sentry : }
04-24 10:36:55.524 23305 23560 D Sentry : Serializing object: {
04-24 10:36:55.524 23305 23560 D Sentry : "timestamp": "2026-04-24T08:36:55.508Z",
04-24 10:36:55.524 23305 23560 D Sentry : "type": "http",
04-24 10:36:55.524 23305 23560 D Sentry : "data": {
04-24 10:36:55.524 23305 23560 D Sentry : "status_code": 200.0,
04-24 10:36:55.524 23305 23560 D Sentry : "method": "GET",
04-24 10:36:55.524 23305 23560 D Sentry : "url": "https:"
04-24 10:36:55.524 23305 23560 D Sentry : },
04-24 10:36:55.524 23305 23560 D Sentry : "category": "fetch",
04-24 10:36:55.524 23305 23560 D Sentry : "origin": "react-native",
04-24 10:36:55.524 23305 23560 D Sentry : "level": "info"
04-24 10:36:55.524 23305 23560 D Sentry : }
04-24 10:36:55.527 23305 23560 D Sentry : Serializing object: {
04-24 10:36:55.527 23305 23560 D Sentry : "timestamp": "2026-04-24T08:36:55.508Z",
04-24 10:36:55.527 23305 23560 D Sentry : "message": "[MetaMask DEBUG]: CardController state persisted successfully",
04-24 10:36:55.527 23305 23560 D Sentry : "data": {
04-24 10:36:55.527 23305 23560 D Sentry : "logger": "console",
04-24 10:36:55.527 23305 23560 D Sentry : "arguments": [
04-24 10:36:55.527 23305 23560 D Sentry : "[MetaMask DEBUG]:",
04-24 10:36:55.527 23305 23560 D Sentry : "CardController state persisted successfully"
04-24 10:36:55.527 23305 23560 D Sentry : ]
04-24 10:36:55.527 23305 23560 D Sentry : },
04-24 10:36:55.527 23305 23560 D Sentry : "category": "console",
04-24 10:36:55.527 23305 23560 D Sentry : "origin": "react-native",
04-24 10:36:55.527 23305 23560 D Sentry : "level": "debug"
04-24 10:36:55.527 23305 23560 D Sentry : }
04-24 10:36:55.528 23305 23560 D Sentry : Serializing object: {
04-24 10:36:55.528 23305 23560 D Sentry : "timestamp": "2026-04-24T08:36:55.516Z",
04-24 10:36:55.528 23305 23560 D Sentry : "message": "HyperLiquidProvider: Mainnet - filtered to allowlist DEXs [object Object]",
04-24 10:36:55.528 23305 23560 D Sentry : "data": {
04-24 10:36:55.528 23305 23560 D Sentry : "logger": "console",
04-24 10:36:55.528 23305 23560 D Sentry : "arguments": [
04-24 10:36:55.528 23305 23560 D Sentry : "HyperLiquidProvider: Mainnet - filtered to allowlist DEXs",
04-24 10:36:55.528 23305 23560 D Sentry : {
04-24 10:36:55.528 23305 23560 D Sentry : "filteredDexs": [
04-24 10:36:55.528 23305 23560 D Sentry : "xyz"
04-24 10:36:55.528 23305 23560 D Sentry : ],
04-24 10:36:55.528 23305 23560 D Sentry : "allowedDexsFromAllowlist": [
04-24 10:36:55.528 23305 23560 D Sentry : "xyz"
04-24 10:36:55.528 23305 23560 D Sentry : ],
04-24 10:36:55.528 23305 23560 D Sentry : "availableHip3Dexs": 8.0
04-24 10:36:55.528 23305 23560 D Sentry : }
04-24 10:36:55.528 23305 23560 D Sentry : ]
04-24 10:36:55.528 23305 23560 D Sentry : },
04-24 10:36:55.528 23305 23560 D Sentry : "category": "console",
04-24 10:36:55.528 23305 23560 D Sentry : "origin": "react-native",
04-24 10:36:55.528 23305 23560 D Sentry : "level": "debug"
04-24 10:36:55.528 23305 23560 D Sentry : }
04-24 10:36:55.528 23305 23511 D ReactNativeJS: 'Establishing subscriptions for new DEXs:', [ 'xyz' ]
04-24 10:36:55.530 23305 23560 D Sentry : Serializing object: {
04-24 10:36:55.530 23305 23560 D Sentry : "timestamp": "2026-04-24T08:36:55.516Z",
04-24 10:36:55.530 23305 23560 D Sentry : "message": "HyperLiquidProvider: Available DEXs (market filtering applied at data layer) [object Object]",
04-24 10:36:55.530 23305 23560 D Sentry : "data": {
04-24 10:36:55.530 23305 23560 D Sentry : "logger": "console",
04-24 10:36:55.530 23305 23560 D Sentry : "arguments": [
04-24 10:36:55.530 23305 23560 D Sentry : "HyperLiquidProvider: Available DEXs (market filtering applied at data layer)",
04-24 10:36:55.530 23305 23560 D Sentry : {
04-24 10:36:55.530 23305 23560 D Sentry : "count": 1.0,
04-24 10:36:55.530 23305 23560 D Sentry : "dexNames": [
04-24 10:36:55.530 23305 23560 D Sentry : "xyz"
04-24 10:36:55.530 23305 23560 D Sentry : ]
04-24 10:36:55.530 23305 23560 D Sentry : }
04-24 10:36:55.530 23305 23560 D Sentry : ]
04-24 10:36:55.530 23305 23560 D Sentry : },
04-24 10:36:55.530 23305 23560 D Sentry : "category": "console",
04-24 10:36:55.530 23305 23560 D Sentry : "origin": "react-native",
04-24 10:36:55.530 23305 23560 D Sentry : "level": "debug"
04-24 10:36:55.530 23305 23560 D Sentry : }
04-24 10:36:55.531 23305 23560 D Sentry : Serializing object: {
04-24 10:36:55.531 23305 23560 D Sentry : "timestamp": "2026-04-24T08:36:55.517Z",
04-24 10:36:55.531 23305 23560 D Sentry : "message": "HyperLiquidProvider: Starting asset mapping rebuild [object Object]",
04-24 10:36:55.531 23305 23560 D Sentry : "data": {
04-24 10:36:55.531 23305 23560 D Sentry : "logger": "console",
04-24 10:36:55.531 23305 23560 D Sentry : "arguments": [
04-24 10:36:55.531 23305 23560 D Sentry : "HyperLiquidProvider: Starting asset mapping rebuild",
04-24 10:36:55.531 23305 23560 D Sentry : {
04-24 10:36:55.531 23305 23560 D Sentry : "hip3Enabled": true,
04-24 10:36:55.531 23305 23560 D Sentry : "blocklistMarkets": [
04-24 10:36:55.531 23305 23560 D Sentry : "demo"
04-24 10:36:55.531 23305 23560 D Sentry : ],
04-24 10:36:55.531 23305 23560 D Sentry : "dexs": [
04-24 10:36:55.531 23305 23560 D Sentry : null,
04-24 10:36:55.531 23305 23560 D Sentry : "xyz"
04-24 10:36:55.531 23305 23560 D Sentry : ],
04-24 10:36:55.531 23305 23560 D Sentry : "allowlistMarkets": [
04-24 10:36:55.531 23305 23560 D Sentry : "xyz:*"
04-24 10:36:55.531 23305 23560 D Sentry : ],
04-24 10:36:55.531 23305 23560 D Sentry : "previousMapSize": 0.0,
04-24 10:36:55.531 23305 23560 D Sentry : "timestamp": "2026-04-24T08:36:55.516Z"
04-24 10:36:55.531 23305 23560 D Sentry : }
04-24 10:36:55.531 23305 23560 D Sentry : ]
04-24 10:36:55.531 23305 23560 D Sentry : },
04-24 10:36:55.531 23305 23560 D Sentry : "category": "console",
04-24 10:36:55.531 23305 23560 D Sentry : "origin": "react-native",
04-24 10:36:55.531 23305 23560 D Sentry : "level": "debug"
04-24 10:36:55.531 23305 23560 D Sentry : }
04-24 10:36:55.533 23305 23511 I ReactNativeJS: Sent 1 events
04-24 10:36:55.534 23305 23560 D Sentry : Serializing object: {
04-24 10:36:55.534 23305 23560 D Sentry : "timestamp": "2026-04-24T08:36:55.518Z",
04-24 10:36:55.534 23305 23560 D Sentry : "message": "Feature flags updated: [object Object]",
04-24 10:36:55.534 23305 23560 D Sentry : "data": {
04-24 10:36:55.534 23305 23560 D Sentry : "logger": "console",
04-24 10:36:55.534 23305 23560 D Sentry : "arguments": [
04-24 10:36:55.534 23305 23560 D Sentry : "Feature flags updated:",
04-24 10:36:55.534 23305 23560 D Sentry : {
04-24 10:36:55.534 23305 23560 D Sentry : "hip3Enabled": true,
04-24 10:36:55.534 23305 23560 D Sentry : "blocklistMarkets": [
04-24 10:36:55.534 23305 23560 D Sentry : "demo"
04-24 10:36:55.534 23305 23560 D Sentry : ],
04-24 10:36:55.534 23305 23560 D Sentry : "previousAllowlistMarkets": [
04-24 10:36:55.534 23305 23560 D Sentry : "xyz:*"
04-24 10:36:55.534 23305 23560 D Sentry : ],
04-24 10:36:55.534 23305 23560 D Sentry : "previousBlocklistMarkets": [
04-24 10:36:55.534 23305 23560 D Sentry : "demo"
04-24 10:36:55.534 23305 23560 D Sentry : ],
04-24 10:36:55.534 23305 23560 D Sentry : "previousHip3Enabled": true,
04-24 10:36:55.534 23305 23560 D Sentry : "allowlistMarkets": [
04-24 10:36:55.534 23305 23560 D Sentry : "xyz:*"
04-24 10:36:55.534 23305 23560 D Sentry : ],
04-24 10:36:55.534 23305 23560 D Sentry : "enabledDexs": [
04-24 10:36:55.534 23305 23560 D Sentry : "xyz"
04-24 10:36:55.534 23305 23560 D Sentry : ],
04-24 10:36:55.534 23305 23560 D Sentry : "previousEnabledDexs": []
04-24 10:36:55.534 23305 23560 D Sentry : }
04-24 10:36:55.534 23305 23560 D Sentry : ]
04-24 10:36:55.534 23305 23560 D Sentry : },
04-24 10:36:55.534 23305 23560 D Sentry : "category": "console",
04-24 10:36:55.534 23305 23560 D Sentry : "origin": "react-native",
04-24 10:36:55.534 23305 23560 D Sentry : "level": "debug"
04-24 10:36:55.534 23305 23560 D Sentry : }
04-24 10:36:55.535 23305 23560 D Sentry : Serializing object: {
04-24 10:36:55.535 23305 23560 D Sentry : "timestamp": "2026-04-24T08:36:55.528Z",
04-24 10:36:55.535 23305 23560 D Sentry : "message": "Establishing subscriptions for new DEXs: xyz",
04-24 10:36:55.535 23305 23560 D Sentry : "data": {
04-24 10:36:55.535 23305 23560 D Sentry : "logger": "console",
04-24 10:36:55.535 23305 23560 D Sentry : "arguments": [
04-24 10:36:55.535 23305 23560 D Sentry : "Establishing subscriptions for new DEXs:",
04-24 10:36:55.535 23305 23560 D Sentry : [
04-24 10:36:55.535 23305 23560 D Sentry : "xyz"
04-24 10:36:55.535 23305 23560 D Sentry : ]
04-24 10:36:55.535 23305 23560 D Sentry : ]
04-24 10:36:55.535 23305 23560 D Sentry : },
04-24 10:36:55.535 23305 23560 D Sentry : "category": "console",
04-24 10:36:55.535 23305 23560 D Sentry : "origin": "react-native",
04-24 10:36:55.535 23305 23560 D Sentry : "level": "debug"
04-24 10:36:55.535 23305 23560 D Sentry : }
04-24 10:36:55.536 23305 23560 D Sentry : Serializing object: {
04-24 10:36:55.536 23305 23560 D Sentry : "timestamp": "2026-04-24T08:36:55.532Z",
04-24 10:36:55.536 23305 23560 D Sentry : "type": "http",
04-24 10:36:55.536 23305 23560 D Sentry : "data": {
04-24 10:36:55.536 23305 23560 D Sentry : "status_code": 200.0,
04-24 10:36:55.536 23305 23560 D Sentry : "method": "POST",
04-24 10:36:55.536 23305 23560 D Sentry : "url": "https:"
04-24 10:36:55.536 23305 23560 D Sentry : },
04-24 10:36:55.536 23305 23560 D Sentry : "category": "fetch",
04-24 10:36:55.536 23305 23560 D Sentry : "origin": "react-native",
04-24 10:36:55.536 23305 23560 D Sentry : "level": "info"
04-24 10:36:55.536 23305 23560 D Sentry : }
04-24 10:36:55.537 23305 23560 D Sentry : Serializing object: {
04-24 10:36:55.537 23305 23560 D Sentry : "timestamp": "2026-04-24T08:36:55.533Z",
04-24 10:36:55.537 23305 23560 D Sentry : "type": "http",
04-24 10:36:55.537 23305 23560 D Sentry : "data": {
04-24 10:36:55.537 23305 23560 D Sentry : "status_code": 200.0,
04-24 10:36:55.537 23305 23560 D Sentry : "method": "POST",
04-24 10:36:55.537 23305 23560 D Sentry : "url": "https:"
04-24 10:36:55.537 23305 23560 D Sentry : },
04-24 10:36:55.537 23305 23560 D Sentry : "category": "fetch",
04-24 10:36:55.537 23305 23560 D Sentry : "origin": "react-native",
04-24 10:36:55.537 23305 23560 D Sentry : "level": "info"
04-24 10:36:55.537 23305 23560 D Sentry : }
04-24 10:36:55.539 23305 23560 D Sentry : Serializing object: {
04-24 10:36:55.539 23305 23560 D Sentry : "timestamp": "2026-04-24T08:36:55.533Z",
04-24 10:36:55.539 23305 23560 D Sentry : "message": "Sent 1 events",
04-24 10:36:55.539 23305 23560 D Sentry : "data": {
04-24 10:36:55.539 23305 23560 D Sentry : "logger": "console",
04-24 10:36:55.539 23305 23560 D Sentry : "arguments": [
04-24 10:36:55.539 23305 23560 D Sentry : "Sent 1 events"
04-24 10:36:55.539 23305 23560 D Sentry : ]
04-24 10:36:55.539 23305 23560 D Sentry : },
04-24 10:36:55.539 23305 23560 D Sentry : "category": "console",
04-24 10:36:55.539 23305 23560 D Sentry : "origin": "react-native",
04-24 10:36:55.539 23305 23560 D Sentry : "level": "info"
04-24 10:36:55.539 23305 23560 D Sentry : }
04-24 10:36:55.561 23305 23400 D RNKeychainManager: Probe cipher storage: FacebookConceal
04-24 10:36:55.562 23305 23400 D RNKeychainManager: Probe cipher storage: KeystoreAESCBC
04-24 10:36:55.562 23305 23400 D RNKeychainManager: Probe cipher storage: KeystoreRSAECB
04-24 10:36:55.562 23305 23400 D RNKeychainManager: Probe cipher storage: KeystoreAESGCM_NoAuth
04-24 10:36:55.562 23305 23400 D RNKeychainManager: Probe cipher storage: KeystoreAESGCM
04-24 10:36:55.562 23305 23400 D RNKeychainManager: Selected storage: KeystoreAESGCM_NoAuth
04-24 10:36:55.710 23305 23305 W unknown:WrappingUtils: Don't know how to round that drawable: com.facebook.react.views.image.ReactImageDownloadListener$EmptyDrawable@5b1ca1d
04-24 10:36:55.733 23305 23305 W unknown:WrappingUtils: Don't know how to round that drawable: com.facebook.react.views.image.ReactImageDownloadListener$EmptyDrawable@7b61492
04-24 10:36:55.766 23305 23305 W unknown:WrappingUtils: Don't know how to round that drawable: com.facebook.react.views.image.ReactImageDownloadListener$EmptyDrawable@db76e63
04-24 10:36:55.784 23305 23305 W unknown:WrappingUtils: Don't know how to round that drawable: com.facebook.react.views.image.ReactImageDownloadListener$EmptyDrawable@e4e5a60
04-24 10:36:55.956 23305 23480 D nativeloader: Load /data/app/~~EqU0XSlr2zcpcMDD0vqwEw==/io.metamask-ZYBun7Ue_OlXZWCIuVZXKw==/base.apk!/lib/arm64-v8a/libnative-imagetranscoder.so using class loader ns clns-10 (caller=/data/app/~~EqU0XSlr2zcpcMDD0vqwEw==/io.metamask-ZYBun7Ue_OlXZWCIuVZXKw==/base.apk!classes9.dex): ok
04-24 10:36:56.015 23305 23511 D ReactNativeJS: [TeamsCache] Fetching teams for league: nba, teams: den, min
04-24 10:36:56.016 23305 23560 D Sentry : Serializing object: {
04-24 10:36:56.016 23305 23560 D Sentry : "timestamp": "2026-04-24T08:36:56.015Z",
04-24 10:36:56.016 23305 23560 D Sentry : "message": "[TeamsCache] Fetching teams for league: nba, teams: den, min",
04-24 10:36:56.016 23305 23560 D Sentry : "data": {
04-24 10:36:56.016 23305 23560 D Sentry : "logger": "console",
04-24 10:36:56.016 23305 23560 D Sentry : "arguments": [
04-24 10:36:56.016 23305 23560 D Sentry : "[TeamsCache] Fetching teams for league: nba, teams: den, min"
04-24 10:36:56.016 23305 23560 D Sentry : ]
04-24 10:36:56.016 23305 23560 D Sentry : },
04-24 10:36:56.016 23305 23560 D Sentry : "category": "console",
04-24 10:36:56.016 23305 23560 D Sentry : "origin": "react-native",
04-24 10:36:56.016 23305 23560 D Sentry : "level": "debug"
04-24 10:36:56.016 23305 23560 D Sentry : }
04-24 10:36:56.129 23305 23424 E RNKeychainManager: No entry found for service: com.metamask.TRANSAK_ACCESS_TOKEN
04-24 10:36:56.129 23305 23560 D Sentry : Serializing object: {
04-24 10:36:56.129 23305 23560 D Sentry : "timestamp": "2026-04-24T08:36:56.129Z",
04-24 10:36:56.129 23305 23560 D Sentry : "message": "No entry found for service: com.metamask.TRANSAK_ACCESS_TOKEN",
04-24 10:36:56.129 23305 23560 D Sentry : "data": {
04-24 10:36:56.129 23305 23560 D Sentry : "tag": "RNKeychainManager"
04-24 10:36:56.129 23305 23560 D Sentry : },
04-24 10:36:56.129 23305 23560 D Sentry : "category": "Logcat",
04-24 10:36:56.129 23305 23560 D Sentry : "level": "error"
04-24 10:36:56.129 23305 23560 D Sentry : }
04-24 10:36:56.132 23305 23424 E RNKeychainManager: No entry found for service: com.metamask.TRANSAK_ACCESS_TOKEN
04-24 10:36:56.133 23305 23560 D Sentry : Serializing object: {
04-24 10:36:56.133 23305 23560 D Sentry : "timestamp": "2026-04-24T08:36:56.132Z",
04-24 10:36:56.133 23305 23560 D Sentry : "message": "No entry found for service: com.metamask.TRANSAK_ACCESS_TOKEN",
04-24 10:36:56.133 23305 23560 D Sentry : "data": {
04-24 10:36:56.133 23305 23560 D Sentry : "tag": "RNKeychainManager"
04-24 10:36:56.133 23305 23560 D Sentry : },
04-24 10:36:56.133 23305 23560 D Sentry : "category": "Logcat",
04-24 10:36:56.133 23305 23560 D Sentry : "level": "error"
04-24 10:36:56.133 23305 23560 D Sentry : }
04-24 10:36:56.136 23305 23455 E RNKeychainManager: No entry found for service: com.metamask.TRANSAK_ACCESS_TOKEN
04-24 10:36:56.137 23305 23560 D Sentry : Serializing object: {
04-24 10:36:56.137 23305 23560 D Sentry : "timestamp": "2026-04-24T08:36:56.136Z",
04-24 10:36:56.137 23305 23560 D Sentry : "message": "No entry found for service: com.metamask.TRANSAK_ACCESS_TOKEN",
04-24 10:36:56.137 23305 23560 D Sentry : "data": {
04-24 10:36:56.137 23305 23560 D Sentry : "tag": "RNKeychainManager"
04-24 10:36:56.137 23305 23560 D Sentry : },
04-24 10:36:56.137 23305 23560 D Sentry : "category": "Logcat",
04-24 10:36:56.137 23305 23560 D Sentry : "level": "error"
04-24 10:36:56.137 23305 23560 D Sentry : }
04-24 10:36:56.140 23305 23424 E RNKeychainManager: No entry found for service: com.metamask.TRANSAK_ACCESS_TOKEN
04-24 10:36:56.140 23305 23560 D Sentry : Serializing object: {
04-24 10:36:56.140 23305 23560 D Sentry : "timestamp": "2026-04-24T08:36:56.140Z",
04-24 10:36:56.140 23305 23560 D Sentry : "message": "No entry found for service: com.metamask.TRANSAK_ACCESS_TOKEN",
04-24 10:36:56.140 23305 23560 D Sentry : "data": {
04-24 10:36:56.140 23305 23560 D Sentry : "tag": "RNKeychainManager"
04-24 10:36:56.140 23305 23560 D Sentry : },
04-24 10:36:56.140 23305 23560 D Sentry : "category": "Logcat",
04-24 10:36:56.140 23305 23560 D Sentry : "level": "error"
04-24 10:36:56.140 23305 23560 D Sentry : }
04-24 10:36:56.144 23305 23424 E RNKeychainManager: No entry found for service: com.metamask.TRANSAK_ACCESS_TOKEN
04-24 10:36:56.144 23305 23560 D Sentry : Serializing object: {
04-24 10:36:56.144 23305 23560 D Sentry : "timestamp": "2026-04-24T08:36:56.143Z",
04-24 10:36:56.144 23305 23560 D Sentry : "message": "No entry found for service: com.metamask.TRANSAK_ACCESS_TOKEN",
04-24 10:36:56.144 23305 23560 D Sentry : "data": {
04-24 10:36:56.144 23305 23560 D Sentry : "tag": "RNKeychainManager"
04-24 10:36:56.144 23305 23560 D Sentry : },
04-24 10:36:56.144 23305 23560 D Sentry : "category": "Logcat",
04-24 10:36:56.144 23305 23560 D Sentry : "level": "error"
04-24 10:36:56.144 23305 23560 D Sentry : }
04-24 10:36:56.201 23305 23511 D ReactNativeJS: 'PerpsStreamProvider: Using stream manager:', { isTestManager: false,
04-24 10:36:56.201 23305 23511 D ReactNativeJS: isE2EMockManager: false,
04-24 10:36:56.201 23305 23511 D ReactNativeJS: isRealManager: true }
04-24 10:36:56.204 23305 23560 D Sentry : Serializing object: {
04-24 10:36:56.204 23305 23560 D Sentry : "timestamp": "2026-04-24T08:36:56.200Z",
04-24 10:36:56.204 23305 23560 D Sentry : "message": "PerpsStreamProvider: Using stream manager: [object Object]",
04-24 10:36:56.204 23305 23560 D Sentry : "data": {
04-24 10:36:56.204 23305 23560 D Sentry : "logger": "console",
04-24 10:36:56.204 23305 23560 D Sentry : "arguments": [
04-24 10:36:56.204 23305 23560 D Sentry : "PerpsStreamProvider: Using stream manager:",
04-24 10:36:56.204 23305 23560 D Sentry : {
04-24 10:36:56.204 23305 23560 D Sentry : "isE2EMockManager": false,
04-24 10:36:56.204 23305 23560 D Sentry : "isRealManager": true,
04-24 10:36:56.204 23305 23560 D Sentry : "isTestManager": false
04-24 10:36:56.204 23305 23560 D Sentry : }
04-24 10:36:56.204 23305 23560 D Sentry : ]
04-24 10:36:56.204 23305 23560 D Sentry : },
04-24 10:36:56.204 23305 23560 D Sentry : "category": "console",
04-24 10:36:56.204 23305 23560 D Sentry : "origin": "react-native",
04-24 10:36:56.204 23305 23560 D Sentry : "level": "debug"
04-24 10:36:56.204 23305 23560 D Sentry : }
04-24 10:36:56.428 23305 23560 D Sentry : Serializing object: {
04-24 10:36:56.428 23305 23560 D Sentry : "timestamp": "2026-04-24T08:36:56.425Z",
04-24 10:36:56.428 23305 23560 D Sentry : "type": "http",
04-24 10:36:56.428 23305 23560 D Sentry : "data": {
04-24 10:36:56.428 23305 23560 D Sentry : "status_code": 200.0,
04-24 10:36:56.428 23305 23560 D Sentry : "method": "POST",
04-24 10:36:56.428 23305 23560 D Sentry : "url": "https:"
04-24 10:36:56.428 23305 23560 D Sentry : },
04-24 10:36:56.428 23305 23560 D Sentry : "category": "xhr",
04-24 10:36:56.428 23305 23560 D Sentry : "origin": "react-native",
04-24 10:36:56.428 23305 23560 D Sentry : "level": "info"
04-24 10:36:56.428 23305 23560 D Sentry : }
04-24 10:36:56.552 23305 23311 I io.metamask: Background concurrent mark compact GC freed 19MB AllocSpace bytes, 313(28MB) LOS objects, 75% free, 27MB/108MB, paused 1.307ms,4.821ms total 110.136ms
04-24 10:36:56.565 23305 23560 D Sentry : Serializing object: {
04-24 10:36:56.565 23305 23560 D Sentry : "timestamp": "2026-04-24T08:36:56.563Z",
04-24 10:36:56.565 23305 23560 D Sentry : "type": "http",
04-24 10:36:56.565 23305 23560 D Sentry : "data": {
04-24 10:36:56.565 23305 23560 D Sentry : "status_code": 200.0,
04-24 10:36:56.565 23305 23560 D Sentry : "method": "POST",
04-24 10:36:56.565 23305 23560 D Sentry : "url": "http:"
04-24 10:36:56.565 23305 23560 D Sentry : },
04-24 10:36:56.565 23305 23560 D Sentry : "category": "fetch",
04-24 10:36:56.565 23305 23560 D Sentry : "origin": "react-native",
04-24 10:36:56.565 23305 23560 D Sentry : "level": "info"
04-24 10:36:56.565 23305 23560 D Sentry : }
04-24 10:36:56.756 23305 23511 W ReactNativeJS: You passed a server string as an argument to one of the react-native-keychain functions.
04-24 10:36:56.756 23305 23511 W ReactNativeJS: This way of passing service is deprecated and will be removed in a future major.
04-24 10:36:56.756 23305 23511 W ReactNativeJS: Please update your code to use { service: "VAULT_BACKUP" }
04-24 10:36:56.758 23305 23560 D Sentry : Serializing object: {
04-24 10:36:56.758 23305 23560 D Sentry : "timestamp": "2026-04-24T08:36:56.755Z",
04-24 10:36:56.758 23305 23560 D Sentry : "message": "You passed a server string as an argument to one of the react-native-keychain functions.\n This way of passing service is deprecated and will be removed in a future major.\n Please update your code to use { service: \"VAULT_BACKUP\" }",
04-24 10:36:56.758 23305 23560 D Sentry : "data": {
04-24 10:36:56.758 23305 23560 D Sentry : "logger": "console",
04-24 10:36:56.758 23305 23560 D Sentry : "arguments": [
04-24 10:36:56.758 23305 23560 D Sentry : "You passed a server string as an argument to one of the react-native-keychain functions.\n This way of passing service is deprecated and will be removed in a future major.\n Please update your code to use { service: \"VAULT_BACKUP\" }"
04-24 10:36:56.758 23305 23560 D Sentry : ]
04-24 10:36:56.758 23305 23560 D Sentry : },
04-24 10:36:56.758 23305 23560 D Sentry : "category": "console",
04-24 10:36:56.758 23305 23560 D Sentry : "origin": "react-native",
04-24 10:36:56.758 23305 23560 D Sentry : "level": "warning"
04-24 10:36:56.758 23305 23560 D Sentry : }
04-24 10:36:57.038 23305 23511 D ReactNativeJS: 'PerpsStreamProvider: Using stream manager:', { isTestManager: false,
04-24 10:36:57.038 23305 23511 D ReactNativeJS: isE2EMockManager: false,
04-24 10:36:57.038 23305 23511 D ReactNativeJS: isRealManager: true }
04-24 10:36:57.041 23305 23560 D Sentry : Serializing object: {
04-24 10:36:57.041 23305 23560 D Sentry : "timestamp": "2026-04-24T08:36:57.038Z",
04-24 10:36:57.041 23305 23560 D Sentry : "message": "PerpsStreamProvider: Using stream manager: [object Object]",
04-24 10:36:57.041 23305 23560 D Sentry : "data": {
04-24 10:36:57.041 23305 23560 D Sentry : "logger": "console",
04-24 10:36:57.041 23305 23560 D Sentry : "arguments": [
04-24 10:36:57.041 23305 23560 D Sentry : "PerpsStreamProvider: Using stream manager:",
04-24 10:36:57.041 23305 23560 D Sentry : {
04-24 10:36:57.041 23305 23560 D Sentry : "isE2EMockManager": false,
04-24 10:36:57.041 23305 23560 D Sentry : "isRealManager": true,
04-24 10:36:57.041 23305 23560 D Sentry : "isTestManager": false
04-24 10:36:57.041 23305 23560 D Sentry : }
04-24 10:36:57.041 23305 23560 D Sentry : ]
04-24 10:36:57.041 23305 23560 D Sentry : },
04-24 10:36:57.041 23305 23560 D Sentry : "category": "console",
04-24 10:36:57.041 23305 23560 D Sentry : "origin": "react-native",
04-24 10:36:57.041 23305 23560 D Sentry : "level": "debug"
04-24 10:36:57.041 23305 23560 D Sentry : }
04-24 10:36:57.204 23305 23560 D Sentry : Serializing object: {
04-24 10:36:57.204 23305 23560 D Sentry : "timestamp": "2026-04-24T08:36:57.201Z",
04-24 10:36:57.204 23305 23560 D Sentry : "type": "http",
04-24 10:36:57.204 23305 23560 D Sentry : "data": {
04-24 10:36:57.204 23305 23560 D Sentry : "status_code": 200.0,
04-24 10:36:57.204 23305 23560 D Sentry : "method": "POST",
04-24 10:36:57.204 23305 23560 D Sentry : "url": "https:"
04-24 10:36:57.204 23305 23560 D Sentry : },
04-24 10:36:57.204 23305 23560 D Sentry : "category": "xhr",
04-24 10:36:57.204 23305 23560 D Sentry : "origin": "react-native",
04-24 10:36:57.204 23305 23560 D Sentry : "level": "info"
04-24 10:36:57.204 23305 23560 D Sentry : }
04-24 10:36:57.208 23305 23560 D Sentry : Serializing object: {
04-24 10:36:57.208 23305 23560 D Sentry : "timestamp": "2026-04-24T08:36:57.204Z",
04-24 10:36:57.208 23305 23560 D Sentry : "type": "http",
04-24 10:36:57.208 23305 23560 D Sentry : "data": {
04-24 10:36:57.208 23305 23560 D Sentry : "status_code": 200.0,
04-24 10:36:57.208 23305 23560 D Sentry : "method": "POST",
04-24 10:36:57.208 23305 23560 D Sentry : "url": "https:"
04-24 10:36:57.208 23305 23560 D Sentry : },
04-24 10:36:57.208 23305 23560 D Sentry : "category": "xhr",
04-24 10:36:57.208 23305 23560 D Sentry : "origin": "react-native",
04-24 10:36:57.208 23305 23560 D Sentry : "level": "info"
04-24 10:36:57.208 23305 23560 D Sentry : }
04-24 10:36:57.212 23305 23560 D Sentry : Serializing object: {
04-24 10:36:57.212 23305 23560 D Sentry : "timestamp": "2026-04-24T08:36:57.207Z",
04-24 10:36:57.212 23305 23560 D Sentry : "type": "http",
04-24 10:36:57.212 23305 23560 D Sentry : "data": {
04-24 10:36:57.212 23305 23560 D Sentry : "status_code": 200.0,
04-24 10:36:57.212 23305 23560 D Sentry : "method": "POST",
04-24 10:36:57.212 23305 23560 D Sentry : "url": "https:"
04-24 10:36:57.212 23305 23560 D Sentry : },
04-24 10:36:57.212 23305 23560 D Sentry : "category": "xhr",
04-24 10:36:57.212 23305 23560 D Sentry : "origin": "react-native",
04-24 10:36:57.212 23305 23560 D Sentry : "level": "info"
04-24 10:36:57.212 23305 23560 D Sentry : }
04-24 10:36:57.219 23305 23511 D ReactNativeJS: '[SubscriptionService] DEX meta cache populated', { dex: 'main', universeSize: 230 }
04-24 10:36:57.221 23305 23511 D ReactNativeJS: '[SubscriptionService] DEX assetCtxs cache populated', { dex: 'main', ctxsCount: 230 }
04-24 10:36:57.221 23305 23560 D Sentry : Serializing object: {
04-24 10:36:57.221 23305 23560 D Sentry : "timestamp": "2026-04-24T08:36:57.219Z",
04-24 10:36:57.221 23305 23560 D Sentry : "message": "[SubscriptionService] DEX meta cache populated [object Object]",
04-24 10:36:57.221 23305 23560 D Sentry : "data": {
04-24 10:36:57.221 23305 23560 D Sentry : "logger": "console",
04-24 10:36:57.221 23305 23560 D Sentry : "arguments": [
04-24 10:36:57.221 23305 23560 D Sentry : "[SubscriptionService] DEX meta cache populated",
04-24 10:36:57.221 23305 23560 D Sentry : {
04-24 10:36:57.221 23305 23560 D Sentry : "dex": "main",
04-24 10:36:57.221 23305 23560 D Sentry : "universeSize": 230.0
04-24 10:36:57.221 23305 23560 D Sentry : }
04-24 10:36:57.221 23305 23560 D Sentry : ]
04-24 10:36:57.221 23305 23560 D Sentry : },
04-24 10:36:57.221 23305 23560 D Sentry : "category": "console",
04-24 10:36:57.221 23305 23560 D Sentry : "origin": "react-native",
04-24 10:36:57.221 23305 23560 D Sentry : "level": "debug"
04-24 10:36:57.221 23305 23560 D Sentry : }
04-24 10:36:57.222 23305 23511 W ReactNativeJS: You passed a server string as an argument to one of the react-native-keychain functions.
04-24 10:36:57.222 23305 23511 W ReactNativeJS: This way of passing service is deprecated and will be removed in a future major.
04-24 10:36:57.222 23305 23511 W ReactNativeJS: Please update your code to use { service: "VAULT_BACKUP" }
04-24 10:36:57.227 23305 23560 D Sentry : Serializing object: {
04-24 10:36:57.227 23305 23560 D Sentry : "timestamp": "2026-04-24T08:36:57.220Z",
04-24 10:36:57.227 23305 23560 D Sentry : "message": "[SubscriptionService] DEX assetCtxs cache populated [object Object]",
04-24 10:36:57.227 23305 23560 D Sentry : "data": {
04-24 10:36:57.227 23305 23560 D Sentry : "logger": "console",
04-24 10:36:57.227 23305 23560 D Sentry : "arguments": [
04-24 10:36:57.227 23305 23560 D Sentry : "[SubscriptionService] DEX assetCtxs cache populated",
04-24 10:36:57.227 23305 23560 D Sentry : {
04-24 10:36:57.227 23305 23560 D Sentry : "dex": "main",
04-24 10:36:57.227 23305 23560 D Sentry : "ctxsCount": 230.0
04-24 10:36:57.227 23305 23560 D Sentry : }
04-24 10:36:57.227 23305 23560 D Sentry : ]
04-24 10:36:57.227 23305 23560 D Sentry : },
04-24 10:36:57.227 23305 23560 D Sentry : "category": "console",
04-24 10:36:57.227 23305 23560 D Sentry : "origin": "react-native",
04-24 10:36:57.227 23305 23560 D Sentry : "level": "debug"
04-24 10:36:57.227 23305 23560 D Sentry : }
04-24 10:36:57.230 23305 23560 D Sentry : Serializing object: {
04-24 10:36:57.230 23305 23560 D Sentry : "timestamp": "2026-04-24T08:36:57.222Z",
04-24 10:36:57.230 23305 23560 D Sentry : "message": "You passed a server string as an argument to one of the react-native-keychain functions.\n This way of passing service is deprecated and will be removed in a future major.\n Please update your code to use { service: \"VAULT_BACKUP\" }",
04-24 10:36:57.230 23305 23560 D Sentry : "data": {
04-24 10:36:57.230 23305 23560 D Sentry : "logger": "console",
04-24 10:36:57.230 23305 23560 D Sentry : "arguments": [
04-24 10:36:57.230 23305 23560 D Sentry : "You passed a server string as an argument to one of the react-native-keychain functions.\n This way of passing service is deprecated and will be removed in a future major.\n Please update your code to use { service: \"VAULT_BACKUP\" }"
04-24 10:36:57.230 23305 23560 D Sentry : ]
04-24 10:36:57.230 23305 23560 D Sentry : },
04-24 10:36:57.230 23305 23560 D Sentry : "category": "console",
04-24 10:36:57.230 23305 23560 D Sentry : "origin": "react-native",
04-24 10:36:57.230 23305 23560 D Sentry : "level": "warning"
04-24 10:36:57.230 23305 23560 D Sentry : }
04-24 10:36:57.240 23305 23560 D Sentry : Serializing object: {
04-24 10:36:57.240 23305 23560 D Sentry : "timestamp": "2026-04-24T08:36:57.239Z",
04-24 10:36:57.240 23305 23560 D Sentry : "type": "http",
04-24 10:36:57.240 23305 23560 D Sentry : "data": {
04-24 10:36:57.240 23305 23560 D Sentry : "status_code": 200.0,
04-24 10:36:57.240 23305 23560 D Sentry : "method": "GET",
04-24 10:36:57.240 23305 23560 D Sentry : "url": "https:"
04-24 10:36:57.240 23305 23560 D Sentry : },
04-24 10:36:57.240 23305 23560 D Sentry : "category": "xhr",
04-24 10:36:57.240 23305 23560 D Sentry : "origin": "react-native",
04-24 10:36:57.240 23305 23560 D Sentry : "level": "info"
04-24 10:36:57.240 23305 23560 D Sentry : }
04-24 10:36:57.296 23305 23511 D ReactNativeJS: '[SubscriptionService] DEX meta cache populated', { dex: 'xyz', universeSize: 67 }
04-24 10:36:57.296 23305 23511 D ReactNativeJS: '[SubscriptionService] DEX assetCtxs cache populated', { dex: 'xyz', ctxsCount: 67 }
04-24 10:36:57.299 23305 23560 D Sentry : Serializing object: {
04-24 10:36:57.299 23305 23560 D Sentry : "timestamp": "2026-04-24T08:36:57.296Z",
04-24 10:36:57.299 23305 23560 D Sentry : "message": "[SubscriptionService] DEX meta cache populated [object Object]",
04-24 10:36:57.299 23305 23560 D Sentry : "data": {
04-24 10:36:57.299 23305 23560 D Sentry : "logger": "console",
04-24 10:36:57.299 23305 23560 D Sentry : "arguments": [
04-24 10:36:57.299 23305 23560 D Sentry : "[SubscriptionService] DEX meta cache populated",
04-24 10:36:57.299 23305 23560 D Sentry : {
04-24 10:36:57.299 23305 23560 D Sentry : "dex": "xyz",
04-24 10:36:57.299 23305 23560 D Sentry : "universeSize": 67.0
04-24 10:36:57.299 23305 23560 D Sentry : }
04-24 10:36:57.299 23305 23560 D Sentry : ]
04-24 10:36:57.299 23305 23560 D Sentry : },
04-24 10:36:57.299 23305 23560 D Sentry : "category": "console",
04-24 10:36:57.299 23305 23560 D Sentry : "origin": "react-native",
04-24 10:36:57.299 23305 23560 D Sentry : "level": "debug"
04-24 10:36:57.299 23305 23560 D Sentry : }
04-24 10:36:57.301 23305 23511 D ReactNativeJS: 'HyperLiquidProvider: Asset mapping built', { totalAssets: 297,
04-24 10:36:57.301 23305 23511 D ReactNativeJS: dexCount: 2,
04-24 10:36:57.301 23305 23511 D ReactNativeJS: mainDexSample: [ 'BTC', 'ETH', 'ATOM', 'MATIC', 'DYDX' ],
04-24 10:36:57.301 23305 23511 D ReactNativeJS: hip3Sample:
04-24 10:36:57.301 23305 23511 D ReactNativeJS: [ 'xyz:XYZ100',
04-24 10:36:57.301 23305 23511 D ReactNativeJS: 'xyz:TSLA',
04-24 10:36:57.301 23305 23511 D ReactNativeJS: 'xyz:NVDA',
04-24 10:36:57.301 23305 23511 D ReactNativeJS: 'xyz:GOLD',
04-24 10:36:57.301 23305 23511 D ReactNativeJS: 'xyz:HOOD',
04-24 10:36:57.301 23305 23511 D ReactNativeJS: 'xyz:INTC',
04-24 10:36:57.301 23305 23511 D ReactNativeJS: 'xyz:PLTR',
04-24 10:36:57.301 23305 23511 D ReactNativeJS: 'xyz:COIN',
04-24 10:36:57.301 23305 23511 D ReactNativeJS: 'xyz:META',
04-24 10:36:57.301 23305 23511 D ReactNativeJS: 'xyz:AAPL' ] }
04-24 10:36:57.301 23305 23511 D ReactNativeJS: [ensureReady] Initialization complete
04-24 10:36:57.303 23305 23560 D Sentry : Serializing object: {
04-24 10:36:57.303 23305 23560 D Sentry : "timestamp": "2026-04-24T08:36:57.298Z",
04-24 10:36:57.303 23305 23560 D Sentry : "message": "[SubscriptionService] DEX assetCtxs cache populated [object Object]",
04-24 10:36:57.303 23305 23560 D Sentry : "data": {
04-24 10:36:57.303 23305 23560 D Sentry : "logger": "console",
04-24 10:36:57.303 23305 23560 D Sentry : "arguments": [
04-24 10:36:57.303 23305 23560 D Sentry : "[SubscriptionService] DEX assetCtxs cache populated",
04-24 10:36:57.303 23305 23560 D Sentry : {
04-24 10:36:57.303 23305 23560 D Sentry : "dex": "xyz",
04-24 10:36:57.303 23305 23560 D Sentry : "ctxsCount": 67.0
04-24 10:36:57.303 23305 23560 D Sentry : }
04-24 10:36:57.303 23305 23560 D Sentry : ]
04-24 10:36:57.303 23305 23560 D Sentry : },
04-24 10:36:57.303 23305 23560 D Sentry : "category": "console",
04-24 10:36:57.303 23305 23560 D Sentry : "origin": "react-native",
04-24 10:36:57.303 23305 23560 D Sentry : "level": "debug"
04-24 10:36:57.303 23305 23560 D Sentry : }
04-24 10:36:57.304 23305 23511 D ReactNativeJS: 'HyperLiquid: Disconnecting SDK clients', { isTestnet: false,
04-24 10:36:57.304 23305 23511 D ReactNativeJS: timestamp: '2026-04-24T08:36:57.303Z',
04-24 10:36:57.304 23305 23511 D ReactNativeJS: connectionState: 'disconnecting' }
04-24 10:36:57.306 23305 23511 D ReactNativeJS: 'HyperLiquid: WebSocket terminated', { reason: 'TERMINATED_BY_USER',
04-24 10:36:57.306 23305 23511 D ReactNativeJS: timestamp: '2026-04-24T08:36:57.305Z' }
04-24 10:36:57.308 23305 23560 D Sentry : Serializing object: {
04-24 10:36:57.308 23305 23560 D Sentry : "timestamp": "2026-04-24T08:36:57.300Z",
04-24 10:36:57.308 23305 23560 D Sentry : "message": "HyperLiquidProvider: Asset mapping built [object Object]",
04-24 10:36:57.308 23305 23560 D Sentry : "data": {
04-24 10:36:57.308 23305 23560 D Sentry : "logger": "console",
04-24 10:36:57.308 23305 23560 D Sentry : "arguments": [
04-24 10:36:57.308 23305 23560 D Sentry : "HyperLiquidProvider: Asset mapping built",
04-24 10:36:57.308 23305 23560 D Sentry : {
04-24 10:36:57.308 23305 23560 D Sentry : "mainDexSample": [
04-24 10:36:57.308 23305 23560 D Sentry : "BTC",
04-24 10:36:57.308 23305 23560 D Sentry : "ETH",
04-24 10:36:57.308 23305 23560 D Sentry : "ATOM",
04-24 10:36:57.308 23305 23560 D Sentry : "MATIC",
04-24 10:36:57.308 23305 23560 D Sentry : "DYDX"
04-24 10:36:57.308 23305 23560 D Sentry : ],
04-24 10:36:57.308 23305 23560 D Sentry : "hip3Sample": [
04-24 10:36:57.308 23305 23560 D Sentry : "xyz:XYZ100",
04-24 10:36:57.308 23305 23560 D Sentry : "xyz:TSLA",
04-24 10:36:57.308 23305 23560 D Sentry : "xyz:NVDA",
04-24 10:36:57.308 23305 23560 D Sentry : "xyz:GOLD",
04-24 10:36:57.308 23305 23560 D Sentry : "xyz:HOOD",
04-24 10:36:57.308 23305 23560 D Sentry : "xyz:INTC",
04-24 10:36:57.308 23305 23560 D Sentry : "xyz:PLTR",
04-24 10:36:57.308 23305 23560 D Sentry : "xyz:COIN",
04-24 10:36:57.308 23305 23560 D Sentry : "xyz:META",
04-24 10:36:57.308 23305 23560 D Sentry : "xyz:AAPL"
04-24 10:36:57.308 23305 23560 D Sentry : ],
04-24 10:36:57.308 23305 23560 D Sentry : "totalAssets": 297.0,
04-24 10:36:57.308 23305 23560 D Sentry : "dexCount": 2.0
04-24 10:36:57.308 23305 23560 D Sentry : }
04-24 10:36:57.308 23305 23560 D Sentry : ]
04-24 10:36:57.308 23305 23560 D Sentry : },
04-24 10:36:57.308 23305 23560 D Sentry : "category": "console",
04-24 10:36:57.308 23305 23560 D Sentry : "origin": "react-native",
04-24 10:36:57.308 23305 23560 D Sentry : "level": "debug"
04-24 10:36:57.308 23305 23560 D Sentry : }
04-24 10:36:57.310 23305 23511 D ReactNativeJS: '[getMarketDataWithPrices] Using cached meta for main', { universeSize: 230 }
04-24 10:36:57.311 23305 23511 D ReactNativeJS: '[getMarketDataWithPrices] No WS allMids snapshot, falling back to REST', { dexParam: 'main' }
04-24 10:36:57.312 23305 23560 D Sentry : Serializing object: {
04-24 10:36:57.312 23305 23560 D Sentry : "timestamp": "2026-04-24T08:36:57.302Z",
04-24 10:36:57.312 23305 23560 D Sentry : "message": "[ensureReady] Initialization complete",
04-24 10:36:57.312 23305 23560 D Sentry : "data": {
04-24 10:36:57.312 23305 23560 D Sentry : "logger": "console",
04-24 10:36:57.312 23305 23560 D Sentry : "arguments": [
04-24 10:36:57.312 23305 23560 D Sentry : "[ensureReady] Initialization complete"
04-24 10:36:57.312 23305 23560 D Sentry : ]
04-24 10:36:57.312 23305 23560 D Sentry : },
04-24 10:36:57.312 23305 23560 D Sentry : "category": "console",
04-24 10:36:57.312 23305 23560 D Sentry : "origin": "react-native",
04-24 10:36:57.312 23305 23560 D Sentry : "level": "debug"
04-24 10:36:57.312 23305 23560 D Sentry : }
04-24 10:36:57.313 23305 23560 D Sentry : Serializing object: {
04-24 10:36:57.313 23305 23560 D Sentry : "timestamp": "2026-04-24T08:36:57.303Z",
04-24 10:36:57.313 23305 23560 D Sentry : "message": "HyperLiquid: Disconnecting SDK clients [object Object]",
04-24 10:36:57.313 23305 23560 D Sentry : "data": {
04-24 10:36:57.313 23305 23560 D Sentry : "logger": "console",
04-24 10:36:57.313 23305 23560 D Sentry : "arguments": [
04-24 10:36:57.313 23305 23560 D Sentry : "HyperLiquid: Disconnecting SDK clients",
04-24 10:36:57.313 23305 23560 D Sentry : {
04-24 10:36:57.313 23305 23560 D Sentry : "isTestnet": false,
04-24 10:36:57.313 23305 23560 D Sentry : "connectionState": "disconnecting",
04-24 10:36:57.313 23305 23560 D Sentry : "timestamp": "2026-04-24T08:36:57.303Z"
04-24 10:36:57.313 23305 23560 D Sentry : }
04-24 10:36:57.313 23305 23560 D Sentry : ]
04-24 10:36:57.313 23305 23560 D Sentry : },
04-24 10:36:57.313 23305 23560 D Sentry : "category": "console",
04-24 10:36:57.313 23305 23560 D Sentry : "origin": "react-native",
04-24 10:36:57.313 23305 23560 D Sentry : "level": "debug"
04-24 10:36:57.313 23305 23560 D Sentry : }
04-24 10:36:57.314 23305 23560 D Sentry : Serializing object: {
04-24 10:36:57.314 23305 23560 D Sentry : "timestamp": "2026-04-24T08:36:57.306Z",
04-24 10:36:57.314 23305 23560 D Sentry : "message": "HyperLiquid: WebSocket terminated [object Object]",
04-24 10:36:57.314 23305 23560 D Sentry : "data": {
04-24 10:36:57.314 23305 23560 D Sentry : "logger": "console",
04-24 10:36:57.314 23305 23560 D Sentry : "arguments": [
04-24 10:36:57.314 23305 23560 D Sentry : "HyperLiquid: WebSocket terminated",
04-24 10:36:57.314 23305 23560 D Sentry : {
04-24 10:36:57.314 23305 23560 D Sentry : "reason": "TERMINATED_BY_USER",
04-24 10:36:57.314 23305 23560 D Sentry : "timestamp": "2026-04-24T08:36:57.305Z"
04-24 10:36:57.314 23305 23560 D Sentry : }
04-24 10:36:57.314 23305 23560 D Sentry : ]
04-24 10:36:57.314 23305 23560 D Sentry : },
04-24 10:36:57.314 23305 23560 D Sentry : "category": "console",
04-24 10:36:57.314 23305 23560 D Sentry : "origin": "react-native",
04-24 10:36:57.314 23305 23560 D Sentry : "level": "debug"
04-24 10:36:57.314 23305 23560 D Sentry : }
04-24 10:36:57.315 23305 23560 D Sentry : Serializing object: {
04-24 10:36:57.315 23305 23560 D Sentry : "timestamp": "2026-04-24T08:36:57.309Z",
04-24 10:36:57.315 23305 23560 D Sentry : "message": "[getMarketDataWithPrices] Using cached meta for main [object Object]",
04-24 10:36:57.315 23305 23560 D Sentry : "data": {
04-24 10:36:57.315 23305 23560 D Sentry : "logger": "console",
04-24 10:36:57.315 23305 23560 D Sentry : "arguments": [
04-24 10:36:57.315 23305 23560 D Sentry : "[getMarketDataWithPrices] Using cached meta for main",
04-24 10:36:57.315 23305 23560 D Sentry : {
04-24 10:36:57.315 23305 23560 D Sentry : "universeSize": 230.0
04-24 10:36:57.315 23305 23560 D Sentry : }
04-24 10:36:57.315 23305 23560 D Sentry : ]
04-24 10:36:57.315 23305 23560 D Sentry : },
04-24 10:36:57.315 23305 23560 D Sentry : "category": "console",
04-24 10:36:57.315 23305 23560 D Sentry : "origin": "react-native",
04-24 10:36:57.315 23305 23560 D Sentry : "level": "debug"
04-24 10:36:57.315 23305 23560 D Sentry : }
04-24 10:36:57.316 23305 23560 D Sentry : Serializing object: {
04-24 10:36:57.316 23305 23560 D Sentry : "timestamp": "2026-04-24T08:36:57.311Z",
04-24 10:36:57.316 23305 23560 D Sentry : "message": "[getMarketDataWithPrices] No WS allMids snapshot, falling back to REST [object Object]",
04-24 10:36:57.316 23305 23560 D Sentry : "data": {
04-24 10:36:57.316 23305 23560 D Sentry : "logger": "console",
04-24 10:36:57.316 23305 23560 D Sentry : "arguments": [
04-24 10:36:57.316 23305 23560 D Sentry : "[getMarketDataWithPrices] No WS allMids snapshot, falling back to REST",
04-24 10:36:57.316 23305 23560 D Sentry : {
04-24 10:36:57.316 23305 23560 D Sentry : "dexParam": "main"
04-24 10:36:57.316 23305 23560 D Sentry : }
04-24 10:36:57.316 23305 23560 D Sentry : ]
04-24 10:36:57.316 23305 23560 D Sentry : },
04-24 10:36:57.316 23305 23560 D Sentry : "category": "console",
04-24 10:36:57.316 23305 23560 D Sentry : "origin": "react-native",
04-24 10:36:57.316 23305 23560 D Sentry : "level": "debug"
04-24 10:36:57.316 23305 23560 D Sentry : }
04-24 10:36:57.316 23305 23511 D ReactNativeJS: '[getMarketDataWithPrices] Using cached meta for xyz', { universeSize: 67 }
04-24 10:36:57.317 23305 23511 D ReactNativeJS: '[getMarketDataWithPrices] No WS allMids snapshot, falling back to REST', { dexParam: 'xyz' }
04-24 10:36:57.319 23305 23560 D Sentry : Serializing object: {
04-24 10:36:57.319 23305 23560 D Sentry : "timestamp": "2026-04-24T08:36:57.317Z",
04-24 10:36:57.319 23305 23560 D Sentry : "message": "[getMarketDataWithPrices] Using cached meta for xyz [object Object]",
04-24 10:36:57.319 23305 23560 D Sentry : "data": {
04-24 10:36:57.319 23305 23560 D Sentry : "logger": "console",
04-24 10:36:57.319 23305 23560 D Sentry : "arguments": [
04-24 10:36:57.319 23305 23560 D Sentry : "[getMarketDataWithPrices] Using cached meta for xyz",
04-24 10:36:57.319 23305 23560 D Sentry : {
04-24 10:36:57.319 23305 23560 D Sentry : "universeSize": 67.0
04-24 10:36:57.319 23305 23560 D Sentry : }
04-24 10:36:57.319 23305 23560 D Sentry : ]
04-24 10:36:57.319 23305 23560 D Sentry : },
04-24 10:36:57.319 23305 23560 D Sentry : "category": "console",
04-24 10:36:57.319 23305 23560 D Sentry : "origin": "react-native",
04-24 10:36:57.319 23305 23560 D Sentry : "level": "debug"
04-24 10:36:57.319 23305 23560 D Sentry : }
04-24 10:36:57.321 23305 23560 D Sentry : Serializing object: {
04-24 10:36:57.321 23305 23560 D Sentry : "timestamp": "2026-04-24T08:36:57.318Z",
04-24 10:36:57.321 23305 23560 D Sentry : "message": "[getMarketDataWithPrices] No WS allMids snapshot, falling back to REST [object Object]",
04-24 10:36:57.321 23305 23560 D Sentry : "data": {
04-24 10:36:57.321 23305 23560 D Sentry : "logger": "console",
04-24 10:36:57.321 23305 23560 D Sentry : "arguments": [
04-24 10:36:57.321 23305 23560 D Sentry : "[getMarketDataWithPrices] No WS allMids snapshot, falling back to REST",
04-24 10:36:57.321 23305 23560 D Sentry : {
04-24 10:36:57.321 23305 23560 D Sentry : "dexParam": "xyz"
04-24 10:36:57.321 23305 23560 D Sentry : }
04-24 10:36:57.321 23305 23560 D Sentry : ]
04-24 10:36:57.321 23305 23560 D Sentry : },
04-24 10:36:57.321 23305 23560 D Sentry : "category": "console",
04-24 10:36:57.321 23305 23560 D Sentry : "origin": "react-native",
04-24 10:36:57.321 23305 23560 D Sentry : "level": "debug"
04-24 10:36:57.321 23305 23560 D Sentry : }
04-24 10:36:57.328 23305 23560 D Sentry : Serializing object: {
04-24 10:36:57.328 23305 23560 D Sentry : "timestamp": "2026-04-24T08:36:57.326Z",
04-24 10:36:57.328 23305 23560 D Sentry : "type": "http",
04-24 10:36:57.328 23305 23560 D Sentry : "data": {
04-24 10:36:57.328 23305 23560 D Sentry : "status_code": 200.0,
04-24 10:36:57.328 23305 23560 D Sentry : "method": "POST",
04-24 10:36:57.328 23305 23560 D Sentry : "url": "https:"
04-24 10:36:57.328 23305 23560 D Sentry : },
04-24 10:36:57.328 23305 23560 D Sentry : "category": "xhr",
04-24 10:36:57.328 23305 23560 D Sentry : "origin": "react-native",
04-24 10:36:57.328 23305 23560 D Sentry : "level": "info"
04-24 10:36:57.328 23305 23560 D Sentry : }
04-24 10:36:57.332 23305 23560 D Sentry : Serializing object: {
04-24 10:36:57.332 23305 23560 D Sentry : "timestamp": "2026-04-24T08:36:57.329Z",
04-24 10:36:57.332 23305 23560 D Sentry : "type": "http",
04-24 10:36:57.332 23305 23560 D Sentry : "data": {
04-24 10:36:57.332 23305 23560 D Sentry : "status_code": 200.0,
04-24 10:36:57.332 23305 23560 D Sentry : "method": "POST",
04-24 10:36:57.332 23305 23560 D Sentry : "url": "https:"
04-24 10:36:57.332 23305 23560 D Sentry : },
04-24 10:36:57.332 23305 23560 D Sentry : "category": "xhr",
04-24 10:36:57.332 23305 23560 D Sentry : "origin": "react-native",
04-24 10:36:57.332 23305 23560 D Sentry : "level": "info"
04-24 10:36:57.332 23305 23560 D Sentry : }
04-24 10:36:57.337 23305 23560 D Sentry : Serializing object: {
04-24 10:36:57.337 23305 23560 D Sentry : "timestamp": "2026-04-24T08:36:57.336Z",
04-24 10:36:57.337 23305 23560 D Sentry : "type": "http",
04-24 10:36:57.337 23305 23560 D Sentry : "data": {
04-24 10:36:57.337 23305 23560 D Sentry : "status_code": 200.0,
04-24 10:36:57.337 23305 23560 D Sentry : "method": "POST",
04-24 10:36:57.337 23305 23560 D Sentry : "url": "https:"
04-24 10:36:57.337 23305 23560 D Sentry : },
04-24 10:36:57.337 23305 23560 D Sentry : "category": "xhr",
04-24 10:36:57.337 23305 23560 D Sentry : "origin": "react-native",
04-24 10:36:57.337 23305 23560 D Sentry : "level": "info"
04-24 10:36:57.337 23305 23560 D Sentry : }
04-24 10:36:57.342 23305 23560 D Sentry : Serializing object: {
04-24 10:36:57.342 23305 23560 D Sentry : "timestamp": "2026-04-24T08:36:57.340Z",
04-24 10:36:57.342 23305 23560 D Sentry : "type": "http",
04-24 10:36:57.342 23305 23560 D Sentry : "data": {
04-24 10:36:57.342 23305 23560 D Sentry : "status_code": 200.0,
04-24 10:36:57.342 23305 23560 D Sentry : "method": "POST",
04-24 10:36:57.342 23305 23560 D Sentry : "url": "https:"
04-24 10:36:57.342 23305 23560 D Sentry : },
04-24 10:36:57.342 23305 23560 D Sentry : "category": "xhr",
04-24 10:36:57.342 23305 23560 D Sentry : "origin": "react-native",
04-24 10:36:57.342 23305 23560 D Sentry : "level": "info"
04-24 10:36:57.342 23305 23560 D Sentry : }
04-24 10:36:57.347 23305 23560 D Sentry : Serializing object: {
04-24 10:36:57.347 23305 23560 D Sentry : "timestamp": "2026-04-24T08:36:57.346Z",
04-24 10:36:57.347 23305 23560 D Sentry : "type": "http",
