04-24 10:36:57.347 23305 23560 D Sentry : "data": {
04-24 10:36:57.347 23305 23560 D Sentry : "status_code": 200.0,
04-24 10:36:57.347 23305 23560 D Sentry : "method": "POST",
04-24 10:36:57.347 23305 23560 D Sentry : "url": "https:"
04-24 10:36:57.347 23305 23560 D Sentry : },
04-24 10:36:57.347 23305 23560 D Sentry : "category": "xhr",
04-24 10:36:57.347 23305 23560 D Sentry : "origin": "react-native",
04-24 10:36:57.347 23305 23560 D Sentry : "level": "info"
04-24 10:36:57.347 23305 23560 D Sentry : }
04-24 10:36:57.376 23305 23560 D Sentry : Serializing object: {
04-24 10:36:57.376 23305 23560 D Sentry : "timestamp": "2026-04-24T08:36:57.374Z",
04-24 10:36:57.376 23305 23560 D Sentry : "type": "http",
04-24 10:36:57.376 23305 23560 D Sentry : "data": {
04-24 10:36:57.376 23305 23560 D Sentry : "status_code": 200.0,
04-24 10:36:57.376 23305 23560 D Sentry : "method": "POST",
04-24 10:36:57.376 23305 23560 D Sentry : "url": "https:"
04-24 10:36:57.376 23305 23560 D Sentry : },
04-24 10:36:57.376 23305 23560 D Sentry : "category": "xhr",
04-24 10:36:57.376 23305 23560 D Sentry : "origin": "react-native",
04-24 10:36:57.376 23305 23560 D Sentry : "level": "info"
04-24 10:36:57.376 23305 23560 D Sentry : }
04-24 10:36:57.380 23305 23560 D Sentry : Serializing object: {
04-24 10:36:57.380 23305 23560 D Sentry : "timestamp": "2026-04-24T08:36:57.379Z",
04-24 10:36:57.380 23305 23560 D Sentry : "type": "http",
04-24 10:36:57.380 23305 23560 D Sentry : "data": {
04-24 10:36:57.380 23305 23560 D Sentry : "status_code": 200.0,
04-24 10:36:57.380 23305 23560 D Sentry : "method": "POST",
04-24 10:36:57.380 23305 23560 D Sentry : "url": "https:"
04-24 10:36:57.380 23305 23560 D Sentry : },
04-24 10:36:57.380 23305 23560 D Sentry : "category": "xhr",
04-24 10:36:57.380 23305 23560 D Sentry : "origin": "react-native",
04-24 10:36:57.380 23305 23560 D Sentry : "level": "info"
04-24 10:36:57.380 23305 23560 D Sentry : }
04-24 10:36:57.385 23305 23560 D Sentry : Serializing object: {
04-24 10:36:57.385 23305 23560 D Sentry : "timestamp": "2026-04-24T08:36:57.384Z",
04-24 10:36:57.385 23305 23560 D Sentry : "type": "http",
04-24 10:36:57.385 23305 23560 D Sentry : "data": {
04-24 10:36:57.385 23305 23560 D Sentry : "status_code": 200.0,
04-24 10:36:57.385 23305 23560 D Sentry : "method": "POST",
04-24 10:36:57.385 23305 23560 D Sentry : "url": "https:"
04-24 10:36:57.385 23305 23560 D Sentry : },
04-24 10:36:57.385 23305 23560 D Sentry : "category": "xhr",
04-24 10:36:57.385 23305 23560 D Sentry : "origin": "react-native",
04-24 10:36:57.385 23305 23560 D Sentry : "level": "info"
04-24 10:36:57.385 23305 23560 D Sentry : }
04-24 10:36:57.388 23305 23560 D Sentry : Serializing object: {
04-24 10:36:57.388 23305 23560 D Sentry : "timestamp": "2026-04-24T08:36:57.387Z",
04-24 10:36:57.388 23305 23560 D Sentry : "type": "http",
04-24 10:36:57.388 23305 23560 D Sentry : "data": {
04-24 10:36:57.388 23305 23560 D Sentry : "status_code": 200.0,
04-24 10:36:57.388 23305 23560 D Sentry : "method": "POST",
04-24 10:36:57.388 23305 23560 D Sentry : "url": "https:"
04-24 10:36:57.388 23305 23560 D Sentry : },
04-24 10:36:57.388 23305 23560 D Sentry : "category": "xhr",
04-24 10:36:57.388 23305 23560 D Sentry : "origin": "react-native",
04-24 10:36:57.388 23305 23560 D Sentry : "level": "info"
04-24 10:36:57.388 23305 23560 D Sentry : }
04-24 10:36:57.397 23305 23560 D Sentry : Serializing object: {
04-24 10:36:57.397 23305 23560 D Sentry : "timestamp": "2026-04-24T08:36:57.395Z",
04-24 10:36:57.397 23305 23560 D Sentry : "type": "http",
04-24 10:36:57.397 23305 23560 D Sentry : "data": {
04-24 10:36:57.397 23305 23560 D Sentry : "status_code": 200.0,
04-24 10:36:57.397 23305 23560 D Sentry : "method": "POST",
04-24 10:36:57.397 23305 23560 D Sentry : "url": "https:"
04-24 10:36:57.397 23305 23560 D Sentry : },
04-24 10:36:57.397 23305 23560 D Sentry : "category": "fetch",
04-24 10:36:57.397 23305 23560 D Sentry : "origin": "react-native",
04-24 10:36:57.397 23305 23560 D Sentry : "level": "info"
04-24 10:36:57.397 23305 23560 D Sentry : }
04-24 10:36:57.464 23305 23511 I ReactNativeJS: '[MetaMask DEBUG]:', 'CardController state persisted successfully'
04-24 10:36:57.465 23305 23423 D RNKeychainManager: Probe cipher storage: FacebookConceal
04-24 10:36:57.465 23305 23511 I ReactNativeJS: '[MetaMask DEBUG]:', 'EarnController state persisted successfully'
04-24 10:36:57.465 23305 23423 D RNKeychainManager: Probe cipher storage: KeystoreAESCBC
04-24 10:36:57.465 23305 23423 D RNKeychainManager: Probe cipher storage: KeystoreRSAECB
04-24 10:36:57.465 23305 23423 D RNKeychainManager: Probe cipher storage: KeystoreAESGCM_NoAuth
04-24 10:36:57.465 23305 23423 D RNKeychainManager: Probe cipher storage: KeystoreAESGCM
04-24 10:36:57.465 23305 23423 D RNKeychainManager: Selected storage: KeystoreAESGCM_NoAuth
04-24 10:36:57.465 23305 23511 I ReactNativeJS: '[MetaMask DEBUG]:', 'RewardsController state persisted successfully'
04-24 10:36:57.466 23305 23511 I ReactNativeJS: '[MetaMask DEBUG]:', '[ENGINE LOG] Engine+setupSnapProvider: Setup stream for Snap', 'npm:@metamask/message-signing-snap'
04-24 10:36:57.466 23305 23511 I ReactNativeJS: '[MetaMask DEBUG]:', '[SNAP BRIDGE] Initializing SnapBridge for Snap:', 'npm:@metamask/message-signing-snap'
04-24 10:36:57.467 23305 23511 I ReactNativeJS: '[MetaMask DEBUG]:', '[SNAP BRIDGE] Setting up provider connection'
04-24 10:36:57.467 23305 23560 D Sentry : Serializing object: {
04-24 10:36:57.467 23305 23560 D Sentry : "timestamp": "2026-04-24T08:36:57.464Z",
04-24 10:36:57.467 23305 23560 D Sentry : "message": "[MetaMask DEBUG]: CardController state persisted successfully",
04-24 10:36:57.467 23305 23560 D Sentry : "data": {
04-24 10:36:57.467 23305 23560 D Sentry : "logger": "console",
04-24 10:36:57.467 23305 23560 D Sentry : "arguments": [
04-24 10:36:57.467 23305 23560 D Sentry : "[MetaMask DEBUG]:",
04-24 10:36:57.467 23305 23560 D Sentry : "CardController state persisted successfully"
04-24 10:36:57.467 23305 23560 D Sentry : ]
04-24 10:36:57.467 23305 23560 D Sentry : },
04-24 10:36:57.467 23305 23560 D Sentry : "category": "console",
04-24 10:36:57.467 23305 23560 D Sentry : "origin": "react-native",
04-24 10:36:57.467 23305 23560 D Sentry : "level": "debug"
04-24 10:36:57.467 23305 23560 D Sentry : }
04-24 10:36:57.468 23305 23511 I ReactNativeJS: '[MetaMask DEBUG]:', '[SNAP BRIDGE] Setting up provider engine'
04-24 10:36:57.469 23305 23511 D ReactNativeJS: getRpcMethodMiddleware hostname=npm:@metamask/message-signing-snap channelId=undefined
04-24 10:36:57.470 23305 23511 D ReactNativeJS: getRpcMethodMiddleware hostname=npm:@metamask/message-signing-snap channelId=undefined
04-24 10:36:57.472 23305 23560 D Sentry : Serializing object: {
04-24 10:36:57.472 23305 23560 D Sentry : "timestamp": "2026-04-24T08:36:57.466Z",
04-24 10:36:57.472 23305 23560 D Sentry : "message": "[MetaMask DEBUG]: EarnController state persisted successfully",
04-24 10:36:57.472 23305 23560 D Sentry : "data": {
04-24 10:36:57.472 23305 23560 D Sentry : "logger": "console",
04-24 10:36:57.472 23305 23560 D Sentry : "arguments": [
04-24 10:36:57.472 23305 23560 D Sentry : "[MetaMask DEBUG]:",
04-24 10:36:57.472 23305 23560 D Sentry : "EarnController state persisted successfully"
04-24 10:36:57.472 23305 23560 D Sentry : ]
04-24 10:36:57.472 23305 23560 D Sentry : },
04-24 10:36:57.472 23305 23560 D Sentry : "category": "console",
04-24 10:36:57.472 23305 23560 D Sentry : "origin": "react-native",
04-24 10:36:57.472 23305 23560 D Sentry : "level": "debug"
04-24 10:36:57.472 23305 23560 D Sentry : }
04-24 10:36:57.474 23305 23560 D Sentry : Serializing object: {
04-24 10:36:57.474 23305 23560 D Sentry : "timestamp": "2026-04-24T08:36:57.466Z",
04-24 10:36:57.474 23305 23560 D Sentry : "message": "[MetaMask DEBUG]: RewardsController state persisted successfully",
04-24 10:36:57.474 23305 23560 D Sentry : "data": {
04-24 10:36:57.474 23305 23560 D Sentry : "logger": "console",
04-24 10:36:57.474 23305 23560 D Sentry : "arguments": [
04-24 10:36:57.474 23305 23560 D Sentry : "[MetaMask DEBUG]:",
04-24 10:36:57.474 23305 23560 D Sentry : "RewardsController state persisted successfully"
04-24 10:36:57.474 23305 23560 D Sentry : ]
04-24 10:36:57.474 23305 23560 D Sentry : },
04-24 10:36:57.474 23305 23560 D Sentry : "category": "console",
04-24 10:36:57.474 23305 23560 D Sentry : "origin": "react-native",
04-24 10:36:57.474 23305 23560 D Sentry : "level": "debug"
04-24 10:36:57.474 23305 23560 D Sentry : }
04-24 10:36:57.477 23305 23560 D Sentry : Serializing object: {
04-24 10:36:57.477 23305 23560 D Sentry : "timestamp": "2026-04-24T08:36:57.467Z",
04-24 10:36:57.477 23305 23560 D Sentry : "message": "[MetaMask DEBUG]: [ENGINE LOG] Engine+setupSnapProvider: Setup stream for Snap npm:@metamask/message-signing-snap",
04-24 10:36:57.477 23305 23560 D Sentry : "data": {
04-24 10:36:57.477 23305 23560 D Sentry : "logger": "console",
04-24 10:36:57.477 23305 23560 D Sentry : "arguments": [
04-24 10:36:57.477 23305 23560 D Sentry : "[MetaMask DEBUG]:",
04-24 10:36:57.477 23305 23560 D Sentry : "[ENGINE LOG] Engine+setupSnapProvider: Setup stream for Snap",
04-24 10:36:57.477 23305 23560 D Sentry : "npm:@metamask/message-signing-snap"
04-24 10:36:57.477 23305 23560 D Sentry : ]
04-24 10:36:57.477 23305 23560 D Sentry : },
04-24 10:36:57.477 23305 23560 D Sentry : "category": "console",
04-24 10:36:57.477 23305 23560 D Sentry : "origin": "react-native",
04-24 10:36:57.477 23305 23560 D Sentry : "level": "debug"
04-24 10:36:57.477 23305 23560 D Sentry : }
04-24 10:36:57.481 23305 23560 D Sentry : Serializing object: {
04-24 10:36:57.481 23305 23560 D Sentry : "timestamp": "2026-04-24T08:36:57.467Z",
04-24 10:36:57.481 23305 23560 D Sentry : "message": "[MetaMask DEBUG]: [SNAP BRIDGE] Initializing SnapBridge for Snap: npm:@metamask/message-signing-snap",
04-24 10:36:57.481 23305 23560 D Sentry : "data": {
04-24 10:36:57.481 23305 23560 D Sentry : "logger": "console",
04-24 10:36:57.481 23305 23560 D Sentry : "arguments": [
04-24 10:36:57.481 23305 23560 D Sentry : "[MetaMask DEBUG]:",
04-24 10:36:57.481 23305 23560 D Sentry : "[SNAP BRIDGE] Initializing SnapBridge for Snap:",
04-24 10:36:57.481 23305 23560 D Sentry : "npm:@metamask/message-signing-snap"
04-24 10:36:57.481 23305 23560 D Sentry : ]
04-24 10:36:57.481 23305 23560 D Sentry : },
04-24 10:36:57.481 23305 23560 D Sentry : "category": "console",
04-24 10:36:57.481 23305 23560 D Sentry : "origin": "react-native",
04-24 10:36:57.481 23305 23560 D Sentry : "level": "debug"
04-24 10:36:57.481 23305 23560 D Sentry : }
04-24 10:36:57.484 23305 23560 D Sentry : Serializing object: {
04-24 10:36:57.484 23305 23560 D Sentry : "timestamp": "2026-04-24T08:36:57.468Z",
04-24 10:36:57.484 23305 23560 D Sentry : "message": "[MetaMask DEBUG]: [SNAP BRIDGE] Setting up provider connection",
04-24 10:36:57.484 23305 23560 D Sentry : "data": {
04-24 10:36:57.484 23305 23560 D Sentry : "logger": "console",
04-24 10:36:57.484 23305 23560 D Sentry : "arguments": [
04-24 10:36:57.484 23305 23560 D Sentry : "[MetaMask DEBUG]:",
04-24 10:36:57.484 23305 23560 D Sentry : "[SNAP BRIDGE] Setting up provider connection"
04-24 10:36:57.484 23305 23560 D Sentry : ]
04-24 10:36:57.484 23305 23560 D Sentry : },
04-24 10:36:57.484 23305 23560 D Sentry : "category": "console",
04-24 10:36:57.484 23305 23560 D Sentry : "origin": "react-native",
04-24 10:36:57.484 23305 23560 D Sentry : "level": "debug"
04-24 10:36:57.484 23305 23560 D Sentry : }
04-24 10:36:57.486 23305 23560 D Sentry : Serializing object: {
04-24 10:36:57.486 23305 23560 D Sentry : "timestamp": "2026-04-24T08:36:57.468Z",
04-24 10:36:57.486 23305 23560 D Sentry : "message": "[MetaMask DEBUG]: [SNAP BRIDGE] Setting up provider engine",
04-24 10:36:57.486 23305 23560 D Sentry : "data": {
04-24 10:36:57.486 23305 23560 D Sentry : "logger": "console",
04-24 10:36:57.486 23305 23560 D Sentry : "arguments": [
04-24 10:36:57.486 23305 23560 D Sentry : "[MetaMask DEBUG]:",
04-24 10:36:57.486 23305 23560 D Sentry : "[SNAP BRIDGE] Setting up provider engine"
04-24 10:36:57.486 23305 23560 D Sentry : ]
04-24 10:36:57.486 23305 23560 D Sentry : },
04-24 10:36:57.486 23305 23560 D Sentry : "category": "console",
04-24 10:36:57.486 23305 23560 D Sentry : "origin": "react-native",
04-24 10:36:57.486 23305 23560 D Sentry : "level": "debug"
04-24 10:36:57.486 23305 23560 D Sentry : }
04-24 10:36:57.488 23305 23560 D Sentry : Serializing object: {
04-24 10:36:57.488 23305 23560 D Sentry : "timestamp": "2026-04-24T08:36:57.469Z",
04-24 10:36:57.488 23305 23560 D Sentry : "message": "getRpcMethodMiddleware hostname=npm:@metamask/message-signing-snap channelId=undefined",
04-24 10:36:57.488 23305 23560 D Sentry : "data": {
04-24 10:36:57.488 23305 23560 D Sentry : "logger": "console",
04-24 10:36:57.488 23305 23560 D Sentry : "arguments": [
04-24 10:36:57.488 23305 23560 D Sentry : "getRpcMethodMiddleware hostname=npm:@metamask/message-signing-snap channelId=undefined"
04-24 10:36:57.488 23305 23560 D Sentry : ]
04-24 10:36:57.488 23305 23560 D Sentry : },
04-24 10:36:57.488 23305 23560 D Sentry : "category": "console",
04-24 10:36:57.488 23305 23560 D Sentry : "origin": "react-native",
04-24 10:36:57.488 23305 23560 D Sentry : "level": "debug"
04-24 10:36:57.488 23305 23560 D Sentry : }
04-24 10:36:57.490 23305 23560 D Sentry : Serializing object: {
04-24 10:36:57.490 23305 23560 D Sentry : "timestamp": "2026-04-24T08:36:57.470Z",
04-24 10:36:57.490 23305 23560 D Sentry : "message": "getRpcMethodMiddleware hostname=npm:@metamask/message-signing-snap channelId=undefined",
04-24 10:36:57.490 23305 23560 D Sentry : "data": {
04-24 10:36:57.490 23305 23560 D Sentry : "logger": "console",
04-24 10:36:57.490 23305 23560 D Sentry : "arguments": [
04-24 10:36:57.490 23305 23560 D Sentry : "getRpcMethodMiddleware hostname=npm:@metamask/message-signing-snap channelId=undefined"
04-24 10:36:57.490 23305 23560 D Sentry : ]
04-24 10:36:57.490 23305 23560 D Sentry : },
04-24 10:36:57.490 23305 23560 D Sentry : "category": "console",
04-24 10:36:57.490 23305 23560 D Sentry : "origin": "react-native",
04-24 10:36:57.490 23305 23560 D Sentry : "level": "debug"
04-24 10:36:57.490 23305 23560 D Sentry : }
04-24 10:36:57.510 23305 23560 D Sentry : Serializing object: {
04-24 10:36:57.510 23305 23560 D Sentry : "timestamp": "2026-04-24T08:36:57.507Z",
04-24 10:36:57.510 23305 23560 D Sentry : "type": "http",
04-24 10:36:57.510 23305 23560 D Sentry : "data": {
04-24 10:36:57.510 23305 23560 D Sentry : "status_code": 200.0,
04-24 10:36:57.510 23305 23560 D Sentry : "method": "POST",
04-24 10:36:57.510 23305 23560 D Sentry : "url": "https:"
04-24 10:36:57.510 23305 23560 D Sentry : },
04-24 10:36:57.510 23305 23560 D Sentry : "category": "xhr",
04-24 10:36:57.510 23305 23560 D Sentry : "origin": "react-native",
04-24 10:36:57.510 23305 23560 D Sentry : "level": "info"
04-24 10:36:57.510 23305 23560 D Sentry : }
04-24 10:36:57.574 23305 23511 I ReactNativeJS: '[MetaMask DEBUG]:', 'PredictController state persisted successfully'
04-24 10:36:57.575 23305 23511 I ReactNativeJS: '[MetaMask DEBUG]:', 'NetworkController state persisted successfully'
04-24 10:36:57.576 23305 23560 D Sentry : Serializing object: {
04-24 10:36:57.576 23305 23560 D Sentry : "timestamp": "2026-04-24T08:36:57.574Z",
04-24 10:36:57.576 23305 23560 D Sentry : "message": "[MetaMask DEBUG]: PredictController state persisted successfully",
04-24 10:36:57.576 23305 23560 D Sentry : "data": {
04-24 10:36:57.576 23305 23560 D Sentry : "logger": "console",
04-24 10:36:57.576 23305 23560 D Sentry : "arguments": [
04-24 10:36:57.576 23305 23560 D Sentry : "[MetaMask DEBUG]:",
04-24 10:36:57.576 23305 23560 D Sentry : "PredictController state persisted successfully"
04-24 10:36:57.576 23305 23560 D Sentry : ]
04-24 10:36:57.576 23305 23560 D Sentry : },
04-24 10:36:57.576 23305 23560 D Sentry : "category": "console",
04-24 10:36:57.576 23305 23560 D Sentry : "origin": "react-native",
04-24 10:36:57.576 23305 23560 D Sentry : "level": "debug"
04-24 10:36:57.576 23305 23560 D Sentry : }
04-24 10:36:57.580 23305 23560 D Sentry : Serializing object: {
04-24 10:36:57.580 23305 23560 D Sentry : "timestamp": "2026-04-24T08:36:57.575Z",
04-24 10:36:57.580 23305 23560 D Sentry : "message": "[MetaMask DEBUG]: NetworkController state persisted successfully",
04-24 10:36:57.580 23305 23560 D Sentry : "data": {
04-24 10:36:57.580 23305 23560 D Sentry : "logger": "console",
04-24 10:36:57.580 23305 23560 D Sentry : "arguments": [
04-24 10:36:57.580 23305 23560 D Sentry : "[MetaMask DEBUG]:",
04-24 10:36:57.580 23305 23560 D Sentry : "NetworkController state persisted successfully"
04-24 10:36:57.580 23305 23560 D Sentry : ]
04-24 10:36:57.580 23305 23560 D Sentry : },
04-24 10:36:57.580 23305 23560 D Sentry : "category": "console",
04-24 10:36:57.580 23305 23560 D Sentry : "origin": "react-native",
04-24 10:36:57.580 23305 23560 D Sentry : "level": "debug"
04-24 10:36:57.580 23305 23560 D Sentry : }
04-24 10:36:57.582 23305 23560 D Sentry : Serializing object: {
04-24 10:36:57.582 23305 23560 D Sentry : "timestamp": "2026-04-24T08:36:57.576Z",
04-24 10:36:57.582 23305 23560 D Sentry : "type": "http",
04-24 10:36:57.582 23305 23560 D Sentry : "data": {
04-24 10:36:57.582 23305 23560 D Sentry : "status_code": 200.0,
04-24 10:36:57.582 23305 23560 D Sentry : "method": "POST",
04-24 10:36:57.582 23305 23560 D Sentry : "url": "https:"
04-24 10:36:57.582 23305 23560 D Sentry : },
04-24 10:36:57.582 23305 23560 D Sentry : "category": "fetch",
04-24 10:36:57.582 23305 23560 D Sentry : "origin": "react-native",
04-24 10:36:57.582 23305 23560 D Sentry : "level": "info"
04-24 10:36:57.582 23305 23560 D Sentry : }
04-24 10:36:57.583 23305 23560 D Sentry : Serializing object: {
04-24 10:36:57.583 23305 23560 D Sentry : "timestamp": "2026-04-24T08:36:57.578Z",
04-24 10:36:57.583 23305 23560 D Sentry : "type": "http",
04-24 10:36:57.583 23305 23560 D Sentry : "data": {
04-24 10:36:57.583 23305 23560 D Sentry : "status_code": 200.0,
04-24 10:36:57.583 23305 23560 D Sentry : "method": "POST",
04-24 10:36:57.583 23305 23560 D Sentry : "url": "https:"
04-24 10:36:57.583 23305 23560 D Sentry : },
04-24 10:36:57.583 23305 23560 D Sentry : "category": "fetch",
04-24 10:36:57.583 23305 23560 D Sentry : "origin": "react-native",
04-24 10:36:57.583 23305 23560 D Sentry : "level": "info"
04-24 10:36:57.583 23305 23560 D Sentry : }
04-24 10:36:57.585 23305 23560 D Sentry : Serializing object: {
04-24 10:36:57.585 23305 23560 D Sentry : "timestamp": "2026-04-24T08:36:57.580Z",
04-24 10:36:57.585 23305 23560 D Sentry : "type": "http",
04-24 10:36:57.585 23305 23560 D Sentry : "data": {
04-24 10:36:57.585 23305 23560 D Sentry : "status_code": 200.0,
04-24 10:36:57.585 23305 23560 D Sentry : "method": "POST",
04-24 10:36:57.585 23305 23560 D Sentry : "url": "https:"
04-24 10:36:57.585 23305 23560 D Sentry : },
04-24 10:36:57.585 23305 23560 D Sentry : "category": "fetch",
04-24 10:36:57.585 23305 23560 D Sentry : "origin": "react-native",
04-24 10:36:57.585 23305 23560 D Sentry : "level": "info"
04-24 10:36:57.585 23305 23560 D Sentry : }
04-24 10:36:57.587 23305 23511 I ReactNativeJS: '[MetaMask DEBUG]:', 'MultichainNetworkController state persisted successfully'
04-24 10:36:57.588 23305 23560 D Sentry : Serializing object: {
04-24 10:36:57.588 23305 23560 D Sentry : "timestamp": "2026-04-24T08:36:57.581Z",
04-24 10:36:57.588 23305 23560 D Sentry : "type": "http",
04-24 10:36:57.588 23305 23560 D Sentry : "data": {
04-24 10:36:57.588 23305 23560 D Sentry : "status_code": 200.0,
04-24 10:36:57.588 23305 23560 D Sentry : "method": "GET",
04-24 10:36:57.588 23305 23560 D Sentry : "url": "https:"
04-24 10:36:57.588 23305 23560 D Sentry : },
04-24 10:36:57.588 23305 23560 D Sentry : "category": "fetch",
04-24 10:36:57.588 23305 23560 D Sentry : "origin": "react-native",
04-24 10:36:57.588 23305 23560 D Sentry : "level": "info"
04-24 10:36:57.588 23305 23560 D Sentry : }
04-24 10:36:57.590 23305 23560 D Sentry : Serializing object: {
04-24 10:36:57.590 23305 23560 D Sentry : "timestamp": "2026-04-24T08:36:57.587Z",
04-24 10:36:57.590 23305 23560 D Sentry : "type": "http",
04-24 10:36:57.590 23305 23560 D Sentry : "data": {
04-24 10:36:57.590 23305 23560 D Sentry : "status_code": 200.0,
04-24 10:36:57.590 23305 23560 D Sentry : "method": "POST",
04-24 10:36:57.590 23305 23560 D Sentry : "url": "https:"
04-24 10:36:57.590 23305 23560 D Sentry : },
04-24 10:36:57.590 23305 23560 D Sentry : "category": "fetch",
04-24 10:36:57.590 23305 23560 D Sentry : "origin": "react-native",
04-24 10:36:57.590 23305 23560 D Sentry : "level": "info"
04-24 10:36:57.590 23305 23560 D Sentry : }
04-24 10:36:57.593 23305 23560 D Sentry : Serializing object: {
04-24 10:36:57.593 23305 23560 D Sentry : "timestamp": "2026-04-24T08:36:57.589Z",
04-24 10:36:57.593 23305 23560 D Sentry : "message": "[MetaMask DEBUG]: MultichainNetworkController state persisted successfully",
04-24 10:36:57.593 23305 23560 D Sentry : "data": {
04-24 10:36:57.593 23305 23560 D Sentry : "logger": "console",
04-24 10:36:57.593 23305 23560 D Sentry : "arguments": [
04-24 10:36:57.593 23305 23560 D Sentry : "[MetaMask DEBUG]:",
04-24 10:36:57.593 23305 23560 D Sentry : "MultichainNetworkController state persisted successfully"
04-24 10:36:57.593 23305 23560 D Sentry : ]
04-24 10:36:57.593 23305 23560 D Sentry : },
04-24 10:36:57.593 23305 23560 D Sentry : "category": "console",
04-24 10:36:57.593 23305 23560 D Sentry : "origin": "react-native",
04-24 10:36:57.593 23305 23560 D Sentry : "level": "debug"
04-24 10:36:57.593 23305 23560 D Sentry : }
04-24 10:36:57.596 23305 23560 D Sentry : Serializing object: {
04-24 10:36:57.596 23305 23560 D Sentry : "timestamp": "2026-04-24T08:36:57.590Z",
04-24 10:36:57.596 23305 23560 D Sentry : "type": "http",
04-24 10:36:57.596 23305 23560 D Sentry : "data": {
04-24 10:36:57.596 23305 23560 D Sentry : "status_code": 200.0,
04-24 10:36:57.596 23305 23560 D Sentry : "method": "POST",
04-24 10:36:57.596 23305 23560 D Sentry : "url": "https:"
04-24 10:36:57.596 23305 23560 D Sentry : },
04-24 10:36:57.596 23305 23560 D Sentry : "category": "fetch",
04-24 10:36:57.596 23305 23560 D Sentry : "origin": "react-native",
04-24 10:36:57.596 23305 23560 D Sentry : "level": "info"
04-24 10:36:57.596 23305 23560 D Sentry : }
04-24 10:36:57.601 23305 23560 D Sentry : Serializing object: {
04-24 10:36:57.601 23305 23560 D Sentry : "timestamp": "2026-04-24T08:36:57.592Z",
04-24 10:36:57.601 23305 23560 D Sentry : "type": "http",
04-24 10:36:57.601 23305 23560 D Sentry : "data": {
04-24 10:36:57.601 23305 23560 D Sentry : "status_code": 200.0,
04-24 10:36:57.601 23305 23560 D Sentry : "method": "POST",
04-24 10:36:57.601 23305 23560 D Sentry : "url": "https:"
04-24 10:36:57.601 23305 23560 D Sentry : },
04-24 10:36:57.601 23305 23560 D Sentry : "category": "fetch",
04-24 10:36:57.601 23305 23560 D Sentry : "origin": "react-native",
04-24 10:36:57.601 23305 23560 D Sentry : "level": "info"
04-24 10:36:57.601 23305 23560 D Sentry : }
04-24 10:36:57.603 23305 23560 D Sentry : Serializing object: {
04-24 10:36:57.603 23305 23560 D Sentry : "timestamp": "2026-04-24T08:36:57.593Z",
04-24 10:36:57.603 23305 23560 D Sentry : "type": "http",
04-24 10:36:57.603 23305 23560 D Sentry : "data": {
04-24 10:36:57.603 23305 23560 D Sentry : "status_code": 200.0,
04-24 10:36:57.603 23305 23560 D Sentry : "method": "POST",
04-24 10:36:57.603 23305 23560 D Sentry : "url": "https:"
04-24 10:36:57.603 23305 23560 D Sentry : },
04-24 10:36:57.603 23305 23560 D Sentry : "category": "fetch",
04-24 10:36:57.603 23305 23560 D Sentry : "origin": "react-native",
04-24 10:36:57.603 23305 23560 D Sentry : "level": "info"
04-24 10:36:57.603 23305 23560 D Sentry : }
04-24 10:36:57.605 23305 23560 D Sentry : Serializing object: {
04-24 10:36:57.605 23305 23560 D Sentry : "timestamp": "2026-04-24T08:36:57.594Z",
04-24 10:36:57.605 23305 23560 D Sentry : "type": "http",
04-24 10:36:57.605 23305 23560 D Sentry : "data": {
04-24 10:36:57.605 23305 23560 D Sentry : "status_code": 200.0,
04-24 10:36:57.605 23305 23560 D Sentry : "method": "POST",
04-24 10:36:57.605 23305 23560 D Sentry : "url": "https:"
04-24 10:36:57.605 23305 23560 D Sentry : },
04-24 10:36:57.605 23305 23560 D Sentry : "category": "fetch",
04-24 10:36:57.605 23305 23560 D Sentry : "origin": "react-native",
04-24 10:36:57.605 23305 23560 D Sentry : "level": "info"
04-24 10:36:57.605 23305 23560 D Sentry : }
04-24 10:36:57.607 23305 23560 D Sentry : Serializing object: {
04-24 10:36:57.607 23305 23560 D Sentry : "timestamp": "2026-04-24T08:36:57.596Z",
04-24 10:36:57.607 23305 23560 D Sentry : "type": "http",
04-24 10:36:57.607 23305 23560 D Sentry : "data": {
04-24 10:36:57.607 23305 23560 D Sentry : "status_code": 200.0,
04-24 10:36:57.607 23305 23560 D Sentry : "method": "POST",
04-24 10:36:57.607 23305 23560 D Sentry : "url": "https:"
04-24 10:36:57.607 23305 23560 D Sentry : },
04-24 10:36:57.607 23305 23560 D Sentry : "category": "fetch",
04-24 10:36:57.607 23305 23560 D Sentry : "origin": "react-native",
04-24 10:36:57.607 23305 23560 D Sentry : "level": "info"
04-24 10:36:57.607 23305 23560 D Sentry : }
04-24 10:36:57.608 23305 23560 D Sentry : Serializing object: {
04-24 10:36:57.608 23305 23560 D Sentry : "timestamp": "2026-04-24T08:36:57.598Z",
04-24 10:36:57.608 23305 23560 D Sentry : "type": "http",
04-24 10:36:57.608 23305 23560 D Sentry : "data": {
04-24 10:36:57.608 23305 23560 D Sentry : "status_code": 200.0,
04-24 10:36:57.608 23305 23560 D Sentry : "method": "POST",
04-24 10:36:57.608 23305 23560 D Sentry : "url": "https:"
04-24 10:36:57.608 23305 23560 D Sentry : },
04-24 10:36:57.608 23305 23560 D Sentry : "category": "fetch",
04-24 10:36:57.608 23305 23560 D Sentry : "origin": "react-native",
04-24 10:36:57.608 23305 23560 D Sentry : "level": "info"
04-24 10:36:57.608 23305 23560 D Sentry : }
04-24 10:36:57.610 23305 23560 D Sentry : Serializing object: {
04-24 10:36:57.610 23305 23560 D Sentry : "timestamp": "2026-04-24T08:36:57.609Z",
04-24 10:36:57.610 23305 23560 D Sentry : "type": "http",
04-24 10:36:57.610 23305 23560 D Sentry : "data": {
04-24 10:36:57.610 23305 23560 D Sentry : "status_code": 200.0,
04-24 10:36:57.610 23305 23560 D Sentry : "method": "POST",
04-24 10:36:57.610 23305 23560 D Sentry : "url": "https:"
04-24 10:36:57.610 23305 23560 D Sentry : },
04-24 10:36:57.610 23305 23560 D Sentry : "category": "fetch",
04-24 10:36:57.610 23305 23560 D Sentry : "origin": "react-native",
04-24 10:36:57.610 23305 23560 D Sentry : "level": "info"
04-24 10:36:57.610 23305 23560 D Sentry : }
04-24 10:36:57.612 23305 23560 D Sentry : Serializing object: {
04-24 10:36:57.612 23305 23560 D Sentry : "timestamp": "2026-04-24T08:36:57.611Z",
04-24 10:36:57.612 23305 23560 D Sentry : "type": "http",
04-24 10:36:57.612 23305 23560 D Sentry : "data": {
04-24 10:36:57.612 23305 23560 D Sentry : "status_code": 200.0,
04-24 10:36:57.612 23305 23560 D Sentry : "method": "POST",
04-24 10:36:57.612 23305 23560 D Sentry : "url": "https:"
04-24 10:36:57.612 23305 23560 D Sentry : },
04-24 10:36:57.612 23305 23560 D Sentry : "category": "fetch",
04-24 10:36:57.612 23305 23560 D Sentry : "origin": "react-native",
04-24 10:36:57.612 23305 23560 D Sentry : "level": "info"
04-24 10:36:57.612 23305 23560 D Sentry : }
04-24 10:36:57.636 23305 23560 D Sentry : Serializing object: {
04-24 10:36:57.636 23305 23560 D Sentry : "timestamp": "2026-04-24T08:36:57.635Z",
04-24 10:36:57.636 23305 23560 D Sentry : "type": "http",
04-24 10:36:57.636 23305 23560 D Sentry : "data": {
04-24 10:36:57.636 23305 23560 D Sentry : "status_code": 200.0,
04-24 10:36:57.636 23305 23560 D Sentry : "method": "POST",
04-24 10:36:57.636 23305 23560 D Sentry : "url": "http:"
04-24 10:36:57.636 23305 23560 D Sentry : },
04-24 10:36:57.636 23305 23560 D Sentry : "category": "xhr",
04-24 10:36:57.636 23305 23560 D Sentry : "origin": "react-native",
04-24 10:36:57.636 23305 23560 D Sentry : "level": "info"
04-24 10:36:57.636 23305 23560 D Sentry : }
