// Jest Snapshot v1, https://goo.gl/fbAQLP

exports[`ImportFromSeed should render correctly 1`] = `
<Screen>
  <ScrollView
    style={
      Object {
        "backgroundColor": "#f1f2f6",
        "flex": 1,
        "padding": 20,
      }
    }
  >
    <Component
      style={
        Object {
          "alignItems": "center",
          "justifyContent": "center",
          "marginTop": 50,
        }
      }
    >
      <Image
        resizeMethod="auto"
        source={
          Object {
            "testUri": "../../../app/images/fox.png",
          }
        }
        style={
          Object {
            "height": 100,
            "width": 100,
          }
        }
      />
    </Component>
    <Component
      style={
        Object {
          "color": "#1B344D",
          "fontFamily": "Roboto",
          "fontSize": 25,
          "fontWeight": "500",
          "justifyContent": "center",
          "marginBottom": 20,
          "marginTop": 20,
          "textAlign": "center",
        }
      }
    >
      Import from seed
    </Component>
    <TextInput
      allowFontScaling={true}
      multiline={true}
      numberOfLines={3}
      onChangeText={[Function]}
      placeholder="Enter your seed phrase here"
      style={
        Object {
          "backgroundColor": "#FFFFFF",
          "borderRadius": 10,
          "fontFamily": "Roboto",
          "fontSize": 20,
          "fontWeight": "400",
          "height": 110,
          "marginBottom": 10,
          "marginTop": 10,
          "paddingBottom": 20,
          "paddingLeft": 20,
          "paddingRight": 20,
          "paddingTop": 20,
        }
      }
      underlineColorAndroid="transparent"
    />
    <Component
      style={
        Object {
          "marginBottom": 10,
        }
      }
    >
      <Component
        style={
          Object {
            "fontSize": 16,
            "marginBottom": 10,
            "marginTop": 10,
          }
        }
      >
        New Password (min 8 chars)
      </Component>
      <TextInput
        allowFontScaling={true}
        onChangeText={[Function]}
        placeholder=""
        secureTextEntry={true}
        style={
          Object {
            "borderColor": "#CCCCCC",
            "borderRadius": 4,
            "borderWidth": 1,
            "fontFamily": "Roboto",
            "fontSize": 20,
            "fontWeight": "400",
            "padding": 10,
          }
        }
        underlineColorAndroid="#CCCCCC"
        value=""
      />
    </Component>
    <Component
      style={
        Object {
          "marginBottom": 10,
        }
      }
    >
      <Component
        style={
          Object {
            "fontSize": 16,
            "marginBottom": 10,
            "marginTop": 10,
          }
        }
      >
        Confirm Password
      </Component>
      <TextInput
        allowFontScaling={true}
        onChangeText={[Function]}
        placeholder=""
        secureTextEntry={true}
        style={
          Object {
            "borderColor": "#CCCCCC",
            "borderRadius": 4,
            "borderWidth": 1,
            "fontFamily": "Roboto",
            "fontSize": 20,
            "fontWeight": "400",
            "padding": 10,
          }
        }
        underlineColorAndroid="#CCCCCC"
        value=""
      />
    </Component>
    <Component
      style={
        Object {
          "marginTop": 20,
        }
      }
    >
      <Button
        containerStyle={
          Object {
            "backgroundColor": "#f7861ce6",
            "borderRadius": 4,
            "flex": 1,
            "height": 50,
            "justifyContent": "center",
          }
        }
        onPress={[Function]}
        style={
          Object {
            "color": "#FFFFFF",
            "fontFamily": "Roboto",
            "fontWeight": "500",
          }
        }
      >
        IMPORT
      </Button>
    </Component>
    <Component
      style={
        Object {
          "marginTop": 40,
        }
      }
    >
      <Button
        onPress={[Function]}
        style={
          Object {
            "color": "#999999",
            "fontFamily": "Roboto",
            "fontWeight": "400",
          }
        }
      >
        Cancel
      </Button>
    </Component>
  </ScrollView>
</Screen>
`;
