// Jest Snapshot v1, https://goo.gl/fbAQLP

exports[`TextWithPrefixIcon - Snapshot should render default settings correctly 1`] = `
<View
  style={
    {
      "alignItems": "center",
      "flexDirection": "row",
    }
  }
  testID="text-with-prefix-icon"
>
  <Icon
    color="#141618"
    name="Add"
    testID="text-with-prefix-icon-icon"
  />
  <Text
    color="Default"
    testID="text-with-prefix-icon-text"
    variant="sHeadingSMRegular"
  >
    Sample Text
  </Text>
</View>
`;
