// Jest Snapshot v1, https://goo.gl/fbAQLP

exports[`TabThumbnail should render correctly 1`] = `
<ElevatedView
  elevation={8}
  style={
    Object {
      "backgroundColor": "transparent",
      "overflow": "hidden",
    }
  }
>
  <TouchableOpacity
    onPress={[Function]}
    style={
      Array [
        Object {
          "borderColor": "#ffffff",
          "borderRadius": 10,
          "borderWidth": 1,
          "elevation": 8,
          "height": 266.8,
          "justifyContent": "space-evenly",
          "marginBottom": 15,
          "overflow": "hidden",
          "width": 720,
        },
        Object {
          "borderColor": "#037dd6",
          "borderWidth": 5,
        },
      ]
    }
  >
    <View
      style={
        Object {
          "alignItems": "flex-start",
          "backgroundColor": "#24272a",
          "flexDirection": "row",
          "justifyContent": "flex-start",
          "paddingHorizontal": 10,
          "paddingVertical": 10,
        }
      }
    >
      <View
        style={
          Object {
            "backgroundColor": "transparent",
            "flex": 1,
            "flexDirection": "row",
            "marginRight": 40,
          }
        }
      >
        <WebsiteIcon
          style={
            Object {
              "alignSelf": "flex-start",
              "height": 22,
              "marginLeft": 2,
              "marginRight": 5,
              "marginTop": 1,
              "width": 22,
            }
          }
          title="about:blank"
          transparent={true}
          url="about:blank"
        />
        <Text
          bold={false}
          centered={false}
          disclaimer={false}
          error={false}
          info={false}
          link={false}
          modal={false}
          numberOfLines={1}
          primary={false}
          reset={false}
          right={false}
          small={false}
          strikethrough={false}
          style={
            Object {
              "color": "#ffffff",
              "fontFamily": "EuclidCircularB-Bold",
              "fontSize": 18,
              "fontWeight": "600",
              "marginLeft": 5,
              "marginRight": 40,
              "marginTop": 0,
            }
          }
          success={false}
          textAlternative={false}
          textDefault={false}
          underline={false}
          upper={false}
          warning={false}
        >
          about:blank
        </Text>
      </View>
      <TouchableOpacity
        onPress={[Function]}
        style={
          Object {
            "backgroundColor": "transparent",
            "height": 24,
            "marginRight": -5,
            "width": 30,
          }
        }
      >
        <Icon
          allowFontScaling={false}
          name="ios-close"
          size={12}
          style={
            Object {
              "color": "#ffffff",
              "fontSize": 32,
              "marginTop": -7,
              "paddingHorizontal": 10,
              "paddingTop": 3,
              "position": "absolute",
              "right": 0,
            }
          }
        />
      </TouchableOpacity>
    </View>
    <View
      style={
        Object {
          "alignItems": "flex-start",
          "backgroundColor": "#141618",
          "flex": 1,
          "justifyContent": "flex-start",
        }
      }
    >
      <Image
        source={
          Object {
            "uri": "",
          }
        }
        style={
          Object {
            "bottom": 0,
            "height": null,
            "left": 0,
            "paddingTop": 1079,
            "position": "absolute",
            "resizeMode": "cover",
            "right": 0,
            "top": 0,
            "width": null,
          }
        }
      />
    </View>
  </TouchableOpacity>
</ElevatedView>
`;
