// Jest Snapshot v1, https://goo.gl/fbAQLP

exports[`TabBarItem should render correctly 1`] = `
<TouchableOpacity
  label="Tab"
  onPress={[Function]}
  style={
    {
      "alignItems": "center",
      "flex": 1,
    }
  }
>
  <View
    style={
      {
        "alignItems": "center",
        "backgroundColor": "#ffffff",
        "borderRadius": 16,
        "height": 32,
        "justifyContent": "center",
        "overflow": "hidden",
        "width": 32,
      }
    }
  >
    <SvgMock
      color="#0376c9"
      height={20}
      name="Bank"
      style={
        {
          "height": 20,
          "width": 20,
        }
      }
      width={20}
    />
  </View>
</TouchableOpacity>
`;
