// Jest Snapshot v1, https://goo.gl/fbAQLP

exports[`BannerTip should render default settings correctly 1`] = `
<BannerBase
  actionButtonProps={
    {
      "label": "Sample Action Button Label",
      "onPress": [Function],
      "variant": "Link",
    }
  }
  description="Sample Banner Tip Description"
  onClose={[Function]}
  startAccessory={
    <View
      style={
        {
          "alignContent": "center",
          "alignSelf": "stretch",
        }
      }
    >
      <Image
        resizeMode="contain"
        source={
          {
            "uri": "MockImage",
          }
        }
        style={
          {
            "height": 55,
            "width": 60,
          }
        }
      />
    </View>
  }
  style={
    {
      "backgroundColor": "#FFFFFF",
      "borderColor": "#BBC0C5",
      "borderWidth": 1,
    }
  }
  testID="bannertip"
  title="Sample Banner Tip Title"
  variant="Tip"
/>
`;
