// Jest Snapshot v1, https://goo.gl/fbAQLP

exports[`CustomAlert should render correctly 1`] = `
<View
  testID="modal-mock"
>
  <View
    style={
      {
        "backgroundColor": "#ffffff",
        "borderRadius": 16,
      }
    }
  >
    <View
      style={
        [
          {
            "alignItems": "center",
            "borderTopEndRadius": 16,
            "borderTopLeftRadius": 16,
            "height": 130,
            "paddingVertical": 15,
          },
          undefined,
        ]
      }
    />
    <View
      style={
        {
          "paddingHorizontal": 35,
          "paddingVertical": 20,
        }
      }
    >
      <Text
        style={
          {
            "fontFamily": "Geist-Bold",
            "fontSize": 16,
            "marginBottom": 15,
            "textAlign": "center",
          }
        }
      />
    </View>
    <View
      style={
        {
          "padding": 20,
          "paddingTop": 10,
        }
      }
    >
      <View
        accessibilityRole="button"
        accessibilityState={
          {
            "busy": undefined,
            "checked": undefined,
            "disabled": undefined,
            "expanded": undefined,
            "selected": undefined,
          }
        }
        accessibilityValue={
          {
            "max": undefined,
            "min": undefined,
            "now": undefined,
            "text": undefined,
          }
        }
        accessible={true}
        collapsable={false}
        focusable={false}
        onClick={[Function]}
        onResponderGrant={[Function]}
        onResponderMove={[Function]}
        onResponderRelease={[Function]}
        onResponderTerminate={[Function]}
        onResponderTerminationRequest={[Function]}
        onStartShouldSetResponder={[Function]}
        style={
          {
            "backgroundColor": "#4459ff",
            "borderRadius": 12,
            "justifyContent": "center",
            "minHeight": 50,
            "opacity": 1,
            "padding": 15,
          }
        }
      />
    </View>
  </View>
</View>
`;
