// Jest Snapshot v1, https://goo.gl/fbAQLP

exports[`Card - Snapshot should render correctly 1`] = `
<TouchableOpacity
  style={
    {
      "backgroundColor": "#ffffff",
      "borderColor": "#848c96",
      "borderRadius": 4,
      "borderWidth": 1,
      "padding": 16,
    }
  }
>
  <View />
</TouchableOpacity>
`;
