// Jest Snapshot v1, https://goo.gl/fbAQLP

exports[`SendTo Component render matches snapshot 1`] = `
<RNCSafeAreaView
  edges={
    {
      "bottom": "additive",
      "left": "off",
      "right": "off",
      "top": "off",
    }
  }
  style={
    {
      "backgroundColor": "#ffffff",
      "flex": 1,
    }
  }
  testID="send-screen"
>
  <View
    style={
      {
        "backgroundColor": "#ffffff",
        "flexDirection": "row",
        "height": 40,
        "marginBottom": 16,
        "paddingHorizontal": 16,
        "width": "100%",
      }
    }
  >
    <TouchableOpacity
      onPress={[Function]}
      style={
        {
          "alignItems": "center",
          "backgroundColor": "#ffffff",
          "borderColor": "#b7bbc8",
          "borderRadius": 24,
          "borderWidth": 1,
          "flexDirection": "row",
          "justifyContent": "space-between",
          "padding": 16,
          "paddingHorizontal": 16,
          "paddingVertical": 5,
          "width": "100%",
        }
      }
    >
      <View
        style={
          {
            "alignItems": "center",
            "flexDirection": "row",
            "justifyContent": "space-between",
          }
        }
      >
        <View
          style={
            {
              "alignItems": "center",
              "justifyContent": "center",
              "marginRight": 8,
            }
          }
        >
          <View
            accessibilityLabel="Ethereum Mainnet"
            style={
              {
                "alignItems": "center",
                "backgroundColor": "#ffffff",
                "borderRadius": 4,
                "height": 16,
                "justifyContent": "center",
                "opacity": 1,
                "overflow": "hidden",
                "width": 16,
              }
            }
            testID="contextual-network-picker"
          >
            <Image
              onError={[Function]}
              resizeMode="contain"
              source={1}
              style={
                {
                  "height": 16,
                  "width": 16,
                }
              }
              testID="network-avatar-image"
            />
          </View>
        </View>
        <Text
          accessibilityRole="text"
          style={
            {
              "color": "#121314",
              "fontFamily": "Geist Regular",
              "fontSize": 16,
              "letterSpacing": 0,
              "lineHeight": 24,
              "opacity": 1,
            }
          }
        >
          Ethereum Mainnet
        </Text>
      </View>
      <SvgMock
        color="#121314"
        fill="currentColor"
        height={12}
        name="ArrowDown"
        style={
          {
            "height": 12,
            "marginLeft": 16,
            "width": 12,
          }
        }
        width={12}
      />
    </TouchableOpacity>
  </View>
  <View
    style={
      {
        "borderBottomColor": "#b7bbc866",
        "borderBottomWidth": 1,
        "flex": 0,
        "paddingHorizontal": 8,
      }
    }
  >
    <View
      style={
        {
          "flexDirection": "row",
          "marginHorizontal": 8,
          "minHeight": 52,
        }
      }
    >
      <View
        style={
          {
            "alignItems": "center",
            "flexDirection": "row",
            "width": "15%",
          }
        }
      >
        <Text
          accessibilityRole="text"
          style={
            {
              "color": "#121314",
              "fontFamily": "Geist Regular",
              "fontSize": 16,
              "letterSpacing": 0,
              "lineHeight": 24,
            }
          }
        >
          From:
        </Text>
      </View>
      <View
        style={
          [
            {
              "borderColor": "#b7bbc8",
              "borderRadius": 8,
              "borderWidth": 1,
              "flex": 1,
              "flexDirection": "row",
              "marginLeft": 8,
              "marginTop": 8,
              "minHeight": 52,
              "padding": 10,
            },
            {
              "borderColor": "#b7bbc8",
            },
          ]
        }
      >
        <View
          style={
            {
              "alignItems": "center",
              "flexDirection": "row",
            }
          }
        />
        <View
          style={
            [
              {
                "flex": 1,
              },
              {
                "alignItems": "flex-start",
                "flexDirection": "column",
                "marginHorizontal": 8,
              },
            ]
          }
        >
          <View
            style={
              {
                "alignItems": "center",
                "flexDirection": "row",
                "justifyContent": "center",
              }
            }
          >
            <Text
              accessibilityRole="text"
              style={
                {
                  "color": "#121314",
                  "fontFamily": "Geist Regular",
                  "fontSize": 14,
                  "letterSpacing": 0,
                  "lineHeight": 24,
                }
              }
            />
          </View>
          <Text
            accessibilityRole="text"
            style={
              {
                "color": "#686e7d",
                "fontFamily": "Geist Regular",
                "fontSize": 12,
                "letterSpacing": 0,
                "lineHeight": 24,
              }
            }
          >
            Balance: 
          </Text>
        </View>
        <TouchableOpacity
          onPress={[Function]}
          style={
            {
              "alignItems": "center",
              "flexDirection": "row",
            }
          }
        >
          <View
            style={
              {
                "height": 23,
                "width": 23,
              }
            }
          >
            <Text
              allowFontScaling={false}
              selectable={false}
              style={
                [
                  {
                    "color": undefined,
                    "fontSize": 20,
                  },
                  [
                    {
                      "alignSelf": "center",
                    },
                    {
                      "color": "#121314",
                    },
                  ],
                  {
                    "fontFamily": "FontAwesome",
                    "fontStyle": "normal",
                    "fontWeight": "normal",
                  },
                  {},
                ]
              }
            >
              
            </Text>
          </View>
        </TouchableOpacity>
      </View>
    </View>
    <View
      style={
        {
          "flexDirection": "row",
          "marginHorizontal": 8,
          "minHeight": 52,
        }
      }
    >
      <View
        style={
          {
            "alignItems": "center",
            "flexDirection": "row",
            "width": "15%",
          }
        }
      >
        <Text
          accessibilityRole="text"
          style={
            {
              "color": "#121314",
              "fontFamily": "Geist Regular",
              "fontSize": 16,
              "letterSpacing": 0,
              "lineHeight": 24,
            }
          }
        >
          To:
        </Text>
      </View>
      <View
        style={
          [
            {
              "borderRadius": 8,
              "borderWidth": 1,
              "flex": 1,
              "flexDirection": "row",
              "marginLeft": 8,
              "marginVertical": 8,
              "minHeight": 52,
              "paddingHorizontal": 10,
            },
            {
              "borderColor": "#b7bbc8",
            },
          ]
        }
      >
        <View
          style={
            {
              "alignItems": "center",
              "flex": 1,
              "flexDirection": "row",
            }
          }
        >
          <TextInput
            autoCapitalize="none"
            autoCorrect={false}
            autoFocus={true}
            keyboardAppearance="light"
            numberOfLines={1}
            onBlur={[Function]}
            onChangeText={[Function]}
            onFocus={[Function]}
            onSubmitEditing={[Function]}
            placeholder="Search, public address (0x), or ENS"
            placeholderTextColor="#b7bbc8"
            spellCheck={false}
            style={
              [
                {
                  "color": "#121314",
                  "flex": 1,
                  "fontFamily": "Geist Regular",
                  "paddingLeft": 0,
                  "paddingRight": 6,
                },
                {
                  "width": "99%",
                },
              ]
            }
            testID="txn-to-address-input"
          />
        </View>
        <TouchableOpacity
          onPress={[Function]}
          style={
            {
              "alignItems": "center",
              "flexDirection": "row",
            }
          }
        >
          <Text
            allowFontScaling={false}
            selectable={false}
            style={
              [
                {
                  "color": undefined,
                  "fontSize": 20,
                },
                [
                  {
                    "alignItems": "center",
                    "flexDirection": "column",
                  },
                  {
                    "color": "#121314",
                  },
                ],
                {
                  "fontFamily": "anticon",
                  "fontStyle": "normal",
                  "fontWeight": "normal",
                },
                {},
              ]
            }
          >
            
          </Text>
        </TouchableOpacity>
      </View>
    </View>
  </View>
  <View
    style={
      {
        "backgroundColor": "#ffffff",
        "flex": 1,
      }
    }
  >
    <RCTScrollView
      automaticallyAdjustContentInsets={false}
      contentInset={
        {
          "bottom": 0,
        }
      }
      enableAutomaticScroll={true}
      enableOnAndroid={false}
      enableResetScrollToCoords={true}
      extraHeight={75}
      extraScrollHeight={0}
      getScrollResponder={[Function]}
      handleOnScroll={[Function]}
      keyboardDismissMode="interactive"
      keyboardOpeningTime={250}
      keyboardShouldPersistTaps="handled"
      keyboardSpace={0}
      onScroll={[Function]}
      resetKeyboardSpace={[Function]}
      scrollEventThrottle={1}
      scrollForExtraHeightOnAndroid={[Function]}
      scrollIntoView={[Function]}
      scrollToEnd={[Function]}
      scrollToFocusedInput={[Function]}
      scrollToPosition={[Function]}
      showsVerticalScrollIndicator={true}
      style={
        {
          "flexGrow": 1,
        }
      }
      update={[Function]}
      viewIsInsideTabBar={false}
    >
      <View>
        <View
          style={
            {
              "marginTop": 16,
            }
          }
        >
          <Text
            accessibilityRole="text"
            style={
              {
                "color": "#686e7d",
                "fontFamily": "Geist Medium",
                "fontSize": 18,
                "letterSpacing": 0,
                "lineHeight": 24,
                "marginHorizontal": 16,
                "paddingBottom": 8,
              }
            }
          >
            Your Accounts
          </Text>
          <View
            collapsable={false}
            onLayout={[Function]}
            style={
              {
                "flex": 1,
                "overflow": "hidden",
              }
            }
          >
            <RCTScrollView
              collapsable={false}
              keyExtractor={[Function]}
              maintainVisibleContentPosition={
                {
                  "minIndexForVisible": 0,
                }
              }
              onScroll={[Function]}
              scrollEventThrottle={0.0001}
              style={{}}
            >
              <View>
                <View
                  style={
                    {
                      "height": 0,
                      "left": 0,
                      "position": "absolute",
                      "top": 1000000,
                    }
                  }
                />
                <View
                  style={
                    {
                      "height": 0,
                      "width": undefined,
                    }
                  }
                />
                <View
                  style={false}
                />
              </View>
            </RCTScrollView>
          </View>
        </View>
      </View>
    </RCTScrollView>
  </View>
  <View
    style={
      {
        "justifyContent": "flex-end",
        "marginBottom": 16,
      }
    }
    testID="no-eth-message"
  >
    <View
      style={
        {
          "alignItems": "flex-end",
          "flexDirection": "row",
        }
      }
    >
      <TouchableOpacity
        accessibilityRole="button"
        accessible={true}
        activeOpacity={1}
        disabled={true}
        style={
          [
            [
              {
                "borderRadius": 12,
                "justifyContent": "center",
                "padding": 15,
              },
              {
                "backgroundColor": "#4459ff",
                "minHeight": 50,
              },
              {
                "flex": 1,
                "marginHorizontal": 24,
              },
            ],
            {
              "opacity": 0.6,
            },
          ]
        }
        testID="address-book-next-button"
      >
        <Text
          style={
            [
              {
                "color": "#007aff",
                "fontSize": 17,
                "fontWeight": "500",
                "textAlign": "center",
              },
              {
                "color": "#dcdcdc",
              },
              [
                {
                  "fontFamily": "Geist Bold",
                  "fontSize": 14,
                  "textAlign": "center",
                },
                {
                  "color": "#ffffff",
                },
                undefined,
              ],
              {
                "opacity": 0.6,
              },
            ]
          }
        >
          Next
        </Text>
      </TouchableOpacity>
    </View>
  </View>
</RNCSafeAreaView>
`;
