// Jest Snapshot v1, https://goo.gl/fbAQLP

exports[`IconButton should render correctly 1`] = `
<TouchableOpacity
  activeOpacity={1}
  onPress={[Function]}
  onPressIn={[Function]}
  onPressOut={[Function]}
  style={
    Object {
      "alignItems": "center",
      "height": 32,
      "justifyContent": "center",
      "width": 32,
    }
  }
>
  <Icon
    color="#037DD6"
    name="AddSquareFilled"
    size="24"
  />
</TouchableOpacity>
`;
