// Jest Snapshot v1, https://goo.gl/fbAQLP

exports[`AvatarAccount Integration - Component Snapshot maintains expected visual structure 1`] = `
<View
  style={
    {
      "backgroundColor": "#ffffff",
      "borderRadius": 16,
      "height": 32,
      "overflow": "hidden",
      "width": 32,
    }
  }
>
  <JazzIcon
    address="0x1234567890123456789012345678901234567890"
    size={32}
  />
</View>
`;
