// Jest Snapshot v1, https://goo.gl/fbAQLP

exports[`BasicFunctionalityModal should render correctly 1`] = `
<View
  testID="bottom-sheet-mock"
>
  <View
    style={
      {
        "alignSelf": "center",
        "justifyContent": "center",
        "padding": 16,
      }
    }
  >
    <SvgMock
      color="#ca3542"
      fill="currentColor"
      height={32}
      name="Danger"
      style={
        {
          "alignSelf": "center",
          "height": 32,
          "marginBottom": 10,
          "width": 32,
        }
      }
      width={32}
    />
    <Text
      accessibilityRole="text"
      style={
        {
          "color": "#131416",
          "fontFamily": "Geist-SemiBold",
          "fontSize": 20,
          "letterSpacing": 0,
          "lineHeight": 24,
          "textAlign": "center",
        }
      }
    >
      Turn off basic functionality
    </Text>
    <Text
      accessibilityRole="text"
      style={
        {
          "alignSelf": "flex-start",
          "color": "#131416",
          "fontFamily": "Geist-Regular",
          "fontSize": 16,
          "letterSpacing": 0,
          "lineHeight": 24,
          "paddingBottom": 10,
          "paddingTop": 16,
        }
      }
    >
      This means you won't fully optimize your time on MetaMask. Basic features (like token details, optimal gas settings, and others) won't be available to you.
    </Text>
    <Text
      accessibilityRole="text"
      style={
        {
          "alignSelf": "flex-start",
          "color": "#131416",
          "fontFamily": "Geist-Regular",
          "fontSize": 16,
          "letterSpacing": 0,
          "lineHeight": 24,
          "paddingBottom": 10,
          "paddingTop": 16,
        }
      }
    >
      Turning this off also disables all features within
       
      <Text
        accessibilityRole="text"
        style={
          {
            "alignSelf": "flex-start",
            "color": "#131416",
            "fontFamily": "Geist-SemiBold",
            "fontSize": 16,
            "letterSpacing": 0,
            "lineHeight": 24,
            "paddingBottom": 10,
            "paddingTop": 16,
          }
        }
      >
        security and privacy, backup and sync
         
      </Text>
      <Text
        accessibilityRole="text"
        style={
          {
            "alignSelf": "flex-start",
            "color": "#131416",
            "fontFamily": "Geist-Regular",
            "fontSize": 16,
            "letterSpacing": 0,
            "lineHeight": 24,
            "paddingBottom": 10,
            "paddingTop": 16,
          }
        }
      >
        and
         
      </Text>
      <Text
        accessibilityRole="text"
        style={
          {
            "alignSelf": "flex-start",
            "color": "#131416",
            "fontFamily": "Geist-SemiBold",
            "fontSize": 16,
            "letterSpacing": 0,
            "lineHeight": 24,
            "paddingBottom": 10,
            "paddingTop": 16,
          }
        }
      >
        notifications.
      </Text>
    </Text>
    <View
      style={
        {
          "paddingTop": 20,
        }
      }
    >
      <View
        accessibilityState={
          {
            "busy": undefined,
            "checked": undefined,
            "disabled": false,
            "expanded": undefined,
            "selected": undefined,
          }
        }
        accessibilityValue={
          {
            "max": undefined,
            "min": undefined,
            "now": undefined,
            "text": undefined,
          }
        }
        accessible={true}
        collapsable={false}
        focusable={true}
        onClick={[Function]}
        onResponderGrant={[Function]}
        onResponderMove={[Function]}
        onResponderRelease={[Function]}
        onResponderTerminate={[Function]}
        onResponderTerminationRequest={[Function]}
        onStartShouldSetResponder={[Function]}
        style={
          {
            "alignItems": "center",
            "flexDirection": "row",
            "height": 24,
            "opacity": 1,
          }
        }
      >
        <View
          accessibilityRole="checkbox"
          style={
            {
              "alignItems": "center",
              "backgroundColor": "#ffffff",
              "borderColor": "#949596",
              "borderRadius": 4,
              "borderWidth": 2,
              "height": 20,
              "justifyContent": "center",
              "width": 20,
            }
          }
        />
        <View
          style={
            {
              "marginLeft": 12,
            }
          }
        >
          <Text
            accessibilityRole="text"
            style={
              {
                "color": "#131416",
                "fontFamily": "Geist-Regular",
                "fontSize": 16,
                "letterSpacing": 0,
                "lineHeight": 24,
              }
            }
          >
            I understand and want to continue
          </Text>
        </View>
      </View>
      <View
        style={
          {
            "flexDirection": "row",
            "paddingTop": 24,
          }
        }
      >
        <View
          accessibilityRole="button"
          accessibilityState={
            {
              "busy": undefined,
              "checked": undefined,
              "disabled": undefined,
              "expanded": undefined,
              "selected": undefined,
            }
          }
          accessibilityValue={
            {
              "max": undefined,
              "min": undefined,
              "now": undefined,
              "text": undefined,
            }
          }
          accessible={true}
          collapsable={false}
          focusable={true}
          onClick={[Function]}
          onResponderGrant={[Function]}
          onResponderMove={[Function]}
          onResponderRelease={[Function]}
          onResponderTerminate={[Function]}
          onResponderTerminationRequest={[Function]}
          onStartShouldSetResponder={[Function]}
          style={
            {
              "alignItems": "center",
              "alignSelf": "flex-start",
              "backgroundColor": "#b4b4b528",
              "borderColor": "transparent",
              "borderRadius": 12,
              "borderWidth": 1,
              "flex": 1,
              "flexDirection": "row",
              "height": 48,
              "justifyContent": "center",
              "opacity": 1,
              "overflow": "hidden",
              "paddingHorizontal": 16,
            }
          }
        >
          <Text
            accessibilityRole="text"
            style={
              {
                "color": "#131416",
                "fontFamily": "Geist-Medium",
                "fontSize": 16,
                "letterSpacing": 0,
                "lineHeight": 24,
              }
            }
          >
            Cancel
          </Text>
        </View>
        <View
          style={
            {
              "width": 20,
            }
          }
        />
        <View
          accessibilityRole="button"
          accessibilityState={
            {
              "busy": undefined,
              "checked": undefined,
              "disabled": true,
              "expanded": undefined,
              "selected": undefined,
            }
          }
          accessibilityValue={
            {
              "max": undefined,
              "min": undefined,
              "now": undefined,
              "text": undefined,
            }
          }
          accessible={true}
          collapsable={false}
          focusable={false}
          onClick={[Function]}
          onResponderGrant={[Function]}
          onResponderMove={[Function]}
          onResponderRelease={[Function]}
          onResponderTerminate={[Function]}
          onResponderTerminationRequest={[Function]}
          onStartShouldSetResponder={[Function]}
          style={
            {
              "alignItems": "center",
              "alignSelf": "flex-start",
              "backgroundColor": "#ca3542",
              "borderRadius": 12,
              "flex": 1,
              "flexDirection": "row",
              "height": 48,
              "justifyContent": "center",
              "opacity": 0.5,
              "overflow": "hidden",
              "paddingHorizontal": 16,
            }
          }
        >
          <Text
            accessibilityRole="text"
            style={
              {
                "color": "#ffffff",
                "fontFamily": "Geist-Medium",
                "fontSize": 16,
                "letterSpacing": 0,
                "lineHeight": 24,
              }
            }
          >
            Turn off
          </Text>
        </View>
      </View>
    </View>
  </View>
</View>
`;
