// Jest Snapshot v1, https://goo.gl/fbAQLP

exports[`Tokens should render correctly 1`] = `
<ScrollView
  style={
    Object {
      "backgroundColor": "#FFFFFF",
      "flex": 1,
    }
  }
>
  <Component
    testID="tokens"
  >
    <Component
      style={
        Object {
          "alignItems": "center",
          "backgroundColor": "#FFFFFF",
          "flex": 1,
          "justifyContent": "center",
          "marginTop": 80,
        }
      }
    >
      <Component
        style={
          Object {
            "color": "#AAAAAA",
            "fontFamily": "Roboto",
            "fontSize": 20,
            "fontWeight": "400",
          }
        }
      >
        You don't have any tokens!
      </Component>
    </Component>
    <TouchableOpacity
      activeOpacity={0.2}
      style={
        Object {
          "alignItems": "center",
          "flexDirection": "row",
          "justifyContent": "center",
          "marginTop": 20,
        }
      }
    >
      <Icon
        allowFontScaling={false}
        color="#007aff"
        name="plus"
        size={16}
      />
      <Component
        style={
          Object {
            "color": "#007aff",
            "fontFamily": "Roboto",
            "fontSize": 15,
            "fontWeight": "400",
            "textTransform": "uppercase",
          }
        }
      >
        ADD TOKENS
      </Component>
    </TouchableOpacity>
  </Component>
</ScrollView>
`;
