// Jest Snapshot v1, https://goo.gl/fbAQLP

exports[`SlippageSlider should render correctly 1`] = `
<View
  onLayout={[Function]}
  style={
    Array [
      Object {
        "height": 76,
        "justifyContent": "center",
        "position": "relative",
      },
      undefined,
    ]
  }
>
  <View
    onLayout={[Function]}
    style={
      Array [
        Object {
          "bottom": 10.5,
          "paddingHorizontal": 11,
          "position": "absolute",
        },
        Object {
          "width": 0,
        },
      ]
    }
  >
    <View
      style={
        Object {
          "alignItems": "center",
          "backgroundColor": "#0376C919",
          "borderColor": "#0376C919",
          "borderRadius": 9,
          "borderWidth": 2,
          "flexDirection": "row",
          "height": 9,
          "justifyContent": "space-between",
        }
      }
    >
      <View
        key="0"
        style={
          Object {
            "backgroundColor": "#0376C9",
            "borderRadius": 5,
            "height": 5,
            "opacity": 0.5,
            "width": 5,
          }
        }
      />
      <View
        key="1"
        style={
          Object {
            "backgroundColor": "#0376C9",
            "borderRadius": 5,
            "height": 5,
            "opacity": 0.5,
            "width": 5,
          }
        }
      />
      <View
        key="2"
        style={
          Object {
            "backgroundColor": "#0376C9",
            "borderRadius": 5,
            "height": 5,
            "opacity": 0.5,
            "width": 5,
          }
        }
      />
      <View
        key="3"
        style={
          Object {
            "backgroundColor": "#0376C9",
            "borderRadius": 5,
            "height": 5,
            "opacity": 0.5,
            "width": 5,
          }
        }
      />
      <View
        key="4"
        style={
          Object {
            "backgroundColor": "#0376C9",
            "borderRadius": 5,
            "height": 5,
            "opacity": 0.5,
            "width": 5,
          }
        }
      />
    </View>
  </View>
  <ForwardRef(AnimatedComponentWrapper)
    style={
      Array [
        Object {
          "borderRadius": 9,
          "bottom": 10.5,
          "height": 9,
          "left": 11,
          "overflow": "hidden",
          "position": "absolute",
        },
        Object {
          "width": 15,
        },
      ]
    }
  >
    <Image
      resizeMode="stretch"
      source={
        Object {
          "default": Object {
            "uri": "MockImage",
          },
        }
      }
      style={
        Object {
          "width": 0,
        }
      }
    />
  </ForwardRef(AnimatedComponentWrapper)>
  <ForwardRef(AnimatedComponentWrapper)
    style={
      Array [
        Object {
          "alignItems": "center",
          "justifyContent": "center",
          "minHeight": 36,
          "minWidth": 40,
          "position": "absolute",
          "top": 4,
        },
        Object {
          "left": -5,
        },
      ]
    }
  >
    <Svg
      height={36}
      preserveAspectRatio="xMidYMid meet"
      viewBox="0 0 40 36"
      width={40}
    >
      <Path
        d="M0 8C0 3.58172 3.58172 0 8 0H32C36.4183 0 40 3.58172 40 8V20.6866C40 25.1049 36.4183 28.6866 32 28.6866H27.7778L20 36L12.2222 28.6866H8C3.58172 28.6866 0 25.1049 0 20.6866V8Z"
        fill="#000000CC"
      />
    </Svg>
    <Text
      style={
        Object {
          "bottom": 0,
          "color": "#FCFCFC",
          "fontFamily": "EuclidCircularB-Regular",
          "fontSize": 12,
          "fontWeight": "400",
          "left": 0,
          "paddingTop": 6,
          "position": "absolute",
          "right": 0,
          "textAlign": "center",
          "top": 0,
        }
      }
    >
      undefined%
    </Text>
  </ForwardRef(AnimatedComponentWrapper)>
  <ForwardRef(AnimatedComponentWrapper)
    onMoveShouldSetResponder={[Function]}
    onMoveShouldSetResponderCapture={[Function]}
    onResponderEnd={[Function]}
    onResponderGrant={[Function]}
    onResponderMove={[Function]}
    onResponderReject={[Function]}
    onResponderRelease={[Function]}
    onResponderStart={[Function]}
    onResponderTerminate={[Function]}
    onResponderTerminationRequest={[Function]}
    onStartShouldSetResponder={[Function]}
    onStartShouldSetResponderCapture={[Function]}
    style={
      Array [
        Object {
          "borderColor": "#FFFFFF",
          "borderRadius": 30,
          "borderWidth": 1,
          "bottom": 0,
          "height": 30,
          "position": "absolute",
          "shadowColor": "#0000001A",
          "shadowOffset": Object {
            "height": 2,
            "width": 0,
          },
          "shadowOpacity": 1,
          "shadowRadius": 16,
          "width": 30,
        },
        Object {
          "backgroundColor": "rgba(3, 118, 201, 1)",
          "left": 0,
        },
      ]
    }
  />
</View>
`;
