// Jest Snapshot v1, https://goo.gl/fbAQLP

exports[`Checkout renders correctly with valid URL 1`] = `
[
  <View
    style={
      [
        {
          "alignItems": "center",
          "flexDirection": "row",
          "gap": 16,
          "minHeight": 56,
        },
        false,
        {
          "paddingHorizontal": 16,
          "paddingVertical": 0,
        },
      ]
    }
    testID="header"
  >
    <View>
      <View
        onLayout={[Function]}
      />
    </View>
    <View
      style={
        [
          {
            "alignItems": "center",
            "display": "flex",
            "flexBasis": "0%",
            "flexGrow": 1,
            "flexShrink": 1,
          },
          undefined,
        ]
      }
    >
      <Text
        accessibilityRole="text"
        style={
          [
            {
              "color": "#121314",
              "fontFamily": "Geist-Bold",
              "fontSize": 16,
              "fontWeight": 700,
              "letterSpacing": 0,
              "lineHeight": 24,
            },
            {
              "textAlign": "center",
            },
          ]
        }
        testID="header-title"
      >
        Test Provider
      </Text>
    </View>
    <View>
      <View
        onLayout={[Function]}
      >
        <TouchableOpacity
          accessible={true}
          activeOpacity={1}
          disabled={false}
          onPress={[Function]}
          onPressIn={[Function]}
          onPressOut={[Function]}
          style={
            {
              "alignItems": "center",
              "borderRadius": 8,
              "height": 32,
              "justifyContent": "center",
              "opacity": 1,
              "width": 32,
            }
          }
          testID="checkout-close-button"
        >
          <SvgMock
            color="#121314"
            fill="currentColor"
            height={24}
            name="Close"
            style={
              {
                "height": 24,
                "width": 24,
              }
            }
            width={24}
          />
        </TouchableOpacity>
      </View>
    </View>
  </View>,
  <View
    allowsInlineMediaPlayback={true}
    enableApplePay={true}
    mediaPlaybackRequiresUserAction={false}
    onHttpError={[Function]}
    onShouldStartLoadWithRequest={[Function]}
    paymentRequestEnabled={true}
    source={
      {
        "uri": "https://provider.example.com/widget?test=1",
      }
    }
    style={
      {
        "backgroundColor": "#ffffff",
      }
    }
    testID="checkout-webview"
  />,
]
`;
