// Jest Snapshot v1, https://goo.gl/fbAQLP

exports[`StyledButton should render correctly on Android the button with type cancel 1`] = `ShallowWrapper {}`;

exports[`StyledButton should render correctly on Android the button with type confirm 1`] = `ShallowWrapper {}`;

exports[`StyledButton should render correctly on Android the button with type normal 1`] = `ShallowWrapper {}`;

exports[`StyledButton should render correctly on Android the button with type orange 1`] = `ShallowWrapper {}`;

exports[`StyledButton should render correctly on iOS the button with type cancel 1`] = `ShallowWrapper {}`;

exports[`StyledButton should render correctly on iOS the button with type confirm 1`] = `ShallowWrapper {}`;

exports[`StyledButton should render correctly on iOS the button with type normal 1`] = `ShallowWrapper {}`;

exports[`StyledButton should render correctly on iOS the button with type orange 1`] = `ShallowWrapper {}`;
