// Jest Snapshot v1, https://goo.gl/fbAQLP

exports[`SkipAccountSecurityModal with empty route params render matches snapshot 1`] = `
<div
  data-testid="mock-bottom-sheet"
>
  <View
    style={
      {
        "alignItems": "center",
        "flexDirection": "column",
        "justifyContent": "center",
        "paddingHorizontal": 16,
        "paddingTop": 16,
        "width": "100%",
      }
    }
  >
    <SvgMock
      color="#121314"
      fill="currentColor"
      height={24}
      name="Danger"
      style={
        {
          "alignSelf": "center",
          "color": "#ca3542",
          "height": 24,
          "marginBottom": 16,
          "width": 24,
        }
      }
      testID="skip-backup-warning"
      width={24}
    />
    <Text
      accessibilityRole="text"
      style={
        {
          "color": "#121314",
          "fontFamily": "Geist-Bold",
          "fontSize": 18,
          "letterSpacing": 0,
          "lineHeight": 24,
        }
      }
    >
      Skip account security?
    </Text>
    <View
      style={
        {
          "alignItems": "flex-start",
          "flexDirection": "row",
          "marginTop": 16,
          "paddingHorizontal": 16,
        }
      }
      testID="skip-backup-modal"
    >
      <View
        accessibilityState={
          {
            "busy": undefined,
            "checked": undefined,
            "disabled": false,
            "expanded": undefined,
            "selected": undefined,
          }
        }
        accessibilityValue={
          {
            "max": undefined,
            "min": undefined,
            "now": undefined,
            "text": undefined,
          }
        }
        accessible={true}
        collapsable={false}
        focusable={true}
        onClick={[Function]}
        onResponderGrant={[Function]}
        onResponderMove={[Function]}
        onResponderRelease={[Function]}
        onResponderTerminate={[Function]}
        onResponderTerminationRequest={[Function]}
        onStartShouldSetResponder={[Function]}
        style={
          {
            "alignItems": "center",
            "flexDirection": "row",
            "height": 18,
            "marginRight": 12,
            "marginTop": 3,
            "opacity": 1,
            "width": 18,
          }
        }
        testID="skip-backup-check"
      >
        <View
          accessibilityRole="checkbox"
          style={
            {
              "alignItems": "center",
              "backgroundColor": "#ffffff",
              "borderColor": "#b7bbc8",
              "borderRadius": 4,
              "borderWidth": 2,
              "height": 20,
              "justifyContent": "center",
              "width": 20,
            }
          }
        />
      </View>
      <Text
        accessibilityRole="text"
        onPress={[Function]}
        style={
          {
            "color": "#121314",
            "fontFamily": "Geist-Regular",
            "fontSize": 14,
            "letterSpacing": 0,
            "lineHeight": 22,
          }
        }
        testID="skip-backup-text"
      >
        If you lose this Secret Recovery Phrase, you won’t be able to access this wallet.
      </Text>
    </View>
    <View
      style={
        {
          "flexDirection": "row",
          "gap": 16,
          "justifyContent": "flex-start",
          "marginBottom": 8,
          "marginTop": 24,
        }
      }
    >
      <View
        accessibilityRole="button"
        accessibilityState={
          {
            "busy": undefined,
            "checked": undefined,
            "disabled": undefined,
            "expanded": undefined,
            "selected": undefined,
          }
        }
        accessibilityValue={
          {
            "max": undefined,
            "min": undefined,
            "now": undefined,
            "text": undefined,
          }
        }
        accessible={true}
        collapsable={false}
        focusable={true}
        onClick={[Function]}
        onResponderGrant={[Function]}
        onResponderMove={[Function]}
        onResponderRelease={[Function]}
        onResponderTerminate={[Function]}
        onResponderTerminationRequest={[Function]}
        onStartShouldSetResponder={[Function]}
        style={
          {
            "alignItems": "center",
            "alignSelf": "stretch",
            "backgroundColor": "#3c4d9d0f",
            "borderColor": "transparent",
            "borderRadius": 12,
            "borderWidth": 1,
            "flex": 1,
            "flexDirection": "row",
            "height": 48,
            "justifyContent": "center",
            "opacity": 1,
            "overflow": "hidden",
            "paddingHorizontal": 16,
          }
        }
        testID="Cancel-Skip"
      >
        <Text
          accessibilityRole="text"
          style={
            {
              "color": "#121314",
              "fontFamily": "Geist-Medium",
              "fontSize": 16,
              "letterSpacing": 0,
              "lineHeight": 24,
            }
          }
        >
          Secure now
        </Text>
      </View>
      <View
        accessibilityRole="button"
        accessibilityState={
          {
            "busy": undefined,
            "checked": undefined,
            "disabled": true,
            "expanded": undefined,
            "selected": undefined,
          }
        }
        accessibilityValue={
          {
            "max": undefined,
            "min": undefined,
            "now": undefined,
            "text": undefined,
          }
        }
        accessible={true}
        collapsable={false}
        focusable={false}
        onClick={[Function]}
        onResponderGrant={[Function]}
        onResponderMove={[Function]}
        onResponderRelease={[Function]}
        onResponderTerminate={[Function]}
        onResponderTerminationRequest={[Function]}
        onStartShouldSetResponder={[Function]}
        style={
          {
            "alignItems": "center",
            "alignSelf": "stretch",
            "backgroundColor": "#ca3542",
            "borderRadius": 12,
            "flex": 1,
            "flexDirection": "row",
            "height": 48,
            "justifyContent": "center",
            "opacity": 0.5,
            "overflow": "hidden",
            "paddingHorizontal": 16,
          }
        }
        testID="Skip-button"
      >
        <Text
          accessibilityRole="text"
          style={
            {
              "color": "#ffffff",
              "fontFamily": "Geist-Medium",
              "fontSize": 16,
              "letterSpacing": 0,
              "lineHeight": 24,
            }
          }
        >
          Skip
        </Text>
      </View>
    </View>
  </View>
</div>
`;

exports[`SkipAccountSecurityModal with route params render matches snapshot 1`] = `
<div
  data-testid="mock-bottom-sheet"
>
  <View
    style={
      {
        "alignItems": "center",
        "flexDirection": "column",
        "justifyContent": "center",
        "paddingHorizontal": 16,
        "paddingTop": 16,
        "width": "100%",
      }
    }
  >
    <SvgMock
      color="#121314"
      fill="currentColor"
      height={24}
      name="Danger"
      style={
        {
          "alignSelf": "center",
          "color": "#ca3542",
          "height": 24,
          "marginBottom": 16,
          "width": 24,
        }
      }
      testID="skip-backup-warning"
      width={24}
    />
    <Text
      accessibilityRole="text"
      style={
        {
          "color": "#121314",
          "fontFamily": "Geist-Bold",
          "fontSize": 18,
          "letterSpacing": 0,
          "lineHeight": 24,
        }
      }
    >
      Skip account security?
    </Text>
    <View
      style={
        {
          "alignItems": "flex-start",
          "flexDirection": "row",
          "marginTop": 16,
          "paddingHorizontal": 16,
        }
      }
      testID="skip-backup-modal"
    >
      <View
        accessibilityState={
          {
            "busy": undefined,
            "checked": undefined,
            "disabled": false,
            "expanded": undefined,
            "selected": undefined,
          }
        }
        accessibilityValue={
          {
            "max": undefined,
            "min": undefined,
            "now": undefined,
            "text": undefined,
          }
        }
        accessible={true}
        collapsable={false}
        focusable={true}
        onClick={[Function]}
        onResponderGrant={[Function]}
        onResponderMove={[Function]}
        onResponderRelease={[Function]}
        onResponderTerminate={[Function]}
        onResponderTerminationRequest={[Function]}
        onStartShouldSetResponder={[Function]}
        style={
          {
            "alignItems": "center",
            "flexDirection": "row",
            "height": 18,
            "marginRight": 12,
            "marginTop": 3,
            "opacity": 1,
            "width": 18,
          }
        }
        testID="skip-backup-check"
      >
        <View
          accessibilityRole="checkbox"
          style={
            {
              "alignItems": "center",
              "backgroundColor": "#ffffff",
              "borderColor": "#b7bbc8",
              "borderRadius": 4,
              "borderWidth": 2,
              "height": 20,
              "justifyContent": "center",
              "width": 20,
            }
          }
        />
      </View>
      <Text
        accessibilityRole="text"
        onPress={[Function]}
        style={
          {
            "color": "#121314",
            "fontFamily": "Geist-Regular",
            "fontSize": 14,
            "letterSpacing": 0,
            "lineHeight": 22,
          }
        }
        testID="skip-backup-text"
      >
        If you lose this Secret Recovery Phrase, you won’t be able to access this wallet.
      </Text>
    </View>
    <View
      style={
        {
          "flexDirection": "row",
          "gap": 16,
          "justifyContent": "flex-start",
          "marginBottom": 8,
          "marginTop": 24,
        }
      }
    >
      <View
        accessibilityRole="button"
        accessibilityState={
          {
            "busy": undefined,
            "checked": undefined,
            "disabled": undefined,
            "expanded": undefined,
            "selected": undefined,
          }
        }
        accessibilityValue={
          {
            "max": undefined,
            "min": undefined,
            "now": undefined,
            "text": undefined,
          }
        }
        accessible={true}
        collapsable={false}
        focusable={true}
        onClick={[Function]}
        onResponderGrant={[Function]}
        onResponderMove={[Function]}
        onResponderRelease={[Function]}
        onResponderTerminate={[Function]}
        onResponderTerminationRequest={[Function]}
        onStartShouldSetResponder={[Function]}
        style={
          {
            "alignItems": "center",
            "alignSelf": "stretch",
            "backgroundColor": "#3c4d9d0f",
            "borderColor": "transparent",
            "borderRadius": 12,
            "borderWidth": 1,
            "flex": 1,
            "flexDirection": "row",
            "height": 48,
            "justifyContent": "center",
            "opacity": 1,
            "overflow": "hidden",
            "paddingHorizontal": 16,
          }
        }
        testID="Cancel-Skip"
      >
        <Text
          accessibilityRole="text"
          style={
            {
              "color": "#121314",
              "fontFamily": "Geist-Medium",
              "fontSize": 16,
              "letterSpacing": 0,
              "lineHeight": 24,
            }
          }
        >
          Secure now
        </Text>
      </View>
      <View
        accessibilityRole="button"
        accessibilityState={
          {
            "busy": undefined,
            "checked": undefined,
            "disabled": true,
            "expanded": undefined,
            "selected": undefined,
          }
        }
        accessibilityValue={
          {
            "max": undefined,
            "min": undefined,
            "now": undefined,
            "text": undefined,
          }
        }
        accessible={true}
        collapsable={false}
        focusable={false}
        onClick={[Function]}
        onResponderGrant={[Function]}
        onResponderMove={[Function]}
        onResponderRelease={[Function]}
        onResponderTerminate={[Function]}
        onResponderTerminationRequest={[Function]}
        onStartShouldSetResponder={[Function]}
        style={
          {
            "alignItems": "center",
            "alignSelf": "stretch",
            "backgroundColor": "#ca3542",
            "borderRadius": 12,
            "flex": 1,
            "flexDirection": "row",
            "height": 48,
            "justifyContent": "center",
            "opacity": 0.5,
            "overflow": "hidden",
            "paddingHorizontal": 16,
          }
        }
        testID="Skip-button"
      >
        <Text
          accessibilityRole="text"
          style={
            {
              "color": "#ffffff",
              "fontFamily": "Geist-Medium",
              "fontSize": 16,
              "letterSpacing": 0,
              "lineHeight": 24,
            }
          }
        >
          Skip
        </Text>
      </View>
    </View>
  </View>
</div>
`;
