// Jest Snapshot v1, https://goo.gl/fbAQLP

exports[`HintModal should render correctly 1`] = `
<ForwardRef>
  <View
    style={
      {
        "alignItems": "center",
        "flexDirection": "column",
        "justifyContent": "center",
        "paddingHorizontal": 16,
        "paddingTop": 16,
        "width": "100%",
      }
    }
  >
    <Icon
      name="DangerSolid"
      size="24"
      style={
        {
          "alignSelf": "center",
          "color": "#ca3542",
          "marginBottom": 16,
        }
      }
      testID="skip-backup-warning"
    />
    <Text
      color="Default"
      variant="sHeadingMD"
    >
      Skip account security?
    </Text>
    <View
      style={
        {
          "alignItems": "flex-start",
          "flexDirection": "row",
          "marginTop": 16,
          "paddingHorizontal": 16,
        }
      }
      testID="skip-backup-modal"
    >
      <Checkbox
        isChecked={false}
        onPress={[Function]}
        style={
          {
            "height": 18,
            "marginRight": 12,
            "marginTop": 3,
            "width": 18,
          }
        }
        testID="skip-backup-check"
      />
      <Text
        color="Default"
        onPress={[Function]}
        testID="skip-backup-text"
        variant="sBodySM"
      >
        If you lose this Secret Recovery Phrase, you won’t be able to access this wallet.
      </Text>
    </View>
    <View
      style={
        {
          "flexDirection": "row",
          "gap": 16,
          "justifyContent": "flex-start",
          "marginBottom": 8,
          "marginTop": 24,
        }
      }
    >
      <Button
        label="Secure now"
        onPress={[Function]}
        size="48"
        style={
          {
            "flex": 1,
          }
        }
        type="Secondary"
        variant="Secondary"
        width="full"
      />
      <Button
        isDisabled={true}
        label="Skip"
        onPress={[Function]}
        size="48"
        style={
          {
            "backgroundColor": "#ca3542",
            "flex": 1,
          }
        }
        type="Primary"
        variant="Primary"
        width="full"
      />
    </View>
  </View>
</ForwardRef>
`;
