// Jest Snapshot v1, https://goo.gl/fbAQLP

exports[`TransactionReviewInformation should render correctly 1`] = `
<Fragment>
  <TransactionReviewFeeCard
    edit={[Function]}
    primaryCurrency="ETH"
    totalGasEth="< 0.00001 ETH"
    totalGasFiat="$0"
  />
  <View
    style={
      Object {
        "flex": 1,
        "marginTop": 16,
      }
    }
  >
    <TouchableOpacity
      style={
        Object {
          "alignSelf": "center",
        }
      }
    >
      <Text
        style={
          Object {
            "alignSelf": "center",
            "color": "#037dd6",
            "fontFamily": "EuclidCircularB-Bold",
            "fontSize": 12,
            "fontWeight": "600",
            "textAlign": "center",
          }
        }
      >
        View Data
      </Text>
    </TouchableOpacity>
  </View>
</Fragment>
`;
