// Jest Snapshot v1, https://goo.gl/fbAQLP

exports[`Tabs should render correctly 1`] = `
<Tabs
  metrics={
    Object {
      "addTraitsToUser": [Function],
      "checkDataDeleteStatus": [Function],
      "createDataDeletionTask": [Function],
      "enable": [Function],
      "getDeleteRegulationCreationDate": [Function],
      "getDeleteRegulationId": [Function],
      "getMetaMetricsId": [Function],
      "isDataRecorded": [Function],
      "isEnabled": [Function],
      "trackAnonymousEvent": [Function],
      "trackEvent": [Function],
    }
  }
  tabs={
    Array [
      Object {
        "id": 1,
        "image": "",
        "url": "about:blank",
      },
    ]
  }
/>
`;
