// Jest Snapshot v1, https://goo.gl/fbAQLP

exports[`SimpleWebview renders correctly 1`] = `
<View
  style={
    [
      {
        "flex": 1,
      },
      {
        "backgroundColor": "#ffffff",
      },
    ]
  }
>
  <View
    edges={
      [
        "bottom",
      ]
    }
    style={
      {
        "flex": 1,
      }
    }
  >
    <View
      containerStyle={
        {
          "flex": 1,
        }
      }
      source={
        {
          "uri": "https://etherscan.io",
        }
      }
    />
  </View>
</View>
`;
