// Jest Snapshot v1, https://goo.gl/fbAQLP

exports[`SimpleWebview renders correctly 1`] = `
<RNCSafeAreaView
  edges={
    {
      "bottom": "additive",
      "left": "off",
      "right": "off",
      "top": "off",
    }
  }
  style={
    {
      "flex": 1,
    }
  }
>
  <View
    source={
      {
        "uri": "https://etherscan.io",
      }
    }
  />
</RNCSafeAreaView>
`;
