// Jest Snapshot v1, https://goo.gl/fbAQLP

exports[`SimpleWebview should render correctly 1`] = `
<ForwardRef
  edges={
    {
      "bottom": "additive",
    }
  }
  style={
    {
      "flex": 1,
    }
  }
>
  <WebView
    source={
      {
        "uri": "https://etherscan.io",
      }
    }
  />
</ForwardRef>
`;
