// Jest Snapshot v1, https://goo.gl/fbAQLP

exports[`Browser should render correctly 1`] = `
<View
  style={
    Object {
      "backgroundColor": "#FFFFFF",
      "flex": 1,
    }
  }
>
  <View
    style={
      Object {
        "height": 3,
        "marginTop": 0,
      }
    }
  >
    <WebviewProgressBar />
  </View>
  <Web3Webview
    injectedJavaScriptForMainFrameOnly={true}
    injectedOnStartLoadingJavaScript={null}
    javaScriptEnabled={true}
    javascriptEnabled={true}
    messagingEnabled={true}
    onLoadEnd={[Function]}
    onLoadStart={[Function]}
    onMessage={[Function]}
    onMomentumScrollBegin={[Function]}
    onNavigationStateChange={[Function]}
    onProgress={[Function]}
    onScroll={[Function]}
    openNewWindowInWebView={true}
    originWhitelist={
      Array [
        "http://*",
        "https://*",
      ]
    }
    saveFormDataDisabled={false}
    scalesPageToFit={true}
    scrollEventThrottle={1}
    sendCookies={true}
    showDefaultLoader={false}
    source={
      Object {
        "uri": "about:blank",
      }
    }
    style={
      Object {
        "flex": 1,
      }
    }
    thirdPartyCookiesEnabled={true}
    userAgent="Mozilla/5.0 (iPhone; CPU iPhone OS 10_3 like Mac OS X) AppleWebKit/602.1.50 (KHTML, like Gecko) CriOS/56.0.2924.75 Mobile/14E5239e Safari/602.1"
  />
  <View
    style={
      Object {
        "bottom": 0,
        "flex": 1,
        "left": 0,
        "position": "absolute",
        "right": 0,
        "top": 0,
      }
    }
  >
    <Connect(BrowserHome)
      goToUrl={[Function]}
    />
  </View>
  <ReactNativeModal
    animationIn="slideInDown"
    animationInTiming={300}
    animationOut="slideOutUp"
    animationOutTiming={300}
    avoidKeyboard={false}
    backdropColor="black"
    backdropOpacity={0.7}
    backdropTransitionInTiming={300}
    backdropTransitionOutTiming={300}
    deviceHeight={null}
    deviceWidth={null}
    hasBackdrop={true}
    hideModalContentWhileAnimating={false}
    isVisible={false}
    onBackButtonPress={[Function]}
    onBackdropPress={[Function]}
    onModalHide={[Function]}
    onModalShow={[Function]}
    onModalWillHide={[Function]}
    onModalWillShow={[Function]}
    scrollOffset={0}
    scrollOffsetMax={0}
    scrollTo={null}
    style={
      Object {
        "justifyContent": "flex-start",
        "margin": 0,
      }
    }
    supportedOrientations={
      Array [
        "portrait",
        "landscape",
      ]
    }
    swipeThreshold={100}
    useNativeDriver={true}
  >
    <View
      style={
        Object {
          "backgroundColor": "#FFFFFF",
          "flexDirection": "row",
          "height": 87,
          "paddingHorizontal": 10,
          "paddingTop": 50,
        }
      }
    >
      <TextInput
        allowFontScaling={true}
        autoCapitalize="none"
        autoCorrect={false}
        clearButtonMode="while-editing"
        onChangeText={[Function]}
        onSubmitEditing={[Function]}
        placeholder="Enter website address"
        placeholderTextColor="#747d8c"
        rejectResponderTermination={true}
        returnKeyType="go"
        selectTextOnFocus={true}
        style={
          Object {
            "backgroundColor": "#dfe4ea",
            "borderRadius": 30,
            "flex": 1,
            "fontFamily": "Roboto",
            "fontSize": 14,
            "fontWeight": "400",
            "height": 30,
            "padding": 8,
            "paddingLeft": 15,
            "textAlign": "left",
          }
        }
        underlineColorAndroid="transparent"
        value=""
      />
      <TouchableOpacity
        activeOpacity={0.2}
        onPress={[Function]}
        style={
          Object {
            "marginLeft": 10,
            "marginTop": 7,
          }
        }
      >
        <Text
          style={
            Object {
              "color": "#008edf",
              "fontFamily": "Roboto",
              "fontSize": 14,
              "fontWeight": "400",
            }
          }
        >
          Cancel
        </Text>
      </TouchableOpacity>
    </View>
    <Connect(UrlAutocomplete)
      input=""
      onDismiss={[Function]}
      onSubmit={[Function]}
    />
  </ReactNativeModal>
  <ReactNativeModal
    animationIn="slideInUp"
    animationInTiming={600}
    animationOut="slideOutDown"
    animationOutTiming={600}
    avoidKeyboard={false}
    backdropColor="black"
    backdropOpacity={0.7}
    backdropTransitionInTiming={300}
    backdropTransitionOutTiming={300}
    deviceHeight={null}
    deviceWidth={null}
    hasBackdrop={true}
    hideModalContentWhileAnimating={false}
    isVisible={false}
    onBackButtonPress={[Function]}
    onBackdropPress={[Function]}
    onModalHide={[Function]}
    onModalShow={[Function]}
    onModalWillHide={[Function]}
    onModalWillShow={[Function]}
    onSwipeComplete={[Function]}
    propagateSwipe={true}
    scrollOffset={0}
    scrollOffsetMax={0}
    scrollTo={null}
    style={
      Object {
        "justifyContent": "flex-end",
        "margin": 0,
      }
    }
    supportedOrientations={
      Array [
        "portrait",
        "landscape",
      ]
    }
    swipeDirection="down"
    swipeThreshold={100}
    useNativeDriver={false}
  />
  <ReactNativeModal
    animationIn="slideInUp"
    animationInTiming={300}
    animationOut="slideOutDown"
    animationOutTiming={300}
    avoidKeyboard={false}
    backdropColor="black"
    backdropOpacity={0.7}
    backdropTransitionInTiming={300}
    backdropTransitionOutTiming={300}
    deviceHeight={null}
    deviceWidth={null}
    hasBackdrop={true}
    hideModalContentWhileAnimating={false}
    isVisible={false}
    onBackButtonPress={[Function]}
    onBackdropPress={[Function]}
    onModalHide={[Function]}
    onModalShow={[Function]}
    onModalWillHide={[Function]}
    onModalWillShow={[Function]}
    onSwipeComplete={[Function]}
    scrollOffset={0}
    scrollOffsetMax={0}
    scrollTo={null}
    style={
      Object {
        "justifyContent": "flex-end",
        "margin": 0,
      }
    }
    supportedOrientations={
      Array [
        "portrait",
        "landscape",
      ]
    }
    swipeDirection="down"
    swipeThreshold={100}
    useNativeDriver={false}
  >
    <Connect(AccountApproval)
      currentPageInformation={
        Object {
          "icon": undefined,
          "title": "",
          "url": "",
        }
      }
      onCancel={[Function]}
      onConfirm={[Function]}
    />
  </ReactNativeModal>
  <ReactNativeModal
    animationIn="slideInUp"
    animationInTiming={300}
    animationOut="slideOutDown"
    animationOutTiming={300}
    avoidKeyboard={false}
    backdropColor="#d95846"
    backdropOpacity={1}
    backdropTransitionInTiming={300}
    backdropTransitionOutTiming={300}
    deviceHeight={null}
    deviceWidth={null}
    hasBackdrop={true}
    hideModalContentWhileAnimating={false}
    isVisible={false}
    onBackButtonPress={[Function]}
    onBackdropPress={[Function]}
    onModalHide={[Function]}
    onModalShow={[Function]}
    onModalWillHide={[Function]}
    onModalWillShow={[Function]}
    scrollOffset={0}
    scrollOffsetMax={0}
    scrollTo={null}
    style={
      Object {
        "flex": 1,
      }
    }
    supportedOrientations={
      Array [
        "portrait",
        "landscape",
      ]
    }
    swipeThreshold={100}
    useNativeDriver={true}
  >
    <PhishingModal
      continueToPhishingSite={[Function]}
      goBackToSafety={[Function]}
      goToETHPhishingDetector={[Function]}
      goToEtherscam={[Function]}
      goToFilePhishingIssue={[Function]}
    />
  </ReactNativeModal>
</View>
`;
