// Jest Snapshot v1, https://goo.gl/fbAQLP

exports[`TransactionReviewSummary should render correctly 1`] = `
<View>
  <View
    style={
      Object {
        "alignItems": "center",
        "backgroundColor": undefined,
        "padding": 24,
        "paddingBottom": 16,
        "paddingTop": 12,
      }
    }
  >
    <Text
      bold={false}
      centered={false}
      disclaimer={false}
      error={false}
      info={false}
      link={false}
      modal={false}
      numberOfLines={1}
      primary={false}
      reset={false}
      right={false}
      small={false}
      strikethrough={false}
      style={
        Object {
          "alignItems": "center",
          "borderColor": "#848c96",
          "borderRadius": 12,
          "borderWidth": 1,
          "color": "#ffffff",
          "fontFamily": "EuclidCircularB-Regular",
          "fontSize": 10,
          "fontWeight": "400",
          "paddingHorizontal": 8,
          "paddingVertical": 4,
          "textAlign": "center",
        }
      }
      success={false}
      textAlternative={false}
      textDefault={false}
      underline={false}
      upper={false}
      warning={false}
    />
    <Text
      bold={false}
      centered={false}
      disclaimer={false}
      error={false}
      info={false}
      link={false}
      modal={false}
      primary={false}
      reset={false}
      right={false}
      small={false}
      strikethrough={false}
      style={
        Object {
          "color": "#ffffff",
          "fontFamily": "EuclidCircularB-Regular",
          "fontSize": 44,
          "fontWeight": "400",
          "paddingBottom": 4,
          "paddingTop": 16,
          "textAlign": "center",
          "textTransform": "uppercase",
        }
      }
      success={false}
      textAlternative={false}
      textDefault={false}
      underline={false}
      upper={false}
      warning={false}
    />
  </View>
</View>
`;
