// Jest Snapshot v1, https://goo.gl/fbAQLP

exports[`ButtonPill should render correctly 1`] = `
<View
  accessibilityState={
    {
      "busy": undefined,
      "checked": undefined,
      "disabled": false,
      "expanded": undefined,
      "selected": undefined,
    }
  }
  accessibilityValue={
    {
      "max": undefined,
      "min": undefined,
      "now": undefined,
      "text": undefined,
    }
  }
  accessible={true}
  collapsable={false}
  focusable={true}
  onClick={[Function]}
  onResponderGrant={[Function]}
  onResponderMove={[Function]}
  onResponderRelease={[Function]}
  onResponderTerminate={[Function]}
  onResponderTerminationRequest={[Function]}
  onStartShouldSetResponder={[Function]}
  style={
    {
      "alignItems": "center",
      "backgroundColor": "#f3f5f9",
      "borderRadius": 99,
      "color": "#121314",
      "justifyContent": "center",
      "opacity": 1,
      "paddingHorizontal": 8,
      "paddingVertical": 4,
    }
  }
/>
`;
