// Jest Snapshot v1, https://goo.gl/fbAQLP

exports[`MessageSign should render correctly 1`] = `
<View
  style={
    Object {
      "backgroundColor": "#FFFFFF",
      "borderTopLeftRadius": 20,
      "borderTopRightRadius": 20,
      "minHeight": "75%",
      "paddingBottom": 20,
    }
  }
>
  <Connect(SignatureRequest)
    currentPageInformation={
      Object {
        "title": "title",
        "url": "url",
      }
    }
    onCancel={[Function]}
    onConfirm={[Function]}
    shouldRenderArrow={false}
    showExpandedMessage={false}
    showWarning={true}
    toggleExpandedMessage={[Function]}
    type="ethSign"
  >
    <View
      style={
        Object {
          "alignItems": "flex-start",
          "flexDirection": "column",
          "width": "75%",
        }
      }
    >
      <Text
        style={
          Object {
            "fontFamily": "CircularStd-Medium",
            "fontSize": 16,
            "fontWeight": "600",
            "marginBottom": 5,
          }
        }
      >
        Message
      </Text>
      <Text
        onTextLayout={[Function]}
      >
        message
      </Text>
    </View>
  </Connect(SignatureRequest)>
</View>
`;
